117.143.7.228 - - [23/Oct/2020:10:04:29 +0800] "GET /agent/ HTTP/1.1" 302 0 "http://mall.tlpara.cn/home/" "Mozilla/5.0 (iPhone; CPU iPhone OS 14_0 like Mac OS X) AppleWebKit/605.1.15 (KHTML, like Gecko) Mobile/15E148 MicroMessenger/7.0.14(0x17000e2e) NetType/WIFI Language/zh_CN" "-" 0.003 0.004
117.143.7.228 - - [23/Oct/2020:10:04:29 +0800] "GET /agent/center HTTP/1.1" 200 3238 "http://mall.tlpara.cn/home/" "Mozilla/5.0 (iPhone; CPU iPhone OS 14_0 like Mac OS X) AppleWebKit/605.1.15 (KHTML, like Gecko) Mobile/15E148 MicroMessenger/7.0.14(0x17000e2e) NetType/WIFI Language/zh_CN" "-" 0.086 0.085
60.177.62.208 - - [23/Oct/2020:10:04:29 +0800] "GET /acc/transfer/getByLong?search=https://f2s.pub/100146136516 HTTP/1.1" 200 63 "http://manage.tlpara.cn/acc/transfer" "Mozilla/5.0 (Windows NT 10.0; Win64; x64) AppleWebKit/537.36 (KHTML, like Gecko) Chrome/75.0.3770.142 Safari/537.36" "-" 0.043 0.044
60.177.62.208 - - [23/Oct/2020:10:04:30 +0800] "GET /acc/transfer HTTP/1.1" 200 4049 "http://manage.tlpara.cn/acc/transfer" "Mozilla/5.0 (Windows NT 10.0; Win64; x64) AppleWebKit/537.36 (KHTML, like Gecko) Chrome/75.0.3770.142 Safari/537.36" "-" 0.004 0.004
117.143.7.228 - - [23/Oct/2020:10:04:30 +0800] "GET /js/jsConfig?url=http%3A%2F%2Fmall.tlpara.cn%2Fagent%2Fcenter&timestamp=1603418669&nonceStr=32a051b6c8bdd8 HTTP/1.1" 200 233 "http://mall.tlpara.cn/agent/center" "Mozilla/5.0 (iPhone; CPU iPhone OS 14_0 like Mac OS X) AppleWebKit/605.1.15 (KHTML, like Gecko) Mobile/15E148 MicroMessenger/7.0.14(0x17000e2e) NetType/WIFI Language/zh_CN" "-" 0.002 0.001
60.177.62.208 - - [23/Oct/2020:10:04:30 +0800] "GET /acc/transfer-search/page?limitSize=10&limitStart=0&_=1603418671097 HTTP/1.1" 200 416 "http://manage.tlpara.cn/acc/transfer" "Mozilla/5.0 (Windows NT 10.0; Win64; x64) AppleWebKit/537.36 (KHTML, like Gecko) Chrome/75.0.3770.142 Safari/537.36" "-" 0.019 0.019
112.24.203.57 - - [23/Oct/2020:10:04:30 +0800] "GET /agent/valid/balance/110000 HTTP/1.1" 200 35 "http://mall.tlpara.cn/agent/purchase/confirm" "Mozilla/5.0 (Linux; Android 10; ELE-AL00 Build/HUAWEIELE-AL00; wv) AppleWebKit/537.36 (KHTML, like Gecko) Version/4.0 Chrome/78.0.3904.62 XWEB/2691 MMWEBSDK/200901 Mobile Safari/537.36 MMWEBID/1836 MicroMessenger/7.0.19.1760(0x27001353) Process/toolsmp WeChat/arm64 NetType/WIFI Language/zh_CN ABI/arm64" "-" 0.012 0.013
112.24.203.57 - - [23/Oct/2020:10:04:30 +0800] "GET /agent/exists-password HTTP/1.1" 200 36 "http://mall.tlpara.cn/agent/purchase/confirm" "Mozilla/5.0 (Linux; Android 10; ELE-AL00 Build/HUAWEIELE-AL00; wv) AppleWebKit/537.36 (KHTML, like Gecko) Version/4.0 Chrome/78.0.3904.62 XWEB/2691 MMWEBSDK/200901 Mobile Safari/537.36 MMWEBID/1836 MicroMessenger/7.0.19.1760(0x27001353) Process/toolsmp WeChat/arm64 NetType/WIFI Language/zh_CN ABI/arm64" "-" 0.003 0.004
101.91.60.104 - - [23/Oct/2020:10:04:30 +0800] "GET /agent/lowerlevel/purchase?doneNode=1 HTTP/1.1" 302 0 "-" "Mozilla/5.0 (iPhone; CPU iPhone OS 10_2_1 like Mac OS X) AppleWebKit/602.4.6 (KHTML, like Gecko) Mobile/14D27 MicroMessenger/6.5.5 NetType/WIFI Language/en" "-" 0.001 0.000
101.91.62.65 - - [23/Oct/2020:10:04:31 +0800] "GET /assets/dist/js/components/back-to-top.js?t=0.1.164 HTTP/1.1" 200 255 "http://mall.tlpara.cn/home/product-list?classifyDirectoryIds=5335515037499392,5335514813480960" "Mozilla/5.0 (Linux; Android 6.0.1; OPPO R9s Build/MMB29M) AppleWebKit/537.36 (KHTML, like Gecko) Version/4.0 Chrome/37.0.0.0 Mobile MQQBrowser/6.9 TBS/036906 Safari/537.36 MicroMessenger/6.5.4.1000 NetType/4G Language/zh_CN" "-" 0.000 -
171.223.175.85 - - [23/Oct/2020:10:04:31 +0800] "GET /agent/check?il=5317863950761984&iid=5347401986490368 HTTP/1.1" 302 0 "-" "Mozilla/5.0 (Linux; Android 10; YAL-AL50 Build/HUAWEIYAL-AL50; wv) AppleWebKit/537.36 (KHTML, like Gecko) Version/4.0 Chrome/78.0.3904.62 XWEB/2691 MMWEBSDK/200901 Mobile Safari/537.36 MMWEBID/893 MicroMessenger/7.0.19.1760(0x27001353) Process/toolsmp WeChat/arm64 NetType/WIFI Language/zh_CN ABI/arm64" "-" 0.011 0.012
171.223.175.85 - - [23/Oct/2020:10:04:31 +0800] "GET /agent/voucher HTTP/1.1" 200 1834 "-" "Mozilla/5.0 (Linux; Android 10; YAL-AL50 Build/HUAWEIYAL-AL50; wv) AppleWebKit/537.36 (KHTML, like Gecko) Version/4.0 Chrome/78.0.3904.62 XWEB/2691 MMWEBSDK/200901 Mobile Safari/537.36 MMWEBID/893 MicroMessenger/7.0.19.1760(0x27001353) Process/toolsmp WeChat/arm64 NetType/WIFI Language/zh_CN ABI/arm64" "-" 0.021 0.021
49.78.203.193 - - [23/Oct/2020:10:04:31 +0800] "GET /agent/ HTTP/1.1" 302 0 "http://mall.tlpara.cn/home/" "Mozilla/5.0 (iPhone; CPU iPhone OS 13_6 like Mac OS X) AppleWebKit/605.1.15 (KHTML, like Gecko) Mobile/15E148 MicroMessenger/7.0.17(0x17001127) NetType/4G Language/zh_CN" "-" 0.002 0.003
171.223.175.85 - - [23/Oct/2020:10:04:31 +0800] "GET /js/jsConfig?url=http%3A%2F%2Fmall.tlpara.cn%2Fagent%2Fvoucher&timestamp=1603418671&nonceStr=0e6776147f634 HTTP/1.1" 200 232 "http://mall.tlpara.cn/agent/voucher" "Mozilla/5.0 (Linux; Android 10; YAL-AL50 Build/HUAWEIYAL-AL50; wv) AppleWebKit/537.36 (KHTML, like Gecko) Version/4.0 Chrome/78.0.3904.62 XWEB/2691 MMWEBSDK/200901 Mobile Safari/537.36 MMWEBID/893 MicroMessenger/7.0.19.1760(0x27001353) Process/toolsmp WeChat/arm64 NetType/WIFI Language/zh_CN ABI/arm64" "-" 0.002 0.002
49.78.203.193 - - [23/Oct/2020:10:04:31 +0800] "GET /agent/center HTTP/1.1" 200 3247 "http://mall.tlpara.cn/home/" "Mozilla/5.0 (iPhone; CPU iPhone OS 13_6 like Mac OS X) AppleWebKit/605.1.15 (KHTML, like Gecko) Mobile/15E148 MicroMessenger/7.0.17(0x17001127) NetType/4G Language/zh_CN" "-" 0.090 0.089
49.78.203.193 - - [23/Oct/2020:10:04:31 +0800] "GET /js/jsConfig?url=http%3A%2F%2Fmall.tlpara.cn%2Fagent%2Fcenter&timestamp=1603418671&nonceStr=2edb0570dfb448 HTTP/1.1" 200 232 "http://mall.tlpara.cn/agent/center" "Mozilla/5.0 (iPhone; CPU iPhone OS 13_6 like Mac OS X) AppleWebKit/605.1.15 (KHTML, like Gecko) Mobile/15E148 MicroMessenger/7.0.17(0x17001127) NetType/4G Language/zh_CN" "-" 0.002 0.001
117.143.7.228 - - [23/Oct/2020:10:04:33 +0800] "GET /agent/recharge HTTP/1.1" 200 2214 "http://mall.tlpara.cn/agent/center" "Mozilla/5.0 (iPhone; CPU iPhone OS 14_0 like Mac OS X) AppleWebKit/605.1.15 (KHTML, like Gecko) Mobile/15E148 MicroMessenger/7.0.14(0x17000e2e) NetType/WIFI Language/zh_CN" "-" 0.024 0.025
117.143.7.228 - - [23/Oct/2020:10:04:33 +0800] "GET /js/jsConfig?url=http%3A%2F%2Fmall.tlpara.cn%2Fagent%2Frecharge&timestamp=1603418673&nonceStr=35d352b0fd0b3 HTTP/1.1" 200 233 "http://mall.tlpara.cn/agent/recharge" "Mozilla/5.0 (iPhone; CPU iPhone OS 14_0 like Mac OS X) AppleWebKit/605.1.15 (KHTML, like Gecko) Mobile/15E148 MicroMessenger/7.0.14(0x17000e2e) NetType/WIFI Language/zh_CN" "-" 0.002 0.002
49.78.203.193 - - [23/Oct/2020:10:04:34 +0800] "GET /agent/purchase/list?type=2 HTTP/1.1" 200 14666 "http://mall.tlpara.cn/agent/center" "Mozilla/5.0 (iPhone; CPU iPhone OS 13_6 like Mac OS X) AppleWebKit/605.1.15 (KHTML, like Gecko) Mobile/15E148 MicroMessenger/7.0.17(0x17001127) NetType/4G Language/zh_CN" "-" 0.199 0.199
49.78.203.193 - - [23/Oct/2020:10:04:34 +0800] "GET /js/jsConfig?url=http%3A%2F%2Fmall.tlpara.cn%2Fagent%2Fpurchase%2Flist%3Ftype%3D2&timestamp=1603418674&nonceStr=b2f761638e99d HTTP/1.1" 200 233 "http://mall.tlpara.cn/agent/purchase/list?type=2" "Mozilla/5.0 (iPhone; CPU iPhone OS 13_6 like Mac OS X) AppleWebKit/605.1.15 (KHTML, like Gecko) Mobile/15E148 MicroMessenger/7.0.17(0x17001127) NetType/4G Language/zh_CN" "-" 0.001 0.002
117.143.7.228 - - [23/Oct/2020:10:04:35 +0800] "GET /agent/recharge/examine HTTP/1.1" 200 2426 "http://mall.tlpara.cn/agent/recharge" "Mozilla/5.0 (iPhone; CPU iPhone OS 14_0 like Mac OS X) AppleWebKit/605.1.15 (KHTML, like Gecko) Mobile/15E148 MicroMessenger/7.0.14(0x17000e2e) NetType/WIFI Language/zh_CN" "-" 0.015 0.015
117.143.7.228 - - [23/Oct/2020:10:04:35 +0800] "GET /js/jsConfig?url=http%3A%2F%2Fmall.tlpara.cn%2Fagent%2Frecharge%2Fexamine&timestamp=1603418675&nonceStr=fefd3c7da8e808 HTTP/1.1" 200 231 "http://mall.tlpara.cn/agent/recharge/examine" "Mozilla/5.0 (iPhone; CPU iPhone OS 14_0 like Mac OS X) AppleWebKit/605.1.15 (KHTML, like Gecko) Mobile/15E148 MicroMessenger/7.0.14(0x17000e2e) NetType/WIFI Language/zh_CN" "-" 0.001 0.001
117.143.7.228 - - [23/Oct/2020:10:04:35 +0800] "GET /assets/dist/js/agent/re.js?t=0.1.164 HTTP/1.1" 200 2187 "http://mall.tlpara.cn/agent/recharge/examine" "Mozilla/5.0 (iPhone; CPU iPhone OS 14_0 like Mac OS X) AppleWebKit/605.1.15 (KHTML, like Gecko) Mobile/15E148 MicroMessenger/7.0.14(0x17000e2e) NetType/WIFI Language/zh_CN" "-" 0.000 -
117.143.7.228 - - [23/Oct/2020:10:04:36 +0800] "GET /agent/recharge/log HTTP/1.1" 200 3024 "http://mall.tlpara.cn/agent/recharge/examine" "Mozilla/5.0 (iPhone; CPU iPhone OS 14_0 like Mac OS X) AppleWebKit/605.1.15 (KHTML, like Gecko) Mobile/15E148 MicroMessenger/7.0.14(0x17000e2e) NetType/WIFI Language/zh_CN" "-" 0.025 0.025
117.143.7.228 - - [23/Oct/2020:10:04:36 +0800] "GET /js/jsConfig?url=http%3A%2F%2Fmall.tlpara.cn%2Fagent%2Frecharge%2Flog&timestamp=1603418676&nonceStr=2ff74ccd454d98 HTTP/1.1" 200 231 "http://mall.tlpara.cn/agent/recharge/log" "Mozilla/5.0 (iPhone; CPU iPhone OS 14_0 like Mac OS X) AppleWebKit/605.1.15 (KHTML, like Gecko) Mobile/15E148 MicroMessenger/7.0.14(0x17000e2e) NetType/WIFI Language/zh_CN" "-" 0.001 0.001
36.152.23.226 - - [23/Oct/2020:10:04:36 +0800] "GET /js/jsConfig?url=http%3A%2F%2Fmall.tlpara.cn%2Fhome%2F&timestamp=1603418674&nonceStr=78eb7663da42e HTTP/1.1" 200 232 "http://mall.tlpara.cn/home/" "Mozilla/5.0 (Linux; Android 10; Redmi K30 5G Build/QKQ1.191222.002; wv) AppleWebKit/537.36 (KHTML, like Gecko) Version/4.0 Chrome/77.0.3865.120 MQQBrowser/6.2 TBS/045409 Mobile Safari/537.36 MMWEBID/6501 MicroMessenger/7.0.19.1760(0x27001353) Process/tools WeChat/arm64 NetType/WIFI Language/zh_CN ABI/arm64" "-" 0.001 0.002
112.24.203.57 - - [23/Oct/2020:10:04:36 +0800] "POST /agent/valid-password HTTP/1.1" 200 69 "http://mall.tlpara.cn/agent/purchase/confirm" "Mozilla/5.0 (Linux; Android 10; ELE-AL00 Build/HUAWEIELE-AL00; wv) AppleWebKit/537.36 (KHTML, like Gecko) Version/4.0 Chrome/78.0.3904.62 XWEB/2691 MMWEBSDK/200901 Mobile Safari/537.36 MMWEBID/1836 MicroMessenger/7.0.19.1760(0x27001353) Process/toolsmp WeChat/arm64 NetType/WIFI Language/zh_CN ABI/arm64" "-" 0.005 0.005
112.24.203.57 - - [23/Oct/2020:10:04:36 +0800] "POST /trade/loan/pay HTTP/1.1" 200 63 "http://mall.tlpara.cn/agent/purchase/confirm" "Mozilla/5.0 (Linux; Android 10; ELE-AL00 Build/HUAWEIELE-AL00; wv) AppleWebKit/537.36 (KHTML, like Gecko) Version/4.0 Chrome/78.0.3904.62 XWEB/2691 MMWEBSDK/200901 Mobile Safari/537.36 MMWEBID/1836 MicroMessenger/7.0.19.1760(0x27001353) Process/toolsmp WeChat/arm64 NetType/WIFI Language/zh_CN ABI/arm64" "-" 0.150 0.145
112.24.203.57 - - [23/Oct/2020:10:04:37 +0800] "GET /agent/self/purchase HTTP/1.1" 200 4989 "http://mall.tlpara.cn/agent/purchase/confirm" "Mozilla/5.0 (Linux; Android 10; ELE-AL00 Build/HUAWEIELE-AL00; wv) AppleWebKit/537.36 (KHTML, like Gecko) Version/4.0 Chrome/78.0.3904.62 XWEB/2691 MMWEBSDK/200901 Mobile Safari/537.36 MMWEBID/1836 MicroMessenger/7.0.19.1760(0x27001353) Process/toolsmp WeChat/arm64 NetType/WIFI Language/zh_CN ABI/arm64" "-" 0.306 0.306
112.24.203.57 - - [23/Oct/2020:10:04:37 +0800] "GET /assets/dist/js/agent/sp.js?t=0.1.164 HTTP/1.1" 200 2163 "http://mall.tlpara.cn/agent/self/purchase" "Mozilla/5.0 (Linux; Android 10; ELE-AL00 Build/HUAWEIELE-AL00; wv) AppleWebKit/537.36 (KHTML, like Gecko) Version/4.0 Chrome/78.0.3904.62 XWEB/2691 MMWEBSDK/200901 Mobile Safari/537.36 MMWEBID/1836 MicroMessenger/7.0.19.1760(0x27001353) Process/toolsmp WeChat/arm64 NetType/WIFI Language/zh_CN ABI/arm64" "-" 0.000 -
112.24.203.57 - - [23/Oct/2020:10:04:37 +0800] "GET /js/jsConfig?url=http%3A%2F%2Fmall.tlpara.cn%2Fagent%2Fself%2Fpurchase&timestamp=1603418678&nonceStr=6fd7551687a15 HTTP/1.1" 200 231 "http://mall.tlpara.cn/agent/self/purchase" "Mozilla/5.0 (Linux; Android 10; ELE-AL00 Build/HUAWEIELE-AL00; wv) AppleWebKit/537.36 (KHTML, like Gecko) Version/4.0 Chrome/78.0.3904.62 XWEB/2691 MMWEBSDK/200901 Mobile Safari/537.36 MMWEBID/1836 MicroMessenger/7.0.19.1760(0x27001353) Process/toolsmp WeChat/arm64 NetType/WIFI Language/zh_CN ABI/arm64" "-" 0.001 0.002
101.91.60.104 - - [23/Oct/2020:10:04:38 +0800] "GET /login/phone?rd=%2Fagent%2Flowerlevel%2Fpurchase%3FdoneNode%3D1 HTTP/1.1" 200 5358 "http://mall.tlpara.cn/agent/lowerlevel/purchase?doneNode=1" "Mozilla/5.0 (iPhone; CPU iPhone OS 10_2_1 like Mac OS X) AppleWebKit/602.4.6 (KHTML, like Gecko) Mobile/14D27 MicroMessenger/6.5.5 NetType/WIFI Language/en" "-" 0.002 0.002
60.177.62.208 - - [23/Oct/2020:10:04:39 +0800] "GET /agent/search/%E7%BC%AA%E5%AD%9C%E4%B8%80 HTTP/1.1" 200 747 "http://manage.tlpara.cn/acc/transfer" "Mozilla/5.0 (Windows NT 10.0; Win64; x64) AppleWebKit/537.36 (KHTML, like Gecko) Chrome/75.0.3770.142 Safari/537.36" "-" 0.021 0.020
171.223.175.85 - - [23/Oct/2020:10:04:40 +0800] "GET /agent/center HTTP/1.1" 302 0 "-" "Mozilla/5.0 (Linux; Android 10; YAL-AL50 Build/HUAWEIYAL-AL50; wv) AppleWebKit/537.36 (KHTML, like Gecko) Version/4.0 Chrome/78.0.3904.62 XWEB/2691 MMWEBSDK/200901 Mobile Safari/537.36 MMWEBID/893 MicroMessenger/7.0.19.1760(0x27001353) Process/toolsmp WeChat/arm64 NetType/WIFI Language/zh_CN ABI/arm64" "-" 0.008 0.008
171.223.175.85 - - [23/Oct/2020:10:04:40 +0800] "GET /agent/check HTTP/1.1" 302 0 "-" "Mozilla/5.0 (Linux; Android 10; YAL-AL50 Build/HUAWEIYAL-AL50; wv) AppleWebKit/537.36 (KHTML, like Gecko) Version/4.0 Chrome/78.0.3904.62 XWEB/2691 MMWEBSDK/200901 Mobile Safari/537.36 MMWEBID/893 MicroMessenger/7.0.19.1760(0x27001353) Process/toolsmp WeChat/arm64 NetType/WIFI Language/zh_CN ABI/arm64" "-" 0.010 0.011
171.223.175.85 - - [23/Oct/2020:10:04:40 +0800] "GET /agent/voucher HTTP/1.1" 200 1834 "-" "Mozilla/5.0 (Linux; Android 10; YAL-AL50 Build/HUAWEIYAL-AL50; wv) AppleWebKit/537.36 (KHTML, like Gecko) Version/4.0 Chrome/78.0.3904.62 XWEB/2691 MMWEBSDK/200901 Mobile Safari/537.36 MMWEBID/893 MicroMessenger/7.0.19.1760(0x27001353) Process/toolsmp WeChat/arm64 NetType/WIFI Language/zh_CN ABI/arm64" "-" 0.023 0.024
60.177.62.208 - - [23/Oct/2020:10:04:40 +0800] "POST /acc/list/transfer-batch HTTP/1.1" 200 63 "http://manage.tlpara.cn/acc/transfer" "Mozilla/5.0 (Windows NT 10.0; Win64; x64) AppleWebKit/537.36 (KHTML, like Gecko) Chrome/75.0.3770.142 Safari/537.36" "-" 0.028 0.029
60.177.62.208 - - [23/Oct/2020:10:04:40 +0800] "GET /acc/transfer-search/page?limitSize=10&limitStart=0&_=1603418671098 HTTP/1.1" 200 417 "http://manage.tlpara.cn/acc/transfer" "Mozilla/5.0 (Windows NT 10.0; Win64; x64) AppleWebKit/537.36 (KHTML, like Gecko) Chrome/75.0.3770.142 Safari/537.36" "-" 0.018 0.019
171.223.175.85 - - [23/Oct/2020:10:04:40 +0800] "GET /js/jsConfig?url=http%3A%2F%2Fmall.tlpara.cn%2Fagent%2Fvoucher&timestamp=1603418681&nonceStr=ecb187f2fbacc HTTP/1.1" 200 233 "http://mall.tlpara.cn/agent/voucher" "Mozilla/5.0 (Linux; Android 10; YAL-AL50 Build/HUAWEIYAL-AL50; wv) AppleWebKit/537.36 (KHTML, like Gecko) Version/4.0 Chrome/78.0.3904.62 XWEB/2691 MMWEBSDK/200901 Mobile Safari/537.36 MMWEBID/893 MicroMessenger/7.0.19.1760(0x27001353) Process/toolsmp WeChat/arm64 NetType/WIFI Language/zh_CN ABI/arm64" "-" 0.002 0.001
61.151.178.197 - - [23/Oct/2020:10:04:41 +0800] "GET /assets/dist/js/valid_cus.js?t=0.039999371072551027 HTTP/1.1" 200 3945 "http://manage.tlpara.cn:80/login" "Mozilla/5.0 (Windows NT 6.1; WOW64) AppleWebKit/537.36 (KHTML, like Gecko) Chrome/45.0.2454.101 Safari/537.36" "-" 0.000 -
60.177.62.208 - - [23/Oct/2020:10:04:43 +0800] "GET /acc/transfer-search/clear HTTP/1.1" 200 63 "http://manage.tlpara.cn/acc/transfer" "Mozilla/5.0 (Windows NT 10.0; Win64; x64) AppleWebKit/537.36 (KHTML, like Gecko) Chrome/75.0.3770.142 Safari/537.36" "-" 0.005 0.005
60.177.62.208 - - [23/Oct/2020:10:04:43 +0800] "GET /acc/transfer HTTP/1.1" 200 4049 "http://manage.tlpara.cn/acc/transfer" "Mozilla/5.0 (Windows NT 10.0; Win64; x64) AppleWebKit/537.36 (KHTML, like Gecko) Chrome/75.0.3770.142 Safari/537.36" "-" 0.005 0.004
60.177.62.208 - - [23/Oct/2020:10:04:43 +0800] "GET /acc/transfer-search/page?limitSize=10&limitStart=0&_=1603418684299 HTTP/1.1" 200 52 "http://manage.tlpara.cn/acc/transfer" "Mozilla/5.0 (Windows NT 10.0; Win64; x64) AppleWebKit/537.36 (KHTML, like Gecko) Chrome/75.0.3770.142 Safari/537.36" "-" 0.003 0.003
49.78.203.193 - - [23/Oct/2020:10:04:45 +0800] "POST /cart/purchase HTTP/1.1" 200 41 "http://mall.tlpara.cn/agent/purchase/list?type=2" "Mozilla/5.0 (iPhone; CPU iPhone OS 13_6 like Mac OS X) AppleWebKit/605.1.15 (KHTML, like Gecko) Mobile/15E148 MicroMessenger/7.0.17(0x17001127) NetType/4G Language/zh_CN" "-" 0.019 0.012
49.78.203.193 - - [23/Oct/2020:10:04:45 +0800] "POST /cart/purchase HTTP/1.1" 200 41 "http://mall.tlpara.cn/agent/purchase/list?type=2" "Mozilla/5.0 (iPhone; CPU iPhone OS 13_6 like Mac OS X) AppleWebKit/605.1.15 (KHTML, like Gecko) Mobile/15E148 MicroMessenger/7.0.17(0x17001127) NetType/4G Language/zh_CN" "-" 0.009 0.010
171.223.175.85 - - [23/Oct/2020:10:04:45 +0800] "GET /agent/center HTTP/1.1" 302 0 "-" "Mozilla/5.0 (Linux; Android 10; YAL-AL50 Build/HUAWEIYAL-AL50; wv) AppleWebKit/537.36 (KHTML, like Gecko) Version/4.0 Chrome/78.0.3904.62 XWEB/2691 MMWEBSDK/200901 Mobile Safari/537.36 MMWEBID/893 MicroMessenger/7.0.19.1760(0x27001353) Process/toolsmp WeChat/arm64 NetType/WIFI Language/zh_CN ABI/arm64" "-" 0.007 0.007
171.223.175.85 - - [23/Oct/2020:10:04:45 +0800] "GET /agent/check HTTP/1.1" 302 0 "-" "Mozilla/5.0 (Linux; Android 10; YAL-AL50 Build/HUAWEIYAL-AL50; wv) AppleWebKit/537.36 (KHTML, like Gecko) Version/4.0 Chrome/78.0.3904.62 XWEB/2691 MMWEBSDK/200901 Mobile Safari/537.36 MMWEBID/893 MicroMessenger/7.0.19.1760(0x27001353) Process/toolsmp WeChat/arm64 NetType/WIFI Language/zh_CN ABI/arm64" "-" 0.012 0.012
125.118.112.194 - - [23/Oct/2020:10:04:45 +0800] "GET /home/task/page?limitSize=10&limitStart=0&type=-1&_=1603418635080 HTTP/1.1" 200 702 "http://manage.tlpara.cn/home/task" "Mozilla/5.0 (Windows NT 10.0; WOW64) AppleWebKit/537.36 (KHTML, like Gecko) Chrome/78.0.3904.108 Safari/537.36" "-" 0.005 0.006
171.223.175.85 - - [23/Oct/2020:10:04:45 +0800] "GET /agent/voucher HTTP/1.1" 200 1834 "-" "Mozilla/5.0 (Linux; Android 10; YAL-AL50 Build/HUAWEIYAL-AL50; wv) AppleWebKit/537.36 (KHTML, like Gecko) Version/4.0 Chrome/78.0.3904.62 XWEB/2691 MMWEBSDK/200901 Mobile Safari/537.36 MMWEBID/893 MicroMessenger/7.0.19.1760(0x27001353) Process/toolsmp WeChat/arm64 NetType/WIFI Language/zh_CN ABI/arm64" "-" 0.021 0.020
171.223.175.85 - - [23/Oct/2020:10:04:46 +0800] "GET /js/jsConfig?url=http%3A%2F%2Fmall.tlpara.cn%2Fagent%2Fvoucher&timestamp=1603418686&nonceStr=604c3a08d5d51 HTTP/1.1" 200 232 "http://mall.tlpara.cn/agent/voucher" "Mozilla/5.0 (Linux; Android 10; YAL-AL50 Build/HUAWEIYAL-AL50; wv) AppleWebKit/537.36 (KHTML, like Gecko) Version/4.0 Chrome/78.0.3904.62 XWEB/2691 MMWEBSDK/200901 Mobile Safari/537.36 MMWEBID/893 MicroMessenger/7.0.19.1760(0x27001353) Process/toolsmp WeChat/arm64 NetType/WIFI Language/zh_CN ABI/arm64" "-" 0.001 0.002
60.177.62.208 - - [23/Oct/2020:10:04:48 +0800] "GET /bill/product-code-bind?id=5587994555940864 HTTP/1.1" 200 4189 "http://manage.tlpara.cn/bill/purchase" "Mozilla/5.0 (Windows NT 10.0; Win64; x64) AppleWebKit/537.36 (KHTML, like Gecko) Chrome/75.0.3770.142 Safari/537.36" "-" 0.017 0.017
171.223.175.85 - - [23/Oct/2020:10:04:48 +0800] "GET /agent/voucher HTTP/1.1" 200 1834 "http://mall.tlpara.cn/agent/voucher" "Mozilla/5.0 (Linux; Android 10; YAL-AL50 Build/HUAWEIYAL-AL50; wv) AppleWebKit/537.36 (KHTML, like Gecko) Version/4.0 Chrome/78.0.3904.62 XWEB/2691 MMWEBSDK/200901 Mobile Safari/537.36 MMWEBID/893 MicroMessenger/7.0.19.1760(0x27001353) Process/toolsmp WeChat/arm64 NetType/WIFI Language/zh_CN ABI/arm64" "-" 0.021 0.022
171.223.175.85 - - [23/Oct/2020:10:04:48 +0800] "GET /js/jsConfig?url=http%3A%2F%2Fmall.tlpara.cn%2Fagent%2Fvoucher&timestamp=1603418689&nonceStr=44a2bcbaa693a HTTP/1.1" 200 232 "http://mall.tlpara.cn/agent/voucher" "Mozilla/5.0 (Linux; Android 10; YAL-AL50 Build/HUAWEIYAL-AL50; wv) AppleWebKit/537.36 (KHTML, like Gecko) Version/4.0 Chrome/78.0.3904.62 XWEB/2691 MMWEBSDK/200901 Mobile Safari/537.36 MMWEBID/893 MicroMessenger/7.0.19.1760(0x27001353) Process/toolsmp WeChat/arm64 NetType/WIFI Language/zh_CN ABI/arm64" "-" 0.001 0.002
171.223.175.85 - - [23/Oct/2020:10:04:49 +0800] "GET /agent/voucher HTTP/1.1" 200 1834 "http://mall.tlpara.cn/agent/voucher" "Mozilla/5.0 (Linux; Android 10; YAL-AL50 Build/HUAWEIYAL-AL50; wv) AppleWebKit/537.36 (KHTML, like Gecko) Version/4.0 Chrome/78.0.3904.62 XWEB/2691 MMWEBSDK/200901 Mobile Safari/537.36 MMWEBID/893 MicroMessenger/7.0.19.1760(0x27001353) Process/toolsmp WeChat/arm64 NetType/WIFI Language/zh_CN ABI/arm64" "-" 0.022 0.021
171.223.175.85 - - [23/Oct/2020:10:04:49 +0800] "GET /js/jsConfig?url=http%3A%2F%2Fmall.tlpara.cn%2Fagent%2Fvoucher&timestamp=1603418689&nonceStr=65a3f8bcddb93 HTTP/1.1" 200 231 "http://mall.tlpara.cn/agent/voucher" "Mozilla/5.0 (Linux; Android 10; YAL-AL50 Build/HUAWEIYAL-AL50; wv) AppleWebKit/537.36 (KHTML, like Gecko) Version/4.0 Chrome/78.0.3904.62 XWEB/2691 MMWEBSDK/200901 Mobile Safari/537.36 MMWEBID/893 MicroMessenger/7.0.19.1760(0x27001353) Process/toolsmp WeChat/arm64 NetType/WIFI Language/zh_CN ABI/arm64" "-" 0.001 0.002
101.91.62.65 - - [23/Oct/2020:10:04:50 +0800] "GET /assets/dist/js/home/product-list.js?t=0.1.164 HTTP/1.1" 200 1053 "http://mall.tlpara.cn/home/product-list?classifyDirectoryIds=5335515037499392,5335514813480960" "Mozilla/5.0 (iPhone; CPU iPhone OS 10_2_1 like Mac OS X) AppleWebKit/602.4.6 (KHTML, like Gecko) Mobile/14D27 MicroMessenger/6.5.5 NetType/WIFI Language/zh_CN" "-" 0.000 -
171.223.175.85 - - [23/Oct/2020:10:04:50 +0800] "GET /agent/voucher HTTP/1.1" 200 1834 "http://mall.tlpara.cn/agent/voucher" "Mozilla/5.0 (Linux; Android 10; YAL-AL50 Build/HUAWEIYAL-AL50; wv) AppleWebKit/537.36 (KHTML, like Gecko) Version/4.0 Chrome/78.0.3904.62 XWEB/2691 MMWEBSDK/200901 Mobile Safari/537.36 MMWEBID/893 MicroMessenger/7.0.19.1760(0x27001353) Process/toolsmp WeChat/arm64 NetType/WIFI Language/zh_CN ABI/arm64" "-" 0.024 0.023
171.223.175.85 - - [23/Oct/2020:10:04:50 +0800] "GET /js/jsConfig?url=http%3A%2F%2Fmall.tlpara.cn%2Fagent%2Fvoucher&timestamp=1603418690&nonceStr=77d6e698e3cc HTTP/1.1" 200 230 "http://mall.tlpara.cn/agent/voucher" "Mozilla/5.0 (Linux; Android 10; YAL-AL50 Build/HUAWEIYAL-AL50; wv) AppleWebKit/537.36 (KHTML, like Gecko) Version/4.0 Chrome/78.0.3904.62 XWEB/2691 MMWEBSDK/200901 Mobile Safari/537.36 MMWEBID/893 MicroMessenger/7.0.19.1760(0x27001353) Process/toolsmp WeChat/arm64 NetType/WIFI Language/zh_CN ABI/arm64" "-" 0.002 0.000
171.223.175.85 - - [23/Oct/2020:10:04:50 +0800] "GET /agent/voucher HTTP/1.1" 200 1834 "http://mall.tlpara.cn/agent/voucher" "Mozilla/5.0 (Linux; Android 10; YAL-AL50 Build/HUAWEIYAL-AL50; wv) AppleWebKit/537.36 (KHTML, like Gecko) Version/4.0 Chrome/78.0.3904.62 XWEB/2691 MMWEBSDK/200901 Mobile Safari/537.36 MMWEBID/893 MicroMessenger/7.0.19.1760(0x27001353) Process/toolsmp WeChat/arm64 NetType/WIFI Language/zh_CN ABI/arm64" "-" 0.023 0.023
171.223.175.85 - - [23/Oct/2020:10:04:50 +0800] "GET /js/jsConfig?url=http%3A%2F%2Fmall.tlpara.cn%2Fagent%2Fvoucher&timestamp=1603418691&nonceStr=34915fdb9ebf8 HTTP/1.1" 200 233 "http://mall.tlpara.cn/agent/voucher" "Mozilla/5.0 (Linux; Android 10; YAL-AL50 Build/HUAWEIYAL-AL50; wv) AppleWebKit/537.36 (KHTML, like Gecko) Version/4.0 Chrome/78.0.3904.62 XWEB/2691 MMWEBSDK/200901 Mobile Safari/537.36 MMWEBID/893 MicroMessenger/7.0.19.1760(0x27001353) Process/toolsmp WeChat/arm64 NetType/WIFI Language/zh_CN ABI/arm64" "-" 0.001 0.001
171.223.175.85 - - [23/Oct/2020:10:04:51 +0800] "GET /agent/voucher HTTP/1.1" 200 1834 "http://mall.tlpara.cn/agent/voucher" "Mozilla/5.0 (Linux; Android 10; YAL-AL50 Build/HUAWEIYAL-AL50; wv) AppleWebKit/537.36 (KHTML, like Gecko) Version/4.0 Chrome/78.0.3904.62 XWEB/2691 MMWEBSDK/200901 Mobile Safari/537.36 MMWEBID/893 MicroMessenger/7.0.19.1760(0x27001353) Process/toolsmp WeChat/arm64 NetType/WIFI Language/zh_CN ABI/arm64" "-" 0.022 0.021
171.223.175.85 - - [23/Oct/2020:10:04:51 +0800] "GET /js/jsConfig?url=http%3A%2F%2Fmall.tlpara.cn%2Fagent%2Fvoucher&timestamp=1603418691&nonceStr=3c61a3f1c5776 HTTP/1.1" 200 233 "http://mall.tlpara.cn/agent/voucher" "Mozilla/5.0 (Linux; Android 10; YAL-AL50 Build/HUAWEIYAL-AL50; wv) AppleWebKit/537.36 (KHTML, like Gecko) Version/4.0 Chrome/78.0.3904.62 XWEB/2691 MMWEBSDK/200901 Mobile Safari/537.36 MMWEBID/893 MicroMessenger/7.0.19.1760(0x27001353) Process/toolsmp WeChat/arm64 NetType/WIFI Language/zh_CN ABI/arm64" "-" 0.001 0.000
171.223.175.85 - - [23/Oct/2020:10:04:51 +0800] "GET /agent/voucher HTTP/1.1" 200 1834 "http://mall.tlpara.cn/agent/voucher" "Mozilla/5.0 (Linux; Android 10; YAL-AL50 Build/HUAWEIYAL-AL50; wv) AppleWebKit/537.36 (KHTML, like Gecko) Version/4.0 Chrome/78.0.3904.62 XWEB/2691 MMWEBSDK/200901 Mobile Safari/537.36 MMWEBID/893 MicroMessenger/7.0.19.1760(0x27001353) Process/toolsmp WeChat/arm64 NetType/WIFI Language/zh_CN ABI/arm64" "-" 0.023 0.023
171.223.175.85 - - [23/Oct/2020:10:04:51 +0800] "GET /js/jsConfig?url=http%3A%2F%2Fmall.tlpara.cn%2Fagent%2Fvoucher&timestamp=1603418691&nonceStr=32411f9ff411d HTTP/1.1" 200 233 "http://mall.tlpara.cn/agent/voucher" "Mozilla/5.0 (Linux; Android 10; YAL-AL50 Build/HUAWEIYAL-AL50; wv) AppleWebKit/537.36 (KHTML, like Gecko) Version/4.0 Chrome/78.0.3904.62 XWEB/2691 MMWEBSDK/200901 Mobile Safari/537.36 MMWEBID/893 MicroMessenger/7.0.19.1760(0x27001353) Process/toolsmp WeChat/arm64 NetType/WIFI Language/zh_CN ABI/arm64" "-" 0.001 0.001
171.223.175.85 - - [23/Oct/2020:10:04:51 +0800] "GET /agent/voucher HTTP/1.1" 200 1834 "http://mall.tlpara.cn/agent/voucher" "Mozilla/5.0 (Linux; Android 10; YAL-AL50 Build/HUAWEIYAL-AL50; wv) AppleWebKit/537.36 (KHTML, like Gecko) Version/4.0 Chrome/78.0.3904.62 XWEB/2691 MMWEBSDK/200901 Mobile Safari/537.36 MMWEBID/893 MicroMessenger/7.0.19.1760(0x27001353) Process/toolsmp WeChat/arm64 NetType/WIFI Language/zh_CN ABI/arm64" "-" 0.022 0.022
171.223.175.85 - - [23/Oct/2020:10:04:51 +0800] "GET /js/jsConfig?url=http%3A%2F%2Fmall.tlpara.cn%2Fagent%2Fvoucher&timestamp=1603418691&nonceStr=8a1e8b4c42a68 HTTP/1.1" 200 231 "http://mall.tlpara.cn/agent/voucher" "Mozilla/5.0 (Linux; Android 10; YAL-AL50 Build/HUAWEIYAL-AL50; wv) AppleWebKit/537.36 (KHTML, like Gecko) Version/4.0 Chrome/78.0.3904.62 XWEB/2691 MMWEBSDK/200901 Mobile Safari/537.36 MMWEBID/893 MicroMessenger/7.0.19.1760(0x27001353) Process/toolsmp WeChat/arm64 NetType/WIFI Language/zh_CN ABI/arm64" "-" 0.001 0.002
171.223.175.85 - - [23/Oct/2020:10:04:51 +0800] "GET /agent/voucher HTTP/1.1" 200 1834 "http://mall.tlpara.cn/agent/voucher" "Mozilla/5.0 (Linux; Android 10; YAL-AL50 Build/HUAWEIYAL-AL50; wv) AppleWebKit/537.36 (KHTML, like Gecko) Version/4.0 Chrome/78.0.3904.62 XWEB/2691 MMWEBSDK/200901 Mobile Safari/537.36 MMWEBID/893 MicroMessenger/7.0.19.1760(0x27001353) Process/toolsmp WeChat/arm64 NetType/WIFI Language/zh_CN ABI/arm64" "-" 0.024 0.023
171.223.175.85 - - [23/Oct/2020:10:04:51 +0800] "GET /js/jsConfig?url=http%3A%2F%2Fmall.tlpara.cn%2Fagent%2Fvoucher&timestamp=1603418692&nonceStr=cfd1029a881fd HTTP/1.1" 200 232 "http://mall.tlpara.cn/agent/voucher" "Mozilla/5.0 (Linux; Android 10; YAL-AL50 Build/HUAWEIYAL-AL50; wv) AppleWebKit/537.36 (KHTML, like Gecko) Version/4.0 Chrome/78.0.3904.62 XWEB/2691 MMWEBSDK/200901 Mobile Safari/537.36 MMWEBID/893 MicroMessenger/7.0.19.1760(0x27001353) Process/toolsmp WeChat/arm64 NetType/WIFI Language/zh_CN ABI/arm64" "-" 0.001 0.001
60.177.62.208 - - [23/Oct/2020:10:04:51 +0800] "GET /bill/product-code-search?id=P68866184357745787755 HTTP/1.1" 200 121 "http://manage.tlpara.cn/bill/product-code-bind?id=5587994555940864" "Mozilla/5.0 (Windows NT 10.0; Win64; x64) AppleWebKit/537.36 (KHTML, like Gecko) Chrome/75.0.3770.142 Safari/537.36" "-" 0.006 0.005
49.78.203.193 - - [23/Oct/2020:10:04:52 +0800] "GET /agent/purchase/bill HTTP/1.1" 200 2024 "http://mall.tlpara.cn/agent/purchase/list?type=2" "Mozilla/5.0 (iPhone; CPU iPhone OS 13_6 like Mac OS X) AppleWebKit/605.1.15 (KHTML, like Gecko) Mobile/15E148 MicroMessenger/7.0.17(0x17001127) NetType/4G Language/zh_CN" "-" 0.026 0.026
49.78.203.193 - - [23/Oct/2020:10:04:52 +0800] "GET /js/jsConfig?url=http%3A%2F%2Fmall.tlpara.cn%2Fagent%2Fpurchase%2Fbill&timestamp=1603418692&nonceStr=07c155dfea0078 HTTP/1.1" 200 231 "http://mall.tlpara.cn/agent/purchase/bill" "Mozilla/5.0 (iPhone; CPU iPhone OS 13_6 like Mac OS X) AppleWebKit/605.1.15 (KHTML, like Gecko) Mobile/15E148 MicroMessenger/7.0.17(0x17001127) NetType/4G Language/zh_CN" "-" 0.002 0.001
49.78.203.193 - - [23/Oct/2020:10:04:52 +0800] "GET /assets/dist/js/agent/apb.js?t=0.1.164 HTTP/1.1" 200 3203 "http://mall.tlpara.cn/agent/purchase/bill" "Mozilla/5.0 (iPhone; CPU iPhone OS 13_6 like Mac OS X) AppleWebKit/605.1.15 (KHTML, like Gecko) Mobile/15E148 MicroMessenger/7.0.17(0x17001127) NetType/4G Language/zh_CN" "-" 0.000 -
49.80.105.98 - - [23/Oct/2020:10:04:53 +0800] "GET /agent/center HTTP/1.1" 200 3303 "-" "Mozilla/5.0 (iPhone; CPU iPhone OS 13_6 like Mac OS X) AppleWebKit/605.1.15 (KHTML, like Gecko) Mobile/15E148 MicroMessenger/7.0.17(0x17001127) NetType/4G Language/zh_CN" "-" 0.084 0.084
49.80.105.98 - - [23/Oct/2020:10:04:53 +0800] "GET /assets/dist/js/init.js?t=0.1.164 HTTP/1.1" 200 602 "http://mall.tlpara.cn/agent/center" "Mozilla/5.0 (iPhone; CPU iPhone OS 13_6 like Mac OS X) AppleWebKit/605.1.15 (KHTML, like Gecko) Mobile/15E148 MicroMessenger/7.0.17(0x17001127) NetType/4G Language/zh_CN" "-" 0.000 -
49.80.105.98 - - [23/Oct/2020:10:04:53 +0800] "GET /assets/dist/js/util/date_picker.js?t=0.1.164 HTTP/1.1" 200 2223 "http://mall.tlpara.cn/agent/center" "Mozilla/5.0 (iPhone; CPU iPhone OS 13_6 like Mac OS X) AppleWebKit/605.1.15 (KHTML, like Gecko) Mobile/15E148 MicroMessenger/7.0.17(0x17001127) NetType/4G Language/zh_CN" "-" 0.000 -
49.80.105.98 - - [23/Oct/2020:10:04:53 +0800] "GET /assets/dist/css/ganroft.min.css?t=0.1.164 HTTP/1.1" 200 41465 "http://mall.tlpara.cn/agent/center" "Mozilla/5.0 (iPhone; CPU iPhone OS 13_6 like Mac OS X) AppleWebKit/605.1.15 (KHTML, like Gecko) Mobile/15E148 MicroMessenger/7.0.17(0x17001127) NetType/4G Language/zh_CN" "-" 0.000 -
49.80.105.98 - - [23/Oct/2020:10:04:53 +0800] "GET /assets/dist/js/util/util.js?t=0.1.164 HTTP/1.1" 200 15780 "http://mall.tlpara.cn/agent/center" "Mozilla/5.0 (iPhone; CPU iPhone OS 13_6 like Mac OS X) AppleWebKit/605.1.15 (KHTML, like Gecko) Mobile/15E148 MicroMessenger/7.0.17(0x17001127) NetType/4G Language/zh_CN" "-" 0.000 -
49.80.105.98 - - [23/Oct/2020:10:04:53 +0800] "GET /assets/font/iconfont.css?t=0.1.164 HTTP/1.1" 200 28065 "http://mall.tlpara.cn/agent/center" "Mozilla/5.0 (iPhone; CPU iPhone OS 13_6 like Mac OS X) AppleWebKit/605.1.15 (KHTML, like Gecko) Mobile/15E148 MicroMessenger/7.0.17(0x17001127) NetType/4G Language/zh_CN" "-" 0.000 -
49.80.105.98 - - [23/Oct/2020:10:04:53 +0800] "GET /assets/dist/js/util/reg.js?t=0.1.164 HTTP/1.1" 200 157 "http://mall.tlpara.cn/agent/center" "Mozilla/5.0 (iPhone; CPU iPhone OS 13_6 like Mac OS X) AppleWebKit/605.1.15 (KHTML, like Gecko) Mobile/15E148 MicroMessenger/7.0.17(0x17001127) NetType/4G Language/zh_CN" "-" 0.000 -
49.80.105.98 - - [23/Oct/2020:10:04:53 +0800] "GET /assets/dist/js/mc/index.js?t=0.1.164 HTTP/1.1" 200 2155 "http://mall.tlpara.cn/agent/center" "Mozilla/5.0 (iPhone; CPU iPhone OS 13_6 like Mac OS X) AppleWebKit/605.1.15 (KHTML, like Gecko) Mobile/15E148 MicroMessenger/7.0.17(0x17001127) NetType/4G Language/zh_CN" "-" 0.000 -
49.80.105.98 - - [23/Oct/2020:10:04:53 +0800] "GET /assets/dist/img/a_c_bg.png HTTP/1.1" 200 22716 "http://mall.tlpara.cn/agent/center" "Mozilla/5.0 (iPhone; CPU iPhone OS 13_6 like Mac OS X) AppleWebKit/605.1.15 (KHTML, like Gecko) Mobile/15E148 MicroMessenger/7.0.17(0x17001127) NetType/4G Language/zh_CN" "-" 0.000 -
49.80.105.98 - - [23/Oct/2020:10:04:53 +0800] "GET /assets/dist/img/logo.jpg HTTP/1.1" 200 22411 "http://mall.tlpara.cn/agent/center" "Mozilla/5.0 (iPhone; CPU iPhone OS 13_6 like Mac OS X) AppleWebKit/605.1.15 (KHTML, like Gecko) Mobile/15E148 MicroMessenger/7.0.17(0x17001127) NetType/4G Language/zh_CN" "-" 0.000 -
61.151.178.197 - - [23/Oct/2020:10:04:53 +0800] "GET /assets/font/iconfont.js?t=0.1.164 HTTP/1.1" 200 212362 "http://mall.tlpara.cn:80/login/phone?rd=%2Fagent%2Fcheck%3Fil%3D5317863512588288%26iid%3D5381281090355200" "Mozilla/5.0 (Linux; Android 4.4.4; Coolpad Y82-520 Build/KTU84P) AppleWebKit/537.36 (KHTML, like Gecko) Version/4.0 Chrome/33.0.0.0 Mobile Safari/537.36 MicroMessenger/6.5.4.1000 NetType/4G Language/zh_CN" "-" 0.120 -
49.80.105.98 - - [23/Oct/2020:10:04:53 +0800] "GET /assets/font/iconfont.js?t=0.1.164 HTTP/1.1" 200 212362 "http://mall.tlpara.cn/agent/center" "Mozilla/5.0 (iPhone; CPU iPhone OS 13_6 like Mac OS X) AppleWebKit/605.1.15 (KHTML, like Gecko) Mobile/15E148 MicroMessenger/7.0.17(0x17001127) NetType/4G Language/zh_CN" "-" 0.322 -
49.80.105.98 - - [23/Oct/2020:10:04:53 +0800] "GET /js/jsConfig?url=http%3A%2F%2Fmall.tlpara.cn%2Fagent%2Fcenter&timestamp=1603418693&nonceStr=6a15d1517b00e HTTP/1.1" 200 232 "http://mall.tlpara.cn/agent/center" "Mozilla/5.0 (iPhone; CPU iPhone OS 13_6 like Mac OS X) AppleWebKit/605.1.15 (KHTML, like Gecko) Mobile/15E148 MicroMessenger/7.0.17(0x17001127) NetType/4G Language/zh_CN" "-" 0.001 0.001
49.80.105.98 - - [23/Oct/2020:10:04:53 +0800] "GET /assets/dist/img/a_c_vbg.png HTTP/1.1" 200 33410 "http://mall.tlpara.cn/agent/center" "Mozilla/5.0 (iPhone; CPU iPhone OS 13_6 like Mac OS X) AppleWebKit/605.1.15 (KHTML, like Gecko) Mobile/15E148 MicroMessenger/7.0.17(0x17001127) NetType/4G Language/zh_CN" "-" 0.000 -
60.177.62.208 - - [23/Oct/2020:10:04:54 +0800] "GET /bill/product-code-search?id=P68866184357745787764 HTTP/1.1" 200 121 "http://manage.tlpara.cn/bill/product-code-bind?id=5587994555940864" "Mozilla/5.0 (Windows NT 10.0; Win64; x64) AppleWebKit/537.36 (KHTML, like Gecko) Chrome/75.0.3770.142 Safari/537.36" "-" 0.006 0.005
60.177.62.208 - - [23/Oct/2020:10:04:56 +0800] "POST /bill/product-code-bind/5587994555940864/0 HTTP/1.1" 200 58 "http://manage.tlpara.cn/bill/product-code-bind?id=5587994555940864" "Mozilla/5.0 (Windows NT 10.0; Win64; x64) AppleWebKit/537.36 (KHTML, like Gecko) Chrome/75.0.3770.142 Safari/537.36" "-" 0.022 0.023
60.177.62.208 - - [23/Oct/2020:10:04:56 +0800] "GET /bill/product-code-bind?id=5587994555940864 HTTP/1.1" 200 3939 "http://manage.tlpara.cn/bill/product-code-bind?id=5587994555940864" "Mozilla/5.0 (Windows NT 10.0; Win64; x64) AppleWebKit/537.36 (KHTML, like Gecko) Chrome/75.0.3770.142 Safari/537.36" "-" 0.024 0.024
49.78.203.193 - - [23/Oct/2020:10:04:58 +0800] "GET /agent/purchase/stock/validate?productId%5B%5D=5503959373578240&productId%5B%5D=5503959373578240&quantity%5B%5D=1&quantity%5B%5D=1&skuGroupId%5B%5D=5503959569780736&skuGroupId%5B%5D=5503966488282112 HTTP/1.1" 200 63 "http://mall.tlpara.cn/agent/purchase/bill" "Mozilla/5.0 (iPhone; CPU iPhone OS 13_6 like Mac OS X) AppleWebKit/605.1.15 (KHTML, like Gecko) Mobile/15E148 MicroMessenger/7.0.17(0x17001127) NetType/4G Language/zh_CN" "-" 0.031 0.031
49.78.203.193 - - [23/Oct/2020:10:04:58 +0800] "GET /agent/purchase/qualified?quantity=2 HTTP/1.1" 200 41 "http://mall.tlpara.cn/agent/purchase/bill" "Mozilla/5.0 (iPhone; CPU iPhone OS 13_6 like Mac OS X) AppleWebKit/605.1.15 (KHTML, like Gecko) Mobile/15E148 MicroMessenger/7.0.17(0x17001127) NetType/4G Language/zh_CN" "-" 0.012 0.012
49.78.203.193 - - [23/Oct/2020:10:04:58 +0800] "GET /agent/purchase/confirm HTTP/1.1" 200 1388 "http://mall.tlpara.cn/agent/purchase/bill" "Mozilla/5.0 (iPhone; CPU iPhone OS 13_6 like Mac OS X) AppleWebKit/605.1.15 (KHTML, like Gecko) Mobile/15E148 MicroMessenger/7.0.17(0x17001127) NetType/4G Language/zh_CN" "-" 0.006 0.007
49.78.203.193 - - [23/Oct/2020:10:04:58 +0800] "GET /js/jsConfig?url=http%3A%2F%2Fmall.tlpara.cn%2Fagent%2Fpurchase%2Fconfirm&timestamp=1603418698&nonceStr=945d18ca1a2f7 HTTP/1.1" 200 232 "http://mall.tlpara.cn/agent/purchase/confirm" "Mozilla/5.0 (iPhone; CPU iPhone OS 13_6 like Mac OS X) AppleWebKit/605.1.15 (KHTML, like Gecko) Mobile/15E148 MicroMessenger/7.0.17(0x17001127) NetType/4G Language/zh_CN" "-" 0.001 0.000
49.78.203.193 - - [23/Oct/2020:10:04:59 +0800] "GET /assets/dist/js/agent/pbc.js?t=0.1.164 HTTP/1.1" 200 6301 "http://mall.tlpara.cn/agent/purchase/confirm" "Mozilla/5.0 (iPhone; CPU iPhone OS 13_6 like Mac OS X) AppleWebKit/605.1.15 (KHTML, like Gecko) Mobile/15E148 MicroMessenger/7.0.17(0x17001127) NetType/4G Language/zh_CN" "-" 0.000 -
49.78.203.193 - - [23/Oct/2020:10:04:59 +0800] "GET /agent/purchase/bill/ajax?type=8&addressId=0&productId%5B%5D=5503959373578240&productId%5B%5D=5503959373578240&quantity%5B%5D=1&quantity%5B%5D=1&skuGroupId%5B%5D=5503959569780736&skuGroupId%5B%5D=5503966488282112 HTTP/1.1" 200 2614 "http://mall.tlpara.cn/agent/purchase/confirm" "Mozilla/5.0 (iPhone; CPU iPhone OS 13_6 like Mac OS X) AppleWebKit/605.1.15 (KHTML, like Gecko) Mobile/15E148 MicroMessenger/7.0.17(0x17001127) NetType/4G Language/zh_CN" "-" 0.048 0.048
112.24.203.57 - - [23/Oct/2020:10:04:59 +0800] "GET /js/jsConfig?url=http%3A%2F%2Fmall.tlpara.cn%2Fagent%2Fpurchase%2Fbill&timestamp=1603418699&nonceStr=f946dbbb4e2e4 HTTP/1.1" 200 232 "http://mall.tlpara.cn/agent/purchase/bill" "Mozilla/5.0 (Linux; Android 10; ELE-AL00 Build/HUAWEIELE-AL00; wv) AppleWebKit/537.36 (KHTML, like Gecko) Version/4.0 Chrome/78.0.3904.62 XWEB/2691 MMWEBSDK/200901 Mobile Safari/537.36 MMWEBID/1836 MicroMessenger/7.0.19.1760(0x27001353) Process/toolsmp WeChat/arm64 NetType/WIFI Language/zh_CN ABI/arm64" "-" 0.002 0.001
49.78.203.193 - - [23/Oct/2020:10:04:59 +0800] "GET /assets/dist/img/top-bg.png HTTP/1.1" 200 12853 "http://mall.tlpara.cn/agent/purchase/confirm" "Mozilla/5.0 (iPhone; CPU iPhone OS 13_6 like Mac OS X) AppleWebKit/605.1.15 (KHTML, like Gecko) Mobile/15E148 MicroMessenger/7.0.17(0x17001127) NetType/4G Language/zh_CN" "-" 0.000 -
117.136.33.108 - - [23/Oct/2020:10:04:59 +0800] "GET / HTTP/1.1" 302 0 "-" "Mozilla/5.0 (iPhone; CPU iPhone OS 13_5_1 like Mac OS X) AppleWebKit/605.1.15 (KHTML, like Gecko) Mobile/15E148 MicroMessenger/7.0.14(0x17000e2e) NetType/4G Language/zh_CN" "-" 0.000 0.001
117.136.33.108 - - [23/Oct/2020:10:04:59 +0800] "GET /home/ HTTP/1.1" 200 4582 "-" "Mozilla/5.0 (iPhone; CPU iPhone OS 13_5_1 like Mac OS X) AppleWebKit/605.1.15 (KHTML, like Gecko) Mobile/15E148 MicroMessenger/7.0.14(0x17000e2e) NetType/4G Language/zh_CN" "-" 0.000 -
117.136.33.108 - - [23/Oct/2020:10:04:59 +0800] "GET /assets/dist/js/init.js?t=0.1.164 HTTP/1.1" 200 602 "http://mall.tlpara.cn/home/" "Mozilla/5.0 (iPhone; CPU iPhone OS 13_5_1 like Mac OS X) AppleWebKit/605.1.15 (KHTML, like Gecko) Mobile/15E148 MicroMessenger/7.0.14(0x17000e2e) NetType/4G Language/zh_CN" "-" 0.000 -
112.24.203.57 - - [23/Oct/2020:10:04:59 +0800] "GET /js/jsConfig?url=http%3A%2F%2Fmall.tlpara.cn%2Fagent%2Fpurchase%2Flist%3Ftype%3D2&timestamp=1603418700&nonceStr=d7d2a02102917 HTTP/1.1" 200 233 "http://mall.tlpara.cn/agent/purchase/list?type=2" "Mozilla/5.0 (Linux; Android 10; ELE-AL00 Build/HUAWEIELE-AL00; wv) AppleWebKit/537.36 (KHTML, like Gecko) Version/4.0 Chrome/78.0.3904.62 XWEB/2691 MMWEBSDK/200901 Mobile Safari/537.36 MMWEBID/1836 MicroMessenger/7.0.19.1760(0x27001353) Process/toolsmp WeChat/arm64 NetType/WIFI Language/zh_CN ABI/arm64" "-" 0.002 0.001
60.177.62.208 - - [23/Oct/2020:10:04:59 +0800] "GET /bill/all?limitSize=10&limitStart=0&search=&agentSearch=&orderBy=1&type=0&doneNode=22&mt=1&birthGe=&birthLt=&productId=37673&_=1603412402259 HTTP/1.1" 200 3700 "http://manage.tlpara.cn/bill/purchase" "Mozilla/5.0 (Windows NT 10.0; Win64; x64) AppleWebKit/537.36 (KHTML, like Gecko) Chrome/75.0.3770.142 Safari/537.36" "-" 0.594 0.593
117.136.33.108 - - [23/Oct/2020:10:04:59 +0800] "GET /js/jsConfig?url=http%3A%2F%2Fmall.tlpara.cn%2Fhome%2F&timestamp=1603418699&nonceStr=ca15735097f8e HTTP/1.1" 200 233 "http://mall.tlpara.cn/home/" "Mozilla/5.0 (iPhone; CPU iPhone OS 13_5_1 like Mac OS X) AppleWebKit/605.1.15 (KHTML, like Gecko) Mobile/15E148 MicroMessenger/7.0.14(0x17000e2e) NetType/4G Language/zh_CN" "-" 0.001 0.000
101.91.60.104 - - [23/Oct/2020:10:05:00 +0800] "GET /assets/dist/js/init.js?t=0.1.164 HTTP/1.1" 200 602 "http://mall.tlpara.cn:80/login/phone?rd=%2Fagent%2Flowerlevel%2Fpurchase%3FdoneNode%3D1" "Mozilla/5.0 (iPhone; CPU iPhone OS 10_2_1 like Mac OS X) AppleWebKit/602.4.6 (KHTML, like Gecko) Mobile/14D27 MicroMessenger/6.5.5 NetType/WIFI Language/zh_CN" "-" 0.000 -
112.24.203.57 - - [23/Oct/2020:10:05:00 +0800] "GET /js/jsConfig?url=http%3A%2F%2Fmall.tlpara.cn%2Fagent%2Fcenter&timestamp=1603418701&nonceStr=6d6e8db9cb6c HTTP/1.1" 200 232 "http://mall.tlpara.cn/agent/center" "Mozilla/5.0 (Linux; Android 10; ELE-AL00 Build/HUAWEIELE-AL00; wv) AppleWebKit/537.36 (KHTML, like Gecko) Version/4.0 Chrome/78.0.3904.62 XWEB/2691 MMWEBSDK/200901 Mobile Safari/537.36 MMWEBID/1836 MicroMessenger/7.0.19.1760(0x27001353) Process/toolsmp WeChat/arm64 NetType/WIFI Language/zh_CN ABI/arm64" "-" 0.001 0.001
60.177.62.208 - - [23/Oct/2020:10:05:01 +0800] "GET /bill/product-send-out/5587994555940864 HTTP/1.1" 200 4219 "http://manage.tlpara.cn/bill/purchase" "Mozilla/5.0 (Windows NT 10.0; Win64; x64) AppleWebKit/537.36 (KHTML, like Gecko) Chrome/75.0.3770.142 Safari/537.36" "-" 0.064 0.064
117.136.33.108 - - [23/Oct/2020:10:05:01 +0800] "GET /agent/ HTTP/1.1" 302 0 "http://mall.tlpara.cn/home/" "Mozilla/5.0 (iPhone; CPU iPhone OS 13_5_1 like Mac OS X) AppleWebKit/605.1.15 (KHTML, like Gecko) Mobile/15E148 MicroMessenger/7.0.14(0x17000e2e) NetType/4G Language/zh_CN" "-" 0.012 0.012
125.118.112.194 - - [23/Oct/2020:10:05:01 +0800] "GET /bill/purchase HTTP/1.1" 200 5211 "http://manage.tlpara.cn/home/task" "Mozilla/5.0 (Windows NT 10.0; WOW64) AppleWebKit/537.36 (KHTML, like Gecko) Chrome/78.0.3904.108 Safari/537.36" "-" 0.014 0.013
117.136.33.108 - - [23/Oct/2020:10:05:01 +0800] "GET /agent/center HTTP/1.1" 200 3358 "http://mall.tlpara.cn/home/" "Mozilla/5.0 (iPhone; CPU iPhone OS 13_5_1 like Mac OS X) AppleWebKit/605.1.15 (KHTML, like Gecko) Mobile/15E148 MicroMessenger/7.0.14(0x17000e2e) NetType/4G Language/zh_CN" "-" 0.114 0.114
117.136.33.108 - - [23/Oct/2020:10:05:01 +0800] "GET /js/jsConfig?url=http%3A%2F%2Fmall.tlpara.cn%2Fagent%2Fcenter&timestamp=1603418701&nonceStr=265a492c237db8 HTTP/1.1" 200 232 "http://mall.tlpara.cn/agent/center" "Mozilla/5.0 (iPhone; CPU iPhone OS 13_5_1 like Mac OS X) AppleWebKit/605.1.15 (KHTML, like Gecko) Mobile/15E148 MicroMessenger/7.0.14(0x17000e2e) NetType/4G Language/zh_CN" "-" 0.001 0.002
125.118.112.194 - - [23/Oct/2020:10:05:02 +0800] "GET /bill/all?limitSize=10&limitStart=0&search=&agentSearch=&orderBy=0&type=0&doneNode=22&mt=-1&birthGe=&birthLt=&productId=0&_=1603418703158 HTTP/1.1" 200 5105 "http://manage.tlpara.cn/bill/purchase" "Mozilla/5.0 (Windows NT 10.0; WOW64) AppleWebKit/537.36 (KHTML, like Gecko) Chrome/78.0.3904.108 Safari/537.36" "-" 0.345 0.345
112.24.203.57 - - [23/Oct/2020:10:05:04 +0800] "GET /agent/self/purchase?doneNode=1 HTTP/1.1" 200 2748 "http://mall.tlpara.cn/agent/center" "Mozilla/5.0 (Linux; Android 10; ELE-AL00 Build/HUAWEIELE-AL00; wv) AppleWebKit/537.36 (KHTML, like Gecko) Version/4.0 Chrome/78.0.3904.62 XWEB/2691 MMWEBSDK/200901 Mobile Safari/537.36 MMWEBID/1836 MicroMessenger/7.0.19.1760(0x27001353) Process/toolsmp WeChat/arm64 NetType/WIFI Language/zh_CN ABI/arm64" "-" 0.014 0.015
112.24.203.57 - - [23/Oct/2020:10:05:04 +0800] "GET /js/jsConfig?url=http%3A%2F%2Fmall.tlpara.cn%2Fagent%2Fself%2Fpurchase%3FdoneNode%3D1&timestamp=1603418705&nonceStr=0ef10259410c5 HTTP/1.1" 200 232 "http://mall.tlpara.cn/agent/self/purchase?doneNode=1" "Mozilla/5.0 (Linux; Android 10; ELE-AL00 Build/HUAWEIELE-AL00; wv) AppleWebKit/537.36 (KHTML, like Gecko) Version/4.0 Chrome/78.0.3904.62 XWEB/2691 MMWEBSDK/200901 Mobile Safari/537.36 MMWEBID/1836 MicroMessenger/7.0.19.1760(0x27001353) Process/toolsmp WeChat/arm64 NetType/WIFI Language/zh_CN ABI/arm64" "-" 0.002 0.001
61.129.6.151 - - [23/Oct/2020:10:05:04 +0800] "GET /assets/dist/js/valid_cus.js?t=0.3961388278235126 HTTP/1.1" 200 3945 "http://manage.tlpara.cn:80/login" "Mozilla/5.0 (Windows NT 6.1; WOW64) AppleWebKit/537.36 (KHTML, like Gecko) Chrome/45.0.2454.101 Safari/537.36" "-" 0.000 -
49.78.204.246 - - [23/Oct/2020:10:05:06 +0800] "GET / HTTP/1.1" 302 0 "-" "Mozilla/5.0 (iPhone; CPU iPhone OS 13_7 like Mac OS X) AppleWebKit/605.1.15 (KHTML, like Gecko) Mobile/15E148 MicroMessenger/7.0.17(0x17001127) NetType/4G Language/zh_CN" "-" 0.001 0.001
49.78.204.246 - - [23/Oct/2020:10:05:06 +0800] "GET /home/ HTTP/1.1" 200 4582 "-" "Mozilla/5.0 (iPhone; CPU iPhone OS 13_7 like Mac OS X) AppleWebKit/605.1.15 (KHTML, like Gecko) Mobile/15E148 MicroMessenger/7.0.17(0x17001127) NetType/4G Language/zh_CN" "-" 0.000 -
49.78.204.246 - - [23/Oct/2020:10:05:06 +0800] "GET /js/jsConfig?url=http%3A%2F%2Fmall.tlpara.cn%2Fhome%2F&timestamp=1603418706&nonceStr=e681d46aa8c09 HTTP/1.1" 200 232 "http://mall.tlpara.cn/home/" "Mozilla/5.0 (iPhone; CPU iPhone OS 13_7 like Mac OS X) AppleWebKit/605.1.15 (KHTML, like Gecko) Mobile/15E148 MicroMessenger/7.0.17(0x17001127) NetType/4G Language/zh_CN" "-" 0.001 0.002
49.78.204.246 - - [23/Oct/2020:10:05:07 +0800] "GET /agent/ HTTP/1.1" 302 0 "http://mall.tlpara.cn/home/" "Mozilla/5.0 (iPhone; CPU iPhone OS 13_7 like Mac OS X) AppleWebKit/605.1.15 (KHTML, like Gecko) Mobile/15E148 MicroMessenger/7.0.17(0x17001127) NetType/4G Language/zh_CN" "-" 0.003 0.004
60.177.62.208 - - [23/Oct/2020:10:05:07 +0800] "POST /bill/basic/sendgoods HTTP/1.1" 200 63 "http://manage.tlpara.cn/bill/product-send-out/5587994555940864" "Mozilla/5.0 (Windows NT 10.0; Win64; x64) AppleWebKit/537.36 (KHTML, like Gecko) Chrome/75.0.3770.142 Safari/537.36" "-" 0.084 0.084
49.78.203.193 - - [23/Oct/2020:10:05:07 +0800] "GET /person/purchase/address/select/0 HTTP/1.1" 200 2240 "http://mall.tlpara.cn/agent/purchase/confirm" "Mozilla/5.0 (iPhone; CPU iPhone OS 13_6 like Mac OS X) AppleWebKit/605.1.15 (KHTML, like Gecko) Mobile/15E148 MicroMessenger/7.0.17(0x17001127) NetType/4G Language/zh_CN" "-" 0.019 0.020
112.24.203.57 - - [23/Oct/2020:10:05:07 +0800] "GET /js/jsConfig?url=http%3A%2F%2Fmall.tlpara.cn%2Fagent%2Fcenter&timestamp=1603418707&nonceStr=91fcc45163194 HTTP/1.1" 200 231 "http://mall.tlpara.cn/agent/center" "Mozilla/5.0 (Linux; Android 10; ELE-AL00 Build/HUAWEIELE-AL00; wv) AppleWebKit/537.36 (KHTML, like Gecko) Version/4.0 Chrome/78.0.3904.62 XWEB/2691 MMWEBSDK/200901 Mobile Safari/537.36 MMWEBID/1836 MicroMessenger/7.0.19.1760(0x27001353) Process/toolsmp WeChat/arm64 NetType/WIFI Language/zh_CN ABI/arm64" "-" 0.001 0.001
60.177.62.208 - - [23/Oct/2020:10:05:07 +0800] "GET /bill/product-send-out/5587994555940864 HTTP/1.1" 200 4236 "http://manage.tlpara.cn/bill/product-send-out/5587994555940864" "Mozilla/5.0 (Windows NT 10.0; Win64; x64) AppleWebKit/537.36 (KHTML, like Gecko) Chrome/75.0.3770.142 Safari/537.36" "-" 0.079 0.078
49.78.203.193 - - [23/Oct/2020:10:05:07 +0800] "GET /js/jsConfig?url=http%3A%2F%2Fmall.tlpara.cn%2Fperson%2Fpurchase%2Faddress%2Fselect%2F0&timestamp=1603418707&nonceStr=0f2cc270eb27b HTTP/1.1" 200 232 "http://mall.tlpara.cn/person/purchase/address/select/0" "Mozilla/5.0 (iPhone; CPU iPhone OS 13_6 like Mac OS X) AppleWebKit/605.1.15 (KHTML, like Gecko) Mobile/15E148 MicroMessenger/7.0.17(0x17001127) NetType/4G Language/zh_CN" "-" 0.001 0.001
49.78.204.246 - - [23/Oct/2020:10:05:07 +0800] "GET /agent/center HTTP/1.1" 200 3320 "http://mall.tlpara.cn/home/" "Mozilla/5.0 (iPhone; CPU iPhone OS 13_7 like Mac OS X) AppleWebKit/605.1.15 (KHTML, like Gecko) Mobile/15E148 MicroMessenger/7.0.17(0x17001127) NetType/4G Language/zh_CN" "-" 0.109 0.110
49.78.204.246 - - [23/Oct/2020:10:05:07 +0800] "GET /js/jsConfig?url=http%3A%2F%2Fmall.tlpara.cn%2Fagent%2Fcenter&timestamp=1603418707&nonceStr=7eae291131db3 HTTP/1.1" 200 231 "http://mall.tlpara.cn/agent/center" "Mozilla/5.0 (iPhone; CPU iPhone OS 13_7 like Mac OS X) AppleWebKit/605.1.15 (KHTML, like Gecko) Mobile/15E148 MicroMessenger/7.0.17(0x17001127) NetType/4G Language/zh_CN" "-" 0.001 0.002
61.151.178.197 - - [23/Oct/2020:10:05:08 +0800] "GET /assets/dist/js/valid_cus.js?t=0.7044063305792015 HTTP/1.1" 200 3945 "http://manage.tlpara.cn:80/login" "Mozilla/5.0 (Windows NT 6.1; WOW64; Trident/7.0; SLCC2; .NET CLR 2.0.50727; .NET CLR 3.5.30729; .NET CLR 3.0.30729; Media Center PC 6.0; .NET4.0C; .NET4.0E; InfoPath.3; rv:11.0) like Gecko" "-" 0.000 -
112.24.203.57 - - [23/Oct/2020:10:05:08 +0800] "GET /agent/lowerlevel/purchase?doneNode=-1 HTTP/1.1" 200 4975 "http://mall.tlpara.cn/agent/center" "Mozilla/5.0 (Linux; Android 10; ELE-AL00 Build/HUAWEIELE-AL00; wv) AppleWebKit/537.36 (KHTML, like Gecko) Version/4.0 Chrome/78.0.3904.62 XWEB/2691 MMWEBSDK/200901 Mobile Safari/537.36 MMWEBID/1836 MicroMessenger/7.0.19.1760(0x27001353) Process/toolsmp WeChat/arm64 NetType/WIFI Language/zh_CN ABI/arm64" "-" 0.331 0.331
49.78.204.246 - - [23/Oct/2020:10:05:08 +0800] "GET /agent/purchase/list?type=2 HTTP/1.1" 200 14615 "http://mall.tlpara.cn/agent/center" "Mozilla/5.0 (iPhone; CPU iPhone OS 13_7 like Mac OS X) AppleWebKit/605.1.15 (KHTML, like Gecko) Mobile/15E148 MicroMessenger/7.0.17(0x17001127) NetType/4G Language/zh_CN" "-" 0.254 0.255
112.24.203.57 - - [23/Oct/2020:10:05:08 +0800] "GET /js/jsConfig?url=http%3A%2F%2Fmall.tlpara.cn%2Fagent%2Flowerlevel%2Fpurchase%3FdoneNode%3D-1&timestamp=1603418709&nonceStr=e8c326462ad14 HTTP/1.1" 200 232 "http://mall.tlpara.cn/agent/lowerlevel/purchase?doneNode=-1" "Mozilla/5.0 (Linux; Android 10; ELE-AL00 Build/HUAWEIELE-AL00; wv) AppleWebKit/537.36 (KHTML, like Gecko) Version/4.0 Chrome/78.0.3904.62 XWEB/2691 MMWEBSDK/200901 Mobile Safari/537.36 MMWEBID/1836 MicroMessenger/7.0.19.1760(0x27001353) Process/toolsmp WeChat/arm64 NetType/WIFI Language/zh_CN ABI/arm64" "-" 0.001 0.001
