49.78.203.193 - - [23/Oct/2020:10:01:01 +0800] "GET /agent/recharge HTTP/1.1" 200 2219 "http://mall.tlpara.cn/agent/center" "Mozilla/5.0 (iPhone; CPU iPhone OS 13_6 like Mac OS X) AppleWebKit/605.1.15 (KHTML, like Gecko) Mobile/15E148 MicroMessenger/7.0.17(0x17001127) NetType/4G Language/zh_CN" "-" 0.028 0.027
49.78.203.193 - - [23/Oct/2020:10:01:01 +0800] "GET /js/jsConfig?url=http%3A%2F%2Fmall.tlpara.cn%2Fagent%2Frecharge&timestamp=1603418461&nonceStr=ad20ce94e774a HTTP/1.1" 200 233 "http://mall.tlpara.cn/agent/recharge" "Mozilla/5.0 (iPhone; CPU iPhone OS 13_6 like Mac OS X) AppleWebKit/605.1.15 (KHTML, like Gecko) Mobile/15E148 MicroMessenger/7.0.17(0x17001127) NetType/4G Language/zh_CN" "-" 0.002 0.001
125.118.112.194 - - [23/Oct/2020:10:01:01 +0800] "GET /agent HTTP/1.1" 200 4316 "http://manage.tlpara.cn/bill/stock" "Mozilla/5.0 (Windows NT 6.1; Win64; x64) AppleWebKit/537.36 (KHTML, like Gecko) Chrome/86.0.4240.75 Safari/537.36" "-" 0.007 0.007
125.118.112.194 - - [23/Oct/2020:10:01:01 +0800] "GET /assets/dist/js/agent/index.js?t=0.1.134 HTTP/1.1" 200 13996 "http://manage.tlpara.cn/agent" "Mozilla/5.0 (Windows NT 6.1; Win64; x64) AppleWebKit/537.36 (KHTML, like Gecko) Chrome/86.0.4240.75 Safari/537.36" "-" 0.000 -
125.118.112.194 - - [23/Oct/2020:10:01:01 +0800] "GET /agent/page?limitSize=10&limitStart=0&search=&invitationSearch=&purchaseSearch=&lid=0&agentClose=-1&_=1603418456725 HTTP/1.1" 200 3522 "http://manage.tlpara.cn/agent" "Mozilla/5.0 (Windows NT 6.1; Win64; x64) AppleWebKit/537.36 (KHTML, like Gecko) Chrome/86.0.4240.75 Safari/537.36" "-" 0.094 0.093
60.177.62.208 - - [23/Oct/2020:10:01:02 +0800] "GET /agent/search/%E5%BC%A0%E4%B8%BD%E6%85%A7 HTTP/1.1" 200 754 "http://manage.tlpara.cn/acc/transfer" "Mozilla/5.0 (Windows NT 10.0; Win64; x64) AppleWebKit/537.36 (KHTML, like Gecko) Chrome/75.0.3770.142 Safari/537.36" "-" 0.022 0.023
125.118.112.194 - - [23/Oct/2020:10:01:03 +0800] "GET /agent/page?limitSize=10&limitStart=0&search=%E5%88%98%E4%B8%BD&invitationSearch=&purchaseSearch=&lid=0&agentClose=-1&_=1603418456726 HTTP/1.1" 200 2334 "http://manage.tlpara.cn/agent" "Mozilla/5.0 (Windows NT 6.1; Win64; x64) AppleWebKit/537.36 (KHTML, like Gecko) Chrome/86.0.4240.75 Safari/537.36" "-" 0.078 0.078
101.226.225.85 - - [23/Oct/2020:10:01:03 +0800] "GET /8B515VQS51J6 HTTP/1.1" 200 854 "-" "Mozilla/5.0 (Linux; Android 10; LIO-AN00 Build/HUAWEILIO-AN00; wv) AppleWebKit/537.36 (KHTML, like Gecko) Version/4.0 Chrome/77.0.3865.120 MQQBrowser/6.2 TBS/045409 Mobile Safari/537.36 MMWEBID/4507 MicroMessenger/7.0.19.1760(0x27001353) Process/tools WeChat/arm64 NetType/WIFI Language/zh_CN ABI/arm64" "122.240.51.233" 0.015 0.016
122.240.51.233 - - [23/Oct/2020:10:01:03 +0800] "GET /favicon.ico HTTP/1.1" 200 411 "http://s.tlpara.cn/8B515VQS51J6" "Mozilla/5.0 (Linux; Android 10; LIO-AN00 Build/HUAWEILIO-AN00; wv) AppleWebKit/537.36 (KHTML, like Gecko) Version/4.0 Chrome/77.0.3865.120 MQQBrowser/6.2 TBS/045409 Mobile Safari/537.36 MMWEBID/4507 MicroMessenger/7.0.19.1760(0x27001353) Process/tools WeChat/arm64 NetType/WIFI Language/zh_CN ABI/arm64" "-" 0.002 0.001
112.24.203.57 - - [23/Oct/2020:10:01:03 +0800] "GET /js/jsConfig?url=http%3A%2F%2Fmall.tlpara.cn%2Fagent%2Fcenter&timestamp=1603418464&nonceStr=68859d8843957 HTTP/1.1" 200 232 "http://mall.tlpara.cn/agent/center" "Mozilla/5.0 (Linux; Android 10; ELE-AL00 Build/HUAWEIELE-AL00; wv) AppleWebKit/537.36 (KHTML, like Gecko) Version/4.0 Chrome/78.0.3904.62 XWEB/2691 MMWEBSDK/200901 Mobile Safari/537.36 MMWEBID/1836 MicroMessenger/7.0.19.1760(0x27001353) Process/toolsmp WeChat/arm64 NetType/WIFI Language/zh_CN ABI/arm64" "-" 0.001 0.001
60.177.62.208 - - [23/Oct/2020:10:01:03 +0800] "POST /acc/list/transfer-batch HTTP/1.1" 200 63 "http://manage.tlpara.cn/acc/transfer" "Mozilla/5.0 (Windows NT 10.0; Win64; x64) AppleWebKit/537.36 (KHTML, like Gecko) Chrome/75.0.3770.142 Safari/537.36" "-" 0.024 0.025
60.177.62.208 - - [23/Oct/2020:10:01:03 +0800] "GET /acc/transfer-search/page?limitSize=10&limitStart=0&_=1603418457428 HTTP/1.1" 200 405 "http://manage.tlpara.cn/acc/transfer" "Mozilla/5.0 (Windows NT 10.0; Win64; x64) AppleWebKit/537.36 (KHTML, like Gecko) Chrome/75.0.3770.142 Safari/537.36" "-" 0.014 0.015
112.24.203.57 - - [23/Oct/2020:10:01:04 +0800] "GET /js/jsConfig?url=http%3A%2F%2Fmall.tlpara.cn%2Fhome%2F&timestamp=1603418464&nonceStr=4661f6116dc5d HTTP/1.1" 200 232 "http://mall.tlpara.cn/home/" "Mozilla/5.0 (Linux; Android 10; ELE-AL00 Build/HUAWEIELE-AL00; wv) AppleWebKit/537.36 (KHTML, like Gecko) Version/4.0 Chrome/78.0.3904.62 XWEB/2691 MMWEBSDK/200901 Mobile Safari/537.36 MMWEBID/1836 MicroMessenger/7.0.19.1760(0x27001353) Process/toolsmp WeChat/arm64 NetType/WIFI Language/zh_CN ABI/arm64" "-" 0.001 0.001
60.177.62.208 - - [23/Oct/2020:10:01:07 +0800] "GET /acc/transfer-search/clear HTTP/1.1" 200 63 "http://manage.tlpara.cn/acc/transfer" "Mozilla/5.0 (Windows NT 10.0; Win64; x64) AppleWebKit/537.36 (KHTML, like Gecko) Chrome/75.0.3770.142 Safari/537.36" "-" 0.005 0.005
60.177.62.208 - - [23/Oct/2020:10:01:07 +0800] "GET /acc/transfer HTTP/1.1" 200 4049 "http://manage.tlpara.cn/acc/transfer" "Mozilla/5.0 (Windows NT 10.0; Win64; x64) AppleWebKit/537.36 (KHTML, like Gecko) Chrome/75.0.3770.142 Safari/537.36" "-" 0.014 0.015
60.177.62.208 - - [23/Oct/2020:10:01:07 +0800] "GET /acc/transfer-search/page?limitSize=10&limitStart=0&_=1603418468418 HTTP/1.1" 200 52 "http://manage.tlpara.cn/acc/transfer" "Mozilla/5.0 (Windows NT 10.0; Win64; x64) AppleWebKit/537.36 (KHTML, like Gecko) Chrome/75.0.3770.142 Safari/537.36" "-" 0.003 0.003
49.78.203.193 - - [23/Oct/2020:10:01:09 +0800] "GET /agent/recharge/valid-repeat?price=140000 HTTP/1.1" 200 63 "http://mall.tlpara.cn/agent/recharge" "Mozilla/5.0 (iPhone; CPU iPhone OS 13_6 like Mac OS X) AppleWebKit/605.1.15 (KHTML, like Gecko) Mobile/15E148 MicroMessenger/7.0.17(0x17001127) NetType/4G Language/zh_CN" "-" 0.008 0.007
125.107.58.139 - - [23/Oct/2020:10:01:10 +0800] "GET /js/jsConfig?url=http%3A%2F%2Fmall.tlpara.cn%2Fagent%2Flower-level%2Floan&timestamp=1603418469&nonceStr=f246d6e69e5998 HTTP/1.1" 200 234 "http://mall.tlpara.cn/agent/lower-level/loan" "Mozilla/5.0 (iPhone; CPU iPhone OS 14_0_1 like Mac OS X) AppleWebKit/605.1.15 (KHTML, like Gecko) Mobile/15E148 MicroMessenger/7.0.17(0x17001127) NetType/WIFI Language/zh_CN" "-" 0.001 0.000
101.226.225.85 - - [23/Oct/2020:10:01:10 +0800] "GET /8B515VQS51J6 HTTP/1.1" 200 854 "-" "Mozilla/5.0 (Linux; Android 10; LIO-AN00 Build/HUAWEILIO-AN00; wv) AppleWebKit/537.36 (KHTML, like Gecko) Version/4.0 Chrome/77.0.3865.120 MQQBrowser/6.2 TBS/045409 Mobile Safari/537.36 MMWEBID/4507 MicroMessenger/7.0.19.1760(0x27001353) Process/tools WeChat/arm64 NetType/WIFI Language/zh_CN ABI/arm64" "122.240.51.233" 0.017 0.016
122.240.51.233 - - [23/Oct/2020:10:01:10 +0800] "GET /favicon.ico HTTP/1.1" 200 411 "http://s.tlpara.cn/8B515VQS51J6" "Mozilla/5.0 (Linux; Android 10; LIO-AN00 Build/HUAWEILIO-AN00; wv) AppleWebKit/537.36 (KHTML, like Gecko) Version/4.0 Chrome/77.0.3865.120 MQQBrowser/6.2 TBS/045409 Mobile Safari/537.36 MMWEBID/4507 MicroMessenger/7.0.19.1760(0x27001353) Process/tools WeChat/arm64 NetType/WIFI Language/zh_CN ABI/arm64" "-" 0.002 0.002
49.92.146.107 - - [23/Oct/2020:10:01:11 +0800] "GET /agent/ HTTP/1.1" 302 0 "http://mall.tlpara.cn/home/" "Mozilla/5.0 (iPhone; CPU iPhone OS 10_2 like Mac OS X) AppleWebKit/602.3.12 (KHTML, like Gecko) Mobile/14C92 MicroMessenger/7.0.17(0x17001127) NetType/4G Language/zh_CN" "-" 0.001 0.000
49.92.146.107 - - [23/Oct/2020:10:01:11 +0800] "GET /login/phone?rd=%2Fagent%2F HTTP/1.1" 200 1738 "http://mall.tlpara.cn/home/" "Mozilla/5.0 (iPhone; CPU iPhone OS 10_2 like Mac OS X) AppleWebKit/602.3.12 (KHTML, like Gecko) Mobile/14C92 MicroMessenger/7.0.17(0x17001127) NetType/4G Language/zh_CN" "-" 0.005 0.005
49.92.146.107 - - [23/Oct/2020:10:01:11 +0800] "GET /js/jsConfig?url=http%3A%2F%2Fmall.tlpara.cn%2Flogin%2Fphone%3Frd%3D%252Fagent%252F&timestamp=1603418471&nonceStr=19ff5c93366438 HTTP/1.1" 200 234 "http://mall.tlpara.cn/login/phone?rd=%2Fagent%2F" "Mozilla/5.0 (iPhone; CPU iPhone OS 10_2 like Mac OS X) AppleWebKit/602.3.12 (KHTML, like Gecko) Mobile/14C92 MicroMessenger/7.0.17(0x17001127) NetType/4G Language/zh_CN" "-" 0.002 0.001
49.92.146.107 - - [23/Oct/2020:10:01:11 +0800] "GET /assets/img/logo.jpg HTTP/1.1" 200 22411 "http://mall.tlpara.cn/login/phone?rd=%2Fagent%2F" "Mozilla/5.0 (iPhone; CPU iPhone OS 10_2 like Mac OS X) AppleWebKit/602.3.12 (KHTML, like Gecko) Mobile/14C92 MicroMessenger/7.0.17(0x17001127) NetType/4G Language/zh_CN" "-" 0.000 -
49.92.146.107 - - [23/Oct/2020:10:01:11 +0800] "GET /assets/dist/js/lp.js?t=0.1.164 HTTP/1.1" 200 1143 "http://mall.tlpara.cn/login/phone?rd=%2Fagent%2F" "Mozilla/5.0 (iPhone; CPU iPhone OS 10_2 like Mac OS X) AppleWebKit/602.3.12 (KHTML, like Gecko) Mobile/14C92 MicroMessenger/7.0.17(0x17001127) NetType/4G Language/zh_CN" "-" 0.000 -
49.92.146.107 - - [23/Oct/2020:10:01:13 +0800] "GET /login/wx-login?rd=/agent/ HTTP/1.1" 200 1724 "http://mall.tlpara.cn/login/phone?rd=%2Fagent%2F" "Mozilla/5.0 (iPhone; CPU iPhone OS 10_2 like Mac OS X) AppleWebKit/602.3.12 (KHTML, like Gecko) Mobile/14C92 MicroMessenger/7.0.17(0x17001127) NetType/4G Language/zh_CN" "-" 0.002 0.000
49.92.146.107 - - [23/Oct/2020:10:01:13 +0800] "GET /js/jsConfig?url=http%3A%2F%2Fmall.tlpara.cn%2Flogin%2Fwx-login%3Frd%3D%2Fagent%2F&timestamp=1603418473&nonceStr=a636bfa8f14f98 HTTP/1.1" 200 232 "http://mall.tlpara.cn/login/wx-login?rd=/agent/" "Mozilla/5.0 (iPhone; CPU iPhone OS 10_2 like Mac OS X) AppleWebKit/602.3.12 (KHTML, like Gecko) Mobile/14C92 MicroMessenger/7.0.17(0x17001127) NetType/4G Language/zh_CN" "-" 0.001 0.000
49.92.146.107 - - [23/Oct/2020:10:01:13 +0800] "GET /assets/dist/js/wx-login.js?td=0.1.164 HTTP/1.1" 200 253 "http://mall.tlpara.cn/login/wx-login?rd=/agent/" "Mozilla/5.0 (iPhone; CPU iPhone OS 10_2 like Mac OS X) AppleWebKit/602.3.12 (KHTML, like Gecko) Mobile/14C92 MicroMessenger/7.0.17(0x17001127) NetType/4G Language/zh_CN" "-" 0.000 -
61.151.178.197 - - [23/Oct/2020:10:01:14 +0800] "GET /assets/dist/js/lp.js?t=0.1.164 HTTP/1.1" 200 1143 "http://mall.tlpara.cn:80/login/phone?rd=%2Fagent%2Fforward%2Fpurchase%2Fconfirm%2F5587995917533184" "Mozilla/5.0 (Linux; Android 4.4.4; Coolpad Y82-520 Build/KTU84P) AppleWebKit/537.36 (KHTML, like Gecko) Version/4.0 Chrome/33.0.0.0 Mobile Safari/537.36 MicroMessenger/6.5.4.1000 NetType/4G Language/zh_CN" "-" 0.000 -
49.92.146.107 - - [23/Oct/2020:10:01:14 +0800] "GET /auth?rd=/agent/ HTTP/1.1" 302 0 "http://mall.tlpara.cn/login/wx-login?rd=/agent/" "Mozilla/5.0 (iPhone; CPU iPhone OS 10_2 like Mac OS X) AppleWebKit/602.3.12 (KHTML, like Gecko) Mobile/14C92 MicroMessenger/7.0.17(0x17001127) NetType/4G Language/zh_CN" "-" 0.002 0.000
49.92.146.107 - - [23/Oct/2020:10:01:15 +0800] "GET /auth/resp?code=051ghSGa13FVRz0FdrHa1HtoGi1ghSG6&state=wxf46e511ef9613b46 HTTP/1.1" 302 0 "-" "Mozilla/5.0 (iPhone; CPU iPhone OS 10_2 like Mac OS X) AppleWebKit/602.3.12 (KHTML, like Gecko) Mobile/14C92 MicroMessenger/7.0.17(0x17001127) NetType/4G Language/zh_CN" "-" 0.293 0.292
49.92.146.107 - - [23/Oct/2020:10:01:15 +0800] "GET /agent/ HTTP/1.1" 302 0 "-" "Mozilla/5.0 (iPhone; CPU iPhone OS 10_2 like Mac OS X) AppleWebKit/602.3.12 (KHTML, like Gecko) Mobile/14C92 MicroMessenger/7.0.17(0x17001127) NetType/4G Language/zh_CN" "-" 0.003 0.003
49.92.146.107 - - [23/Oct/2020:10:01:16 +0800] "GET /agent/center HTTP/1.1" 200 3277 "-" "Mozilla/5.0 (iPhone; CPU iPhone OS 10_2 like Mac OS X) AppleWebKit/602.3.12 (KHTML, like Gecko) Mobile/14C92 MicroMessenger/7.0.17(0x17001127) NetType/4G Language/zh_CN" "-" 0.085 0.084
49.92.146.107 - - [23/Oct/2020:10:01:16 +0800] "GET /js/jsConfig?url=http%3A%2F%2Fmall.tlpara.cn%2Fagent%2Fcenter&timestamp=1603418476&nonceStr=2adf5c9189209 HTTP/1.1" 200 231 "http://mall.tlpara.cn/agent/center" "Mozilla/5.0 (iPhone; CPU iPhone OS 10_2 like Mac OS X) AppleWebKit/602.3.12 (KHTML, like Gecko) Mobile/14C92 MicroMessenger/7.0.17(0x17001127) NetType/4G Language/zh_CN" "-" 0.001 0.000
49.92.146.107 - - [23/Oct/2020:10:01:16 +0800] "GET /assets/dist/img/a_c_vbg.png HTTP/1.1" 200 33410 "http://mall.tlpara.cn/agent/center" "Mozilla/5.0 (iPhone; CPU iPhone OS 10_2 like Mac OS X) AppleWebKit/602.3.12 (KHTML, like Gecko) Mobile/14C92 MicroMessenger/7.0.17(0x17001127) NetType/4G Language/zh_CN" "-" 0.000 -
49.92.146.107 - - [23/Oct/2020:10:01:16 +0800] "GET /assets/dist/img/a_c_bg.png HTTP/1.1" 200 22716 "http://mall.tlpara.cn/agent/center" "Mozilla/5.0 (iPhone; CPU iPhone OS 10_2 like Mac OS X) AppleWebKit/602.3.12 (KHTML, like Gecko) Mobile/14C92 MicroMessenger/7.0.17(0x17001127) NetType/4G Language/zh_CN" "-" 0.000 -
49.92.146.107 - - [23/Oct/2020:10:01:16 +0800] "GET /assets/dist/js/mc/index.js?t=0.1.164 HTTP/1.1" 200 2155 "http://mall.tlpara.cn/agent/center" "Mozilla/5.0 (iPhone; CPU iPhone OS 10_2 like Mac OS X) AppleWebKit/602.3.12 (KHTML, like Gecko) Mobile/14C92 MicroMessenger/7.0.17(0x17001127) NetType/4G Language/zh_CN" "-" 0.000 -
49.92.146.107 - - [23/Oct/2020:10:01:16 +0800] "GET /assets/dist/img/logo.jpg HTTP/1.1" 200 22411 "http://mall.tlpara.cn/agent/center" "Mozilla/5.0 (iPhone; CPU iPhone OS 10_2 like Mac OS X) AppleWebKit/602.3.12 (KHTML, like Gecko) Mobile/14C92 MicroMessenger/7.0.17(0x17001127) NetType/4G Language/zh_CN" "-" 0.000 -
112.24.203.57 - - [23/Oct/2020:10:01:16 +0800] "GET /agent/ HTTP/1.1" 302 0 "http://mall.tlpara.cn/home/" "Mozilla/5.0 (Linux; Android 10; ELE-AL00 Build/HUAWEIELE-AL00; wv) AppleWebKit/537.36 (KHTML, like Gecko) Version/4.0 Chrome/78.0.3904.62 XWEB/2691 MMWEBSDK/200901 Mobile Safari/537.36 MMWEBID/1836 MicroMessenger/7.0.19.1760(0x27001353) Process/toolsmp WeChat/arm64 NetType/WIFI Language/zh_CN ABI/arm64" "-" 0.002 0.003
112.24.203.57 - - [23/Oct/2020:10:01:16 +0800] "GET /agent/center HTTP/1.1" 200 3284 "http://mall.tlpara.cn/home/" "Mozilla/5.0 (Linux; Android 10; ELE-AL00 Build/HUAWEIELE-AL00; wv) AppleWebKit/537.36 (KHTML, like Gecko) Version/4.0 Chrome/78.0.3904.62 XWEB/2691 MMWEBSDK/200901 Mobile Safari/537.36 MMWEBID/1836 MicroMessenger/7.0.19.1760(0x27001353) Process/toolsmp WeChat/arm64 NetType/WIFI Language/zh_CN ABI/arm64" "-" 0.084 0.085
112.24.203.57 - - [23/Oct/2020:10:01:16 +0800] "GET /js/jsConfig?url=http%3A%2F%2Fmall.tlpara.cn%2Fagent%2Fcenter&timestamp=1603418476&nonceStr=08941f6f8c62a HTTP/1.1" 200 232 "http://mall.tlpara.cn/agent/center" "Mozilla/5.0 (Linux; Android 10; ELE-AL00 Build/HUAWEIELE-AL00; wv) AppleWebKit/537.36 (KHTML, like Gecko) Version/4.0 Chrome/78.0.3904.62 XWEB/2691 MMWEBSDK/200901 Mobile Safari/537.36 MMWEBID/1836 MicroMessenger/7.0.19.1760(0x27001353) Process/toolsmp WeChat/arm64 NetType/WIFI Language/zh_CN ABI/arm64" "-" 0.002 0.001
101.226.225.85 - - [23/Oct/2020:10:01:17 +0800] "GET /8B515VQS51K1 HTTP/1.1" 200 845 "-" "Mozilla/5.0 (Linux; Android 10; LIO-AN00 Build/HUAWEILIO-AN00; wv) AppleWebKit/537.36 (KHTML, like Gecko) Version/4.0 Chrome/77.0.3865.120 MQQBrowser/6.2 TBS/045409 Mobile Safari/537.36 MMWEBID/4507 MicroMessenger/7.0.19.1760(0x27001353) Process/tools WeChat/arm64 NetType/WIFI Language/zh_CN ABI/arm64" "122.240.51.233" 0.018 0.018
122.240.51.233 - - [23/Oct/2020:10:01:17 +0800] "GET /favicon.ico HTTP/1.1" 200 411 "http://s.tlpara.cn/8B515VQS51K1" "Mozilla/5.0 (Linux; Android 10; LIO-AN00 Build/HUAWEILIO-AN00; wv) AppleWebKit/537.36 (KHTML, like Gecko) Version/4.0 Chrome/77.0.3865.120 MQQBrowser/6.2 TBS/045409 Mobile Safari/537.36 MMWEBID/4507 MicroMessenger/7.0.19.1760(0x27001353) Process/tools WeChat/arm64 NetType/WIFI Language/zh_CN ABI/arm64" "-" 0.003 0.002
223.104.210.230 - - [23/Oct/2020:10:01:19 +0800] "GET /bill/product-code-search?id=https://f2s.pub/100222939163 HTTP/1.1" 200 124 "http://mall.tlpara.cn/bill/entry/code/5588640724189184" "Mozilla/5.0 (iPhone; CPU iPhone OS 13_6 like Mac OS X) AppleWebKit/605.1.15 (KHTML, like Gecko) Mobile/15E148 MicroMessenger/7.0.15(0x17000f31) NetType/4G Language/zh_CN" "-" 0.007 0.007
171.223.175.85 - - [23/Oct/2020:10:01:20 +0800] "GET /agent/check?il=5317863950761984&iid=5347401986490368 HTTP/1.1" 302 0 "-" "Mozilla/5.0 (Linux; Android 10; YAL-AL50 Build/HUAWEIYAL-AL50; wv) AppleWebKit/537.36 (KHTML, like Gecko) Version/4.0 Chrome/78.0.3904.62 XWEB/2691 MMWEBSDK/200901 Mobile Safari/537.36 MMWEBID/893 MicroMessenger/7.0.19.1760(0x27001353) Process/toolsmp WeChat/arm64 NetType/WIFI Language/zh_CN ABI/arm64" "-" 0.013 0.012
171.223.175.85 - - [23/Oct/2020:10:01:20 +0800] "GET /agent/voucher HTTP/1.1" 200 1805 "-" "Mozilla/5.0 (Linux; Android 10; YAL-AL50 Build/HUAWEIYAL-AL50; wv) AppleWebKit/537.36 (KHTML, like Gecko) Version/4.0 Chrome/78.0.3904.62 XWEB/2691 MMWEBSDK/200901 Mobile Safari/537.36 MMWEBID/893 MicroMessenger/7.0.19.1760(0x27001353) Process/toolsmp WeChat/arm64 NetType/WIFI Language/zh_CN ABI/arm64" "-" 0.029 0.029
171.223.175.85 - - [23/Oct/2020:10:01:20 +0800] "GET /js/jsConfig?url=http%3A%2F%2Fmall.tlpara.cn%2Fagent%2Fvoucher&timestamp=1603418481&nonceStr=d3935764ff49e HTTP/1.1" 200 232 "http://mall.tlpara.cn/agent/voucher" "Mozilla/5.0 (Linux; Android 10; YAL-AL50 Build/HUAWEIYAL-AL50; wv) AppleWebKit/537.36 (KHTML, like Gecko) Version/4.0 Chrome/78.0.3904.62 XWEB/2691 MMWEBSDK/200901 Mobile Safari/537.36 MMWEBID/893 MicroMessenger/7.0.19.1760(0x27001353) Process/toolsmp WeChat/arm64 NetType/WIFI Language/zh_CN ABI/arm64" "-" 0.002 0.002
117.136.66.173 - - [23/Oct/2020:10:01:20 +0800] "GET / HTTP/1.1" 302 0 "-" "Mozilla/5.0 (iPhone; CPU iPhone OS 13_6 like Mac OS X) AppleWebKit/605.1.15 (KHTML, like Gecko) Mobile/15E148 MicroMessenger/7.0.17(0x17001127) NetType/4G Language/zh_CN" "-" 0.004 0.004
117.136.66.173 - - [23/Oct/2020:10:01:20 +0800] "GET /home/ HTTP/1.1" 200 4582 "-" "Mozilla/5.0 (iPhone; CPU iPhone OS 13_6 like Mac OS X) AppleWebKit/605.1.15 (KHTML, like Gecko) Mobile/15E148 MicroMessenger/7.0.17(0x17001127) NetType/4G Language/zh_CN" "-" 0.000 -
117.136.66.173 - - [23/Oct/2020:10:01:21 +0800] "GET /js/jsConfig?url=http%3A%2F%2Fmall.tlpara.cn%2Fhome%2F&timestamp=1603418480&nonceStr=2c5afd438366c8 HTTP/1.1" 200 232 "http://mall.tlpara.cn/home/" "Mozilla/5.0 (iPhone; CPU iPhone OS 13_6 like Mac OS X) AppleWebKit/605.1.15 (KHTML, like Gecko) Mobile/15E148 MicroMessenger/7.0.17(0x17001127) NetType/4G Language/zh_CN" "-" 0.001 0.002
117.88.171.103 - - [23/Oct/2020:10:01:21 +0800] "GET /agent/check?il=5317863950761984&iid=5388276874051584 HTTP/1.1" 302 0 "-" "Mozilla/5.0 (Linux; Android 10; CLT-AL00 Build/HUAWEICLT-AL00; wv) AppleWebKit/537.36 (KHTML, like Gecko) Version/4.0 Chrome/78.0.3904.62 XWEB/2691 MMWEBSDK/200901 Mobile Safari/537.36 MMWEBID/2225 MicroMessenger/7.0.19.1760(0x27001353) Process/toolsmp WeChat/arm64 NetType/WIFI Language/zh_CN ABI/arm64" "-" 0.035 0.035
223.104.210.230 - - [23/Oct/2020:10:01:21 +0800] "POST /bill/product-code-bind/5588640724189184/0 HTTP/1.1" 200 58 "http://mall.tlpara.cn/bill/entry/code/5588640724189184" "Mozilla/5.0 (iPhone; CPU iPhone OS 13_6 like Mac OS X) AppleWebKit/605.1.15 (KHTML, like Gecko) Mobile/15E148 MicroMessenger/7.0.15(0x17000f31) NetType/4G Language/zh_CN" "-" 0.069 0.059
117.88.171.103 - - [23/Oct/2020:10:01:21 +0800] "GET /agent/center HTTP/1.1" 200 3243 "-" "Mozilla/5.0 (Linux; Android 10; CLT-AL00 Build/HUAWEICLT-AL00; wv) AppleWebKit/537.36 (KHTML, like Gecko) Version/4.0 Chrome/78.0.3904.62 XWEB/2691 MMWEBSDK/200901 Mobile Safari/537.36 MMWEBID/2225 MicroMessenger/7.0.19.1760(0x27001353) Process/toolsmp WeChat/arm64 NetType/WIFI Language/zh_CN ABI/arm64" "-" 0.100 0.099
223.104.210.230 - - [23/Oct/2020:10:01:21 +0800] "GET /bill/entry/code/5588640724189184 HTTP/1.1" 200 1804 "http://mall.tlpara.cn/bill/entry/code/5588640724189184" "Mozilla/5.0 (iPhone; CPU iPhone OS 13_6 like Mac OS X) AppleWebKit/605.1.15 (KHTML, like Gecko) Mobile/15E148 MicroMessenger/7.0.15(0x17000f31) NetType/4G Language/zh_CN" "-" 0.022 0.022
223.104.210.230 - - [23/Oct/2020:10:01:21 +0800] "GET /assets/dist/js/init.js?t=0.1.164 HTTP/1.1" 304 0 "http://mall.tlpara.cn/bill/entry/code/5588640724189184" "Mozilla/5.0 (iPhone; CPU iPhone OS 13_6 like Mac OS X) AppleWebKit/605.1.15 (KHTML, like Gecko) Mobile/15E148 MicroMessenger/7.0.15(0x17000f31) NetType/4G Language/zh_CN" "-" 0.000 -
223.104.210.230 - - [23/Oct/2020:10:01:21 +0800] "GET /assets/dist/js/util/date_picker.js?t=0.1.164 HTTP/1.1" 304 0 "http://mall.tlpara.cn/bill/entry/code/5588640724189184" "Mozilla/5.0 (iPhone; CPU iPhone OS 13_6 like Mac OS X) AppleWebKit/605.1.15 (KHTML, like Gecko) Mobile/15E148 MicroMessenger/7.0.15(0x17000f31) NetType/4G Language/zh_CN" "-" 0.000 -
223.104.210.230 - - [23/Oct/2020:10:01:21 +0800] "GET /assets/dist/css/ganroft.min.css?t=0.1.164 HTTP/1.1" 304 0 "http://mall.tlpara.cn/bill/entry/code/5588640724189184" "Mozilla/5.0 (iPhone; CPU iPhone OS 13_6 like Mac OS X) AppleWebKit/605.1.15 (KHTML, like Gecko) Mobile/15E148 MicroMessenger/7.0.15(0x17000f31) NetType/4G Language/zh_CN" "-" 0.000 -
223.104.210.230 - - [23/Oct/2020:10:01:21 +0800] "GET /assets/font/iconfont.js?t=0.1.164 HTTP/1.1" 304 0 "http://mall.tlpara.cn/bill/entry/code/5588640724189184" "Mozilla/5.0 (iPhone; CPU iPhone OS 13_6 like Mac OS X) AppleWebKit/605.1.15 (KHTML, like Gecko) Mobile/15E148 MicroMessenger/7.0.15(0x17000f31) NetType/4G Language/zh_CN" "-" 0.000 -
223.104.210.230 - - [23/Oct/2020:10:01:21 +0800] "GET /assets/font/iconfont.css?t=0.1.164 HTTP/1.1" 304 0 "http://mall.tlpara.cn/bill/entry/code/5588640724189184" "Mozilla/5.0 (iPhone; CPU iPhone OS 13_6 like Mac OS X) AppleWebKit/605.1.15 (KHTML, like Gecko) Mobile/15E148 MicroMessenger/7.0.15(0x17000f31) NetType/4G Language/zh_CN" "-" 0.000 -
223.104.210.230 - - [23/Oct/2020:10:01:21 +0800] "GET /assets/dist/js/util/util.js?t=0.1.164 HTTP/1.1" 304 0 "http://mall.tlpara.cn/bill/entry/code/5588640724189184" "Mozilla/5.0 (iPhone; CPU iPhone OS 13_6 like Mac OS X) AppleWebKit/605.1.15 (KHTML, like Gecko) Mobile/15E148 MicroMessenger/7.0.15(0x17000f31) NetType/4G Language/zh_CN" "-" 0.000 -
117.88.171.103 - - [23/Oct/2020:10:01:21 +0800] "GET /assets/dist/img/a_c_bg.png HTTP/1.1" 200 22716 "http://mall.tlpara.cn/agent/center" "Mozilla/5.0 (Linux; Android 10; CLT-AL00 Build/HUAWEICLT-AL00; wv) AppleWebKit/537.36 (KHTML, like Gecko) Version/4.0 Chrome/78.0.3904.62 XWEB/2691 MMWEBSDK/200901 Mobile Safari/537.36 MMWEBID/2225 MicroMessenger/7.0.19.1760(0x27001353) Process/toolsmp WeChat/arm64 NetType/WIFI Language/zh_CN ABI/arm64" "-" 0.000 -
223.104.210.230 - - [23/Oct/2020:10:01:21 +0800] "GET /assets/dist/js/util/reg.js?t=0.1.164 HTTP/1.1" 304 0 "http://mall.tlpara.cn/bill/entry/code/5588640724189184" "Mozilla/5.0 (iPhone; CPU iPhone OS 13_6 like Mac OS X) AppleWebKit/605.1.15 (KHTML, like Gecko) Mobile/15E148 MicroMessenger/7.0.15(0x17000f31) NetType/4G Language/zh_CN" "-" 0.000 -
223.104.210.230 - - [23/Oct/2020:10:01:21 +0800] "GET /assets/dist/js/agent/aec.js?t=0.1.164 HTTP/1.1" 304 0 "http://mall.tlpara.cn/bill/entry/code/5588640724189184" "Mozilla/5.0 (iPhone; CPU iPhone OS 13_6 like Mac OS X) AppleWebKit/605.1.15 (KHTML, like Gecko) Mobile/15E148 MicroMessenger/7.0.15(0x17000f31) NetType/4G Language/zh_CN" "-" 0.000 -
117.88.171.103 - - [23/Oct/2020:10:01:21 +0800] "GET /assets/dist/js/mc/index.js?t=0.1.164 HTTP/1.1" 200 2155 "http://mall.tlpara.cn/agent/center" "Mozilla/5.0 (Linux; Android 10; CLT-AL00 Build/HUAWEICLT-AL00; wv) AppleWebKit/537.36 (KHTML, like Gecko) Version/4.0 Chrome/78.0.3904.62 XWEB/2691 MMWEBSDK/200901 Mobile Safari/537.36 MMWEBID/2225 MicroMessenger/7.0.19.1760(0x27001353) Process/toolsmp WeChat/arm64 NetType/WIFI Language/zh_CN ABI/arm64" "-" 0.000 -
117.88.171.103 - - [23/Oct/2020:10:01:21 +0800] "GET /js/jsConfig?url=http%3A%2F%2Fmall.tlpara.cn%2Fagent%2Fcenter&timestamp=1603418483&nonceStr=4e7614f939b83 HTTP/1.1" 200 232 "http://mall.tlpara.cn/agent/center" "Mozilla/5.0 (Linux; Android 10; CLT-AL00 Build/HUAWEICLT-AL00; wv) AppleWebKit/537.36 (KHTML, like Gecko) Version/4.0 Chrome/78.0.3904.62 XWEB/2691 MMWEBSDK/200901 Mobile Safari/537.36 MMWEBID/2225 MicroMessenger/7.0.19.1760(0x27001353) Process/toolsmp WeChat/arm64 NetType/WIFI Language/zh_CN ABI/arm64" "-" 0.002 0.002
117.88.171.103 - - [23/Oct/2020:10:01:21 +0800] "GET /assets/dist/img/a_c_vbg.png HTTP/1.1" 200 33410 "http://mall.tlpara.cn/assets/dist/css/ganroft.min.css?t=0.1.164" "Mozilla/5.0 (Linux; Android 10; CLT-AL00 Build/HUAWEICLT-AL00; wv) AppleWebKit/537.36 (KHTML, like Gecko) Version/4.0 Chrome/78.0.3904.62 XWEB/2691 MMWEBSDK/200901 Mobile Safari/537.36 MMWEBID/2225 MicroMessenger/7.0.19.1760(0x27001353) Process/toolsmp WeChat/arm64 NetType/WIFI Language/zh_CN ABI/arm64" "-" 0.000 -
223.104.210.230 - - [23/Oct/2020:10:01:21 +0800] "GET /js/jsConfig?url=http%3A%2F%2Fmall.tlpara.cn%2Fbill%2Fentry%2Fcode%2F5588640724189184&timestamp=1603418481&nonceStr=99b61e28959918 HTTP/1.1" 200 233 "http://mall.tlpara.cn/bill/entry/code/5588640724189184" "Mozilla/5.0 (iPhone; CPU iPhone OS 13_6 like Mac OS X) AppleWebKit/605.1.15 (KHTML, like Gecko) Mobile/15E148 MicroMessenger/7.0.15(0x17000f31) NetType/4G Language/zh_CN" "-" 0.001 0.002
112.24.203.57 - - [23/Oct/2020:10:01:22 +0800] "GET /agent/purchase/list?type=2 HTTP/1.1" 200 14613 "http://mall.tlpara.cn/agent/center" "Mozilla/5.0 (Linux; Android 10; ELE-AL00 Build/HUAWEIELE-AL00; wv) AppleWebKit/537.36 (KHTML, like Gecko) Version/4.0 Chrome/78.0.3904.62 XWEB/2691 MMWEBSDK/200901 Mobile Safari/537.36 MMWEBID/1836 MicroMessenger/7.0.19.1760(0x27001353) Process/toolsmp WeChat/arm64 NetType/WIFI Language/zh_CN ABI/arm64" "-" 0.229 0.229
112.24.203.57 - - [23/Oct/2020:10:01:22 +0800] "GET /js/jsConfig?url=http%3A%2F%2Fmall.tlpara.cn%2Fagent%2Fpurchase%2Flist%3Ftype%3D2&timestamp=1603418482&nonceStr=c0b5c95cd0819 HTTP/1.1" 200 233 "http://mall.tlpara.cn/agent/purchase/list?type=2" "Mozilla/5.0 (Linux; Android 10; ELE-AL00 Build/HUAWEIELE-AL00; wv) AppleWebKit/537.36 (KHTML, like Gecko) Version/4.0 Chrome/78.0.3904.62 XWEB/2691 MMWEBSDK/200901 Mobile Safari/537.36 MMWEBID/1836 MicroMessenger/7.0.19.1760(0x27001353) Process/toolsmp WeChat/arm64 NetType/WIFI Language/zh_CN ABI/arm64" "-" 0.001 0.002
101.91.62.65 - - [23/Oct/2020:10:01:22 +0800] "GET /assets/dist/js/util/date_picker.js?t=0.1.164 HTTP/1.1" 200 2223 "http://mall.tlpara.cn:80/login/phone?rd=%2Fagent%2Fstockinventory%3Ft%3D2%26classId%3D0" "Mozilla/5.0 (iPhone; CPU iPhone OS 10_2_1 like Mac OS X) AppleWebKit/602.4.6 (KHTML, like Gecko) Mobile/14D27 MicroMessenger/6.5.5 NetType/WIFI Language/zh_CN" "-" 0.000 -
117.136.66.173 - - [23/Oct/2020:10:01:23 +0800] "GET /agent/ HTTP/1.1" 302 0 "http://mall.tlpara.cn/home/" "Mozilla/5.0 (iPhone; CPU iPhone OS 13_6 like Mac OS X) AppleWebKit/605.1.15 (KHTML, like Gecko) Mobile/15E148 MicroMessenger/7.0.17(0x17001127) NetType/4G Language/zh_CN" "-" 0.004 0.004
117.136.66.173 - - [23/Oct/2020:10:01:23 +0800] "GET /agent/center HTTP/1.1" 200 3293 "http://mall.tlpara.cn/home/" "Mozilla/5.0 (iPhone; CPU iPhone OS 13_6 like Mac OS X) AppleWebKit/605.1.15 (KHTML, like Gecko) Mobile/15E148 MicroMessenger/7.0.17(0x17001127) NetType/4G Language/zh_CN" "-" 0.097 0.097
117.136.66.173 - - [23/Oct/2020:10:01:23 +0800] "GET /js/jsConfig?url=http%3A%2F%2Fmall.tlpara.cn%2Fagent%2Fcenter&timestamp=1603418483&nonceStr=dc2b318874dc3 HTTP/1.1" 200 234 "http://mall.tlpara.cn/agent/center" "Mozilla/5.0 (iPhone; CPU iPhone OS 13_6 like Mac OS X) AppleWebKit/605.1.15 (KHTML, like Gecko) Mobile/15E148 MicroMessenger/7.0.17(0x17001127) NetType/4G Language/zh_CN" "-" 0.002 0.002
101.226.225.85 - - [23/Oct/2020:10:01:23 +0800] "GET /8B515VQS51L8 HTTP/1.1" 200 845 "-" "Mozilla/5.0 (Linux; Android 10; LIO-AN00 Build/HUAWEILIO-AN00; wv) AppleWebKit/537.36 (KHTML, like Gecko) Version/4.0 Chrome/77.0.3865.120 MQQBrowser/6.2 TBS/045409 Mobile Safari/537.36 MMWEBID/4507 MicroMessenger/7.0.19.1760(0x27001353) Process/tools WeChat/arm64 NetType/WIFI Language/zh_CN ABI/arm64" "122.240.51.233" 0.018 0.017
122.240.51.233 - - [23/Oct/2020:10:01:24 +0800] "GET /favicon.ico HTTP/1.1" 200 411 "http://s.tlpara.cn/8B515VQS51L8" "Mozilla/5.0 (Linux; Android 10; LIO-AN00 Build/HUAWEILIO-AN00; wv) AppleWebKit/537.36 (KHTML, like Gecko) Version/4.0 Chrome/77.0.3865.120 MQQBrowser/6.2 TBS/045409 Mobile Safari/537.36 MMWEBID/4507 MicroMessenger/7.0.19.1760(0x27001353) Process/tools WeChat/arm64 NetType/WIFI Language/zh_CN ABI/arm64" "-" 0.003 0.002
60.177.62.208 - - [23/Oct/2020:10:01:24 +0800] "GET /bill/product-code-bind?id=5587994527285248 HTTP/1.1" 200 4182 "http://manage.tlpara.cn/bill/purchase" "Mozilla/5.0 (Windows NT 10.0; Win64; x64) AppleWebKit/537.36 (KHTML, like Gecko) Chrome/75.0.3770.142 Safari/537.36" "-" 0.020 0.020
125.118.112.194 - - [23/Oct/2020:10:01:25 +0800] "GET /agent/examine/page?limitSize=10&limitStart=0&search=&status=1&examineType=-1&voucherType=0&logBegin=&logEnd=&wechat=&invitationSearch=&examineLevelId=0&_=1603418159212 HTTP/1.1" 200 7329 "http://manage.tlpara.cn/agent/examine" "Mozilla/5.0 (Windows NT 6.1; Win64; x64) AppleWebKit/537.36 (KHTML, like Gecko) Chrome/78.0.3904.97 Safari/537.36" "-" 0.183 0.183
117.136.66.173 - - [23/Oct/2020:10:01:25 +0800] "GET /agent/lower-level/loan HTTP/1.1" 200 2462 "http://mall.tlpara.cn/agent/center" "Mozilla/5.0 (iPhone; CPU iPhone OS 13_6 like Mac OS X) AppleWebKit/605.1.15 (KHTML, like Gecko) Mobile/15E148 MicroMessenger/7.0.17(0x17001127) NetType/4G Language/zh_CN" "-" 0.007 0.006
117.136.66.173 - - [23/Oct/2020:10:01:25 +0800] "GET /js/jsConfig?url=http%3A%2F%2Fmall.tlpara.cn%2Fagent%2Flower-level%2Floan&timestamp=1603418485&nonceStr=87a12d9cd17488 HTTP/1.1" 200 232 "http://mall.tlpara.cn/agent/lower-level/loan" "Mozilla/5.0 (iPhone; CPU iPhone OS 13_6 like Mac OS X) AppleWebKit/605.1.15 (KHTML, like Gecko) Mobile/15E148 MicroMessenger/7.0.17(0x17001127) NetType/4G Language/zh_CN" "-" 0.001 0.001
49.92.146.107 - - [23/Oct/2020:10:01:26 +0800] "GET /agent/purchase/list?type=2 HTTP/1.1" 200 14794 "http://mall.tlpara.cn/agent/center" "Mozilla/5.0 (iPhone; CPU iPhone OS 10_2 like Mac OS X) AppleWebKit/602.3.12 (KHTML, like Gecko) Mobile/14C92 MicroMessenger/7.0.17(0x17001127) NetType/4G Language/zh_CN" "-" 0.201 0.201
49.92.146.107 - - [23/Oct/2020:10:01:26 +0800] "GET /js/jsConfig?url=http%3A%2F%2Fmall.tlpara.cn%2Fagent%2Fpurchase%2Flist%3Ftype%3D2&timestamp=1603418486&nonceStr=47d42117bb4bd8 HTTP/1.1" 200 233 "http://mall.tlpara.cn/agent/purchase/list?type=2" "Mozilla/5.0 (iPhone; CPU iPhone OS 10_2 like Mac OS X) AppleWebKit/602.3.12 (KHTML, like Gecko) Mobile/14C92 MicroMessenger/7.0.17(0x17001127) NetType/4G Language/zh_CN" "-" 0.001 0.001
49.92.146.107 - - [23/Oct/2020:10:01:26 +0800] "GET /assets/dist/js/agent/p-l.js?t=0.1.164 HTTP/1.1" 200 6826 "http://mall.tlpara.cn/agent/purchase/list?type=2" "Mozilla/5.0 (iPhone; CPU iPhone OS 10_2 like Mac OS X) AppleWebKit/602.3.12 (KHTML, like Gecko) Mobile/14C92 MicroMessenger/7.0.17(0x17001127) NetType/4G Language/zh_CN" "-" 0.000 -
49.78.204.246 - - [23/Oct/2020:10:01:28 +0800] "GET /s/11860992946100383402 HTTP/1.1" 200 883 "-" "Mozilla/5.0 (iPhone; CPU iPhone OS 13_7 like Mac OS X) AppleWebKit/605.1.15 (KHTML, like Gecko) Mobile/15E148 MicroMessenger/7.0.17(0x17001127) NetType/4G Language/zh_CN" "-" 0.018 0.018
101.226.225.85 - - [23/Oct/2020:10:01:28 +0800] "GET /8B514RrBT1t0 HTTP/1.1" 200 844 "-" "Mozilla/5.0 (Linux; Android 10; LIO-AN00 Build/HUAWEILIO-AN00; wv) AppleWebKit/537.36 (KHTML, like Gecko) Version/4.0 Chrome/77.0.3865.120 MQQBrowser/6.2 TBS/045409 Mobile Safari/537.36 MMWEBID/4507 MicroMessenger/7.0.19.1760(0x27001353) Process/tools WeChat/arm64 NetType/WIFI Language/zh_CN ABI/arm64" "122.240.51.233" 0.015 0.014
122.240.51.233 - - [23/Oct/2020:10:01:28 +0800] "GET /favicon.ico HTTP/1.1" 200 411 "http://s.tlpara.cn/8B514RrBT1t0" "Mozilla/5.0 (Linux; Android 10; LIO-AN00 Build/HUAWEILIO-AN00; wv) AppleWebKit/537.36 (KHTML, like Gecko) Version/4.0 Chrome/77.0.3865.120 MQQBrowser/6.2 TBS/045409 Mobile Safari/537.36 MMWEBID/4507 MicroMessenger/7.0.19.1760(0x27001353) Process/tools WeChat/arm64 NetType/WIFI Language/zh_CN ABI/arm64" "-" 0.003 0.002
60.177.62.208 - - [23/Oct/2020:10:01:29 +0800] "GET /bill/product-code-search?id=P68866184357745787678 HTTP/1.1" 200 120 "http://manage.tlpara.cn/bill/product-code-bind?id=5587994527285248" "Mozilla/5.0 (Windows NT 10.0; Win64; x64) AppleWebKit/537.36 (KHTML, like Gecko) Chrome/75.0.3770.142 Safari/537.36" "-" 0.016 0.017
60.177.62.208 - - [23/Oct/2020:10:01:31 +0800] "GET /bill/product-code-search?id=P68866184357745787686 HTTP/1.1" 200 121 "http://manage.tlpara.cn/bill/product-code-bind?id=5587994527285248" "Mozilla/5.0 (Windows NT 10.0; Win64; x64) AppleWebKit/537.36 (KHTML, like Gecko) Chrome/75.0.3770.142 Safari/537.36" "-" 0.006 0.006
125.107.58.139 - - [23/Oct/2020:10:01:31 +0800] "GET /js/jsConfig?url=http%3A%2F%2Fmall.tlpara.cn%2Fagent%2Flower-level%2Floan&timestamp=1603418491&nonceStr=1773fa64d4313 HTTP/1.1" 200 232 "http://mall.tlpara.cn/agent/lower-level/loan" "Mozilla/5.0 (iPhone; CPU iPhone OS 14_0_1 like Mac OS X) AppleWebKit/605.1.15 (KHTML, like Gecko) Mobile/15E148 MicroMessenger/7.0.17(0x17001127) NetType/WIFI Language/zh_CN" "-" 0.000 0.001
101.226.225.85 - - [23/Oct/2020:10:01:33 +0800] "GET /8B516n9Sq6k1 HTTP/1.1" 200 857 "-" "Mozilla/5.0 (Linux; Android 10; LIO-AN00 Build/HUAWEILIO-AN00; wv) AppleWebKit/537.36 (KHTML, like Gecko) Version/4.0 Chrome/77.0.3865.120 MQQBrowser/6.2 TBS/045409 Mobile Safari/537.36 MMWEBID/4507 MicroMessenger/7.0.19.1760(0x27001353) Process/tools WeChat/arm64 NetType/WIFI Language/zh_CN ABI/arm64" "122.240.51.233" 0.016 0.015
122.240.51.233 - - [23/Oct/2020:10:01:33 +0800] "GET /favicon.ico HTTP/1.1" 200 411 "http://s.tlpara.cn/8B516n9Sq6k1" "Mozilla/5.0 (Linux; Android 10; LIO-AN00 Build/HUAWEILIO-AN00; wv) AppleWebKit/537.36 (KHTML, like Gecko) Version/4.0 Chrome/77.0.3865.120 MQQBrowser/6.2 TBS/045409 Mobile Safari/537.36 MMWEBID/4507 MicroMessenger/7.0.19.1760(0x27001353) Process/tools WeChat/arm64 NetType/WIFI Language/zh_CN ABI/arm64" "-" 0.002 0.001
218.93.18.245 - - [23/Oct/2020:10:01:34 +0800] "GET / HTTP/1.1" 302 0 "-" "Mozilla/5.0 (Linux; Android 10; HMA-AL00 Build/HUAWEIHMA-AL00; wv) AppleWebKit/537.36 (KHTML, like Gecko) Version/4.0 Chrome/78.0.3904.62 XWEB/2691 MMWEBSDK/200901 Mobile Safari/537.36 MMWEBID/3100 MicroMessenger/7.0.19.1760(0x27001353) Process/toolsmp WeChat/arm64 NetType/WIFI Language/zh_CN ABI/arm64" "-" 0.001 0.000
218.93.18.245 - - [23/Oct/2020:10:01:34 +0800] "GET /home/ HTTP/1.1" 200 4582 "-" "Mozilla/5.0 (Linux; Android 10; HMA-AL00 Build/HUAWEIHMA-AL00; wv) AppleWebKit/537.36 (KHTML, like Gecko) Version/4.0 Chrome/78.0.3904.62 XWEB/2691 MMWEBSDK/200901 Mobile Safari/537.36 MMWEBID/3100 MicroMessenger/7.0.19.1760(0x27001353) Process/toolsmp WeChat/arm64 NetType/WIFI Language/zh_CN ABI/arm64" "-" 0.000 -
125.118.112.194 - - [23/Oct/2020:10:01:34 +0800] "POST /agent/examine/voucher-fail HTTP/1.1" 200 32 "http://manage.tlpara.cn/agent/examine" "Mozilla/5.0 (Windows NT 6.1; Win64; x64) AppleWebKit/537.36 (KHTML, like Gecko) Chrome/78.0.3904.97 Safari/537.36" "-" 0.370 0.369
218.93.18.245 - - [23/Oct/2020:10:01:34 +0800] "GET /js/jsConfig?url=http%3A%2F%2Fmall.tlpara.cn%2Fhome%2F&timestamp=1603418494&nonceStr=59f13962713f3 HTTP/1.1" 200 232 "http://mall.tlpara.cn/home/" "Mozilla/5.0 (Linux; Android 10; HMA-AL00 Build/HUAWEIHMA-AL00; wv) AppleWebKit/537.36 (KHTML, like Gecko) Version/4.0 Chrome/78.0.3904.62 XWEB/2691 MMWEBSDK/200901 Mobile Safari/537.36 MMWEBID/3100 MicroMessenger/7.0.19.1760(0x27001353) Process/toolsmp WeChat/arm64 NetType/WIFI Language/zh_CN ABI/arm64" "-" 0.001 0.000
60.177.62.208 - - [23/Oct/2020:10:01:34 +0800] "GET /bill/product-code-search?id=P68866184357745787695 HTTP/1.1" 200 121 "http://manage.tlpara.cn/bill/product-code-bind?id=5587994527285248" "Mozilla/5.0 (Windows NT 10.0; Win64; x64) AppleWebKit/537.36 (KHTML, like Gecko) Chrome/75.0.3770.142 Safari/537.36" "-" 0.005 0.005
125.118.112.194 - - [23/Oct/2020:10:01:34 +0800] "GET /agent/examine/page?limitSize=10&limitStart=0&search=&status=1&examineType=-1&voucherType=0&logBegin=&logEnd=&wechat=&invitationSearch=&examineLevelId=0&_=1603418159213 HTTP/1.1" 200 7329 "http://manage.tlpara.cn/agent/examine" "Mozilla/5.0 (Windows NT 6.1; Win64; x64) AppleWebKit/537.36 (KHTML, like Gecko) Chrome/78.0.3904.97 Safari/537.36" "-" 0.182 0.182
218.93.18.245 - - [23/Oct/2020:10:01:35 +0800] "GET /agent/ HTTP/1.1" 302 0 "http://mall.tlpara.cn/home/" "Mozilla/5.0 (Linux; Android 10; HMA-AL00 Build/HUAWEIHMA-AL00; wv) AppleWebKit/537.36 (KHTML, like Gecko) Version/4.0 Chrome/78.0.3904.62 XWEB/2691 MMWEBSDK/200901 Mobile Safari/537.36 MMWEBID/3100 MicroMessenger/7.0.19.1760(0x27001353) Process/toolsmp WeChat/arm64 NetType/WIFI Language/zh_CN ABI/arm64" "-" 0.017 0.018
125.118.112.194 - - [23/Oct/2020:10:01:35 +0800] "GET /agent/examine/page?limitSize=10&limitStart=0&search=&status=1&examineType=-1&voucherType=0&logBegin=&logEnd=&wechat=&invitationSearch=&examineLevelId=0&_=1603418159214 HTTP/1.1" 200 7329 "http://manage.tlpara.cn/agent/examine" "Mozilla/5.0 (Windows NT 6.1; Win64; x64) AppleWebKit/537.36 (KHTML, like Gecko) Chrome/78.0.3904.97 Safari/537.36" "-" 0.227 0.227
218.93.18.245 - - [23/Oct/2020:10:01:35 +0800] "GET /agent/center HTTP/1.1" 200 3294 "http://mall.tlpara.cn/home/" "Mozilla/5.0 (Linux; Android 10; HMA-AL00 Build/HUAWEIHMA-AL00; wv) AppleWebKit/537.36 (KHTML, like Gecko) Version/4.0 Chrome/78.0.3904.62 XWEB/2691 MMWEBSDK/200901 Mobile Safari/537.36 MMWEBID/3100 MicroMessenger/7.0.19.1760(0x27001353) Process/toolsmp WeChat/arm64 NetType/WIFI Language/zh_CN ABI/arm64" "-" 0.141 0.142
218.93.18.245 - - [23/Oct/2020:10:01:35 +0800] "GET /js/jsConfig?url=http%3A%2F%2Fmall.tlpara.cn%2Fagent%2Fcenter&timestamp=1603418495&nonceStr=6d210b926c10d HTTP/1.1" 200 233 "http://mall.tlpara.cn/agent/center" "Mozilla/5.0 (Linux; Android 10; HMA-AL00 Build/HUAWEIHMA-AL00; wv) AppleWebKit/537.36 (KHTML, like Gecko) Version/4.0 Chrome/78.0.3904.62 XWEB/2691 MMWEBSDK/200901 Mobile Safari/537.36 MMWEBID/3100 MicroMessenger/7.0.19.1760(0x27001353) Process/toolsmp WeChat/arm64 NetType/WIFI Language/zh_CN ABI/arm64" "-" 0.001 0.001
60.177.62.208 - - [23/Oct/2020:10:01:36 +0800] "POST /bill/product-code-bind/5587994527285248/0 HTTP/1.1" 200 58 "http://manage.tlpara.cn/bill/product-code-bind?id=5587994527285248" "Mozilla/5.0 (Windows NT 10.0; Win64; x64) AppleWebKit/537.36 (KHTML, like Gecko) Chrome/75.0.3770.142 Safari/537.36" "-" 0.025 0.025
60.177.62.208 - - [23/Oct/2020:10:01:36 +0800] "GET /bill/product-code-bind?id=5587994527285248 HTTP/1.1" 200 3937 "http://manage.tlpara.cn/bill/product-code-bind?id=5587994527285248" "Mozilla/5.0 (Windows NT 10.0; Win64; x64) AppleWebKit/537.36 (KHTML, like Gecko) Chrome/75.0.3770.142 Safari/537.36" "-" 0.021 0.021
218.93.18.245 - - [23/Oct/2020:10:01:36 +0800] "GET /agent/self/purchase?doneNode=1 HTTP/1.1" 200 2923 "http://mall.tlpara.cn/agent/center" "Mozilla/5.0 (Linux; Android 10; HMA-AL00 Build/HUAWEIHMA-AL00; wv) AppleWebKit/537.36 (KHTML, like Gecko) Version/4.0 Chrome/78.0.3904.62 XWEB/2691 MMWEBSDK/200901 Mobile Safari/537.36 MMWEBID/3100 MicroMessenger/7.0.19.1760(0x27001353) Process/toolsmp WeChat/arm64 NetType/WIFI Language/zh_CN ABI/arm64" "-" 0.040 0.040
218.93.18.245 - - [23/Oct/2020:10:01:36 +0800] "GET /js/jsConfig?url=http%3A%2F%2Fmall.tlpara.cn%2Fagent%2Fself%2Fpurchase%3FdoneNode%3D1&timestamp=1603418496&nonceStr=3454f8395263f HTTP/1.1" 200 233 "http://mall.tlpara.cn/agent/self/purchase?doneNode=1" "Mozilla/5.0 (Linux; Android 10; HMA-AL00 Build/HUAWEIHMA-AL00; wv) AppleWebKit/537.36 (KHTML, like Gecko) Version/4.0 Chrome/78.0.3904.62 XWEB/2691 MMWEBSDK/200901 Mobile Safari/537.36 MMWEBID/3100 MicroMessenger/7.0.19.1760(0x27001353) Process/toolsmp WeChat/arm64 NetType/WIFI Language/zh_CN ABI/arm64" "-" 0.002 0.001
125.118.112.194 - - [23/Oct/2020:10:01:39 +0800] "GET /bill/stock HTTP/1.1" 200 5216 "-" "Mozilla/5.0 (Windows NT 6.1; Win64; x64) AppleWebKit/537.36 (KHTML, like Gecko) Chrome/86.0.4240.75 Safari/537.36" "-" 0.006 0.006
125.118.112.194 - - [23/Oct/2020:10:01:39 +0800] "GET /finance/undertheline HTTP/1.1" 200 4388 "-" "Mozilla/5.0 (Windows NT 6.1; Win64; x64) AppleWebKit/537.36 (KHTML, like Gecko) Chrome/78.0.3904.97 Safari/537.36" "-" 0.008 0.008
125.118.112.194 - - [23/Oct/2020:10:01:39 +0800] "GET /finance/undertheline/page?limitSize=50&limitStart=0&search=&number=&loanBegin=&loanEnd=&status=0&rechargeType=-1&queryType=0&_=1603418415379 HTTP/1.1" 200 52 "http://manage.tlpara.cn/finance/undertheline" "Mozilla/5.0 (Windows NT 6.1; Win64; x64) AppleWebKit/537.36 (KHTML, like Gecko) Chrome/78.0.3904.97 Safari/537.36" "-" 0.042 0.043
125.118.112.194 - - [23/Oct/2020:10:01:39 +0800] "GET /finance/undertheline/page?limitSize=50&limitStart=0&search=&number=&loanBegin=&loanEnd=&status=0&rechargeType=-1&queryType=1&_=1603418415380 HTTP/1.1" 200 1785 "http://manage.tlpara.cn/finance/undertheline" "Mozilla/5.0 (Windows NT 6.1; Win64; x64) AppleWebKit/537.36 (KHTML, like Gecko) Chrome/78.0.3904.97 Safari/537.36" "-" 0.063 0.063
125.118.112.194 - - [23/Oct/2020:10:01:39 +0800] "GET /finance/undertheline/page?limitSize=50&limitStart=0&search=&number=&loanBegin=&loanEnd=&status=-1&rechargeType=-1&queryType=-1&_=1603418415381 HTTP/1.1" 200 9651 "http://manage.tlpara.cn/finance/undertheline" "Mozilla/5.0 (Windows NT 6.1; Win64; x64) AppleWebKit/537.36 (KHTML, like Gecko) Chrome/78.0.3904.97 Safari/537.36" "-" 0.237 0.237
125.118.112.194 - - [23/Oct/2020:10:01:40 +0800] "GET /bill/stock/page?limitSize=10&limitStart=0&search=&billId=&agentSearch=&orderBy=0&type=0&doneNode=-1&sendType=-1&forward=-1&mt=-1&birthGe=&birthLt=&productId=0&consignor=-1&originBill=-1&sendBegin=&sendEnd=&_=1603418494468 HTTP/1.1" 200 4755 "http://manage.tlpara.cn/bill/stock" "Mozilla/5.0 (Windows NT 6.1; Win64; x64) AppleWebKit/537.36 (KHTML, like Gecko) Chrome/86.0.4240.75 Safari/537.36" "-" 0.738 0.737
60.177.62.208 - - [23/Oct/2020:10:01:40 +0800] "GET /bill/all?limitSize=10&limitStart=0&search=&agentSearch=&orderBy=1&type=0&doneNode=22&mt=1&birthGe=&birthLt=&productId=37673&_=1603412402255 HTTP/1.1" 200 3659 "http://manage.tlpara.cn/bill/purchase" "Mozilla/5.0 (Windows NT 10.0; Win64; x64) AppleWebKit/537.36 (KHTML, like Gecko) Chrome/75.0.3770.142 Safari/537.36" "-" 0.934 0.934
49.78.203.193 - - [23/Oct/2020:10:01:41 +0800] "POST /service/upload HTTP/1.1" 200 133 "http://mall.tlpara.cn/agent/recharge" "Mozilla/5.0 (iPhone; CPU iPhone OS 13_6 like Mac OS X) AppleWebKit/605.1.15 (KHTML, like Gecko) Mobile/15E148 MicroMessenger/7.0.17(0x17001127) NetType/4G Language/zh_CN" "-" 1.289 0.057
60.177.62.208 - - [23/Oct/2020:10:01:41 +0800] "GET /bill/product-send-out/5587994527285248 HTTP/1.1" 200 4213 "http://manage.tlpara.cn/bill/purchase" "Mozilla/5.0 (Windows NT 10.0; Win64; x64) AppleWebKit/537.36 (KHTML, like Gecko) Chrome/75.0.3770.142 Safari/537.36" "-" 0.078 0.079
125.118.112.194 - - [23/Oct/2020:10:01:41 +0800] "GET /bill/stock/page?limitSize=10&limitStart=0&search=&billId=5587704483315712&agentSearch=&orderBy=0&type=0&doneNode=-1&sendType=-1&forward=-1&mt=-1&birthGe=&birthLt=&productId=0&consignor=-1&originBill=-1&sendBegin=&sendEnd=&_=1603418494469 HTTP/1.1" 200 1588 "http://manage.tlpara.cn/bill/stock" "Mozilla/5.0 (Windows NT 6.1; Win64; x64) AppleWebKit/537.36 (KHTML, like Gecko) Chrome/86.0.4240.75 Safari/537.36" "-" 0.076 0.075
218.93.18.245 - - [23/Oct/2020:10:01:42 +0800] "GET /agent/self/purchase?doneNode=5 HTTP/1.1" 200 3551 "http://mall.tlpara.cn/agent/self/purchase?doneNode=1" "Mozilla/5.0 (Linux; Android 10; HMA-AL00 Build/HUAWEIHMA-AL00; wv) AppleWebKit/537.36 (KHTML, like Gecko) Version/4.0 Chrome/78.0.3904.62 XWEB/2691 MMWEBSDK/200901 Mobile Safari/537.36 MMWEBID/3100 MicroMessenger/7.0.19.1760(0x27001353) Process/toolsmp WeChat/arm64 NetType/WIFI Language/zh_CN ABI/arm64" "-" 0.082 0.082
218.93.18.245 - - [23/Oct/2020:10:01:42 +0800] "GET /js/jsConfig?url=http%3A%2F%2Fmall.tlpara.cn%2Fagent%2Fself%2Fpurchase%3FdoneNode%3D5&timestamp=1603418503&nonceStr=0da3f8c641866 HTTP/1.1" 200 233 "http://mall.tlpara.cn/agent/self/purchase?doneNode=5" "Mozilla/5.0 (Linux; Android 10; HMA-AL00 Build/HUAWEIHMA-AL00; wv) AppleWebKit/537.36 (KHTML, like Gecko) Version/4.0 Chrome/78.0.3904.62 XWEB/2691 MMWEBSDK/200901 Mobile Safari/537.36 MMWEBID/3100 MicroMessenger/7.0.19.1760(0x27001353) Process/toolsmp WeChat/arm64 NetType/WIFI Language/zh_CN ABI/arm64" "-" 0.001 0.002
101.91.62.65 - - [23/Oct/2020:10:01:43 +0800] "GET /assets/dist/js/util/util.js?t=0.1.164 HTTP/1.1" 200 15780 "http://mall.tlpara.cn:80/login/phone?rd=%2Fagent%2Fstockinventory%3Ft%3D2%26classId%3D0" "Mozilla/5.0 (Linux; Android 6.0.1; OPPO R9s Build/MMB29M) AppleWebKit/537.36 (KHTML, like Gecko) Version/4.0 Chrome/37.0.0.0 Mobile MQQBrowser/6.9 TBS/036906 Safari/537.36 MicroMessenger/6.5.4.1000 NetType/4G Language/zh_CN" "-" 0.000 -
125.118.112.194 - - [23/Oct/2020:10:01:43 +0800] "GET /bill/detail/5587704483315712?type=0 HTTP/1.1" 200 5551 "http://manage.tlpara.cn/bill/stock" "Mozilla/5.0 (Windows NT 6.1; Win64; x64) AppleWebKit/537.36 (KHTML, like Gecko) Chrome/86.0.4240.75 Safari/537.36" "-" 0.039 0.038
122.96.44.32 - - [23/Oct/2020:10:01:44 +0800] "GET /agent/ HTTP/1.1" 302 0 "http://mall.tlpara.cn/home/" "Mozilla/5.0 (iPhone; CPU iPhone OS 13_1_3 like Mac OS X) AppleWebKit/605.1.15 (KHTML, like Gecko) Mobile/15E148 MicroMessenger/7.0.17(0x17001127) NetType/4G Language/zh_CN" "-" 0.004 0.003
218.93.18.245 - - [23/Oct/2020:10:01:44 +0800] "GET /agent/self/purchase/detail/5588183118069760 HTTP/1.1" 200 2943 "http://mall.tlpara.cn/agent/self/purchase?doneNode=5" "Mozilla/5.0 (Linux; Android 10; HMA-AL00 Build/HUAWEIHMA-AL00; wv) AppleWebKit/537.36 (KHTML, like Gecko) Version/4.0 Chrome/78.0.3904.62 XWEB/2691 MMWEBSDK/200901 Mobile Safari/537.36 MMWEBID/3100 MicroMessenger/7.0.19.1760(0x27001353) Process/toolsmp WeChat/arm64 NetType/WIFI Language/zh_CN ABI/arm64" "-" 0.034 0.033
122.96.44.32 - - [23/Oct/2020:10:01:44 +0800] "GET /agent/center HTTP/1.1" 200 3240 "http://mall.tlpara.cn/home/" "Mozilla/5.0 (iPhone; CPU iPhone OS 13_1_3 like Mac OS X) AppleWebKit/605.1.15 (KHTML, like Gecko) Mobile/15E148 MicroMessenger/7.0.17(0x17001127) NetType/4G Language/zh_CN" "-" 0.134 0.134
218.93.18.245 - - [23/Oct/2020:10:01:44 +0800] "GET /js/jsConfig?url=http%3A%2F%2Fmall.tlpara.cn%2Fagent%2Fself%2Fpurchase%2Fdetail%2F5588183118069760&timestamp=1603418505&nonceStr=3d44dc3819335 HTTP/1.1" 200 232 "http://mall.tlpara.cn/agent/self/purchase/detail/5588183118069760" "Mozilla/5.0 (Linux; Android 10; HMA-AL00 Build/HUAWEIHMA-AL00; wv) AppleWebKit/537.36 (KHTML, like Gecko) Version/4.0 Chrome/78.0.3904.62 XWEB/2691 MMWEBSDK/200901 Mobile Safari/537.36 MMWEBID/3100 MicroMessenger/7.0.19.1760(0x27001353) Process/toolsmp WeChat/arm64 NetType/WIFI Language/zh_CN ABI/arm64" "-" 0.001 0.002
122.96.44.32 - - [23/Oct/2020:10:01:44 +0800] "GET /js/jsConfig?url=http%3A%2F%2Fmall.tlpara.cn%2Fagent%2Fcenter&timestamp=1603418504&nonceStr=5cc9526210e92 HTTP/1.1" 200 233 "http://mall.tlpara.cn/agent/center" "Mozilla/5.0 (iPhone; CPU iPhone OS 13_1_3 like Mac OS X) AppleWebKit/605.1.15 (KHTML, like Gecko) Mobile/15E148 MicroMessenger/7.0.17(0x17001127) NetType/4G Language/zh_CN" "-" 0.001 0.001
49.78.203.193 - - [23/Oct/2020:10:01:45 +0800] "POST /agent/submitvoucher HTTP/1.1" 200 32 "http://mall.tlpara.cn/agent/recharge" "Mozilla/5.0 (iPhone; CPU iPhone OS 13_6 like Mac OS X) AppleWebKit/605.1.15 (KHTML, like Gecko) Mobile/15E148 MicroMessenger/7.0.17(0x17001127) NetType/4G Language/zh_CN" "-" 0.124 0.123
49.78.203.193 - - [23/Oct/2020:10:01:45 +0800] "GET /agent/recharge/log HTTP/1.1" 200 2801 "http://mall.tlpara.cn/agent/recharge" "Mozilla/5.0 (iPhone; CPU iPhone OS 13_6 like Mac OS X) AppleWebKit/605.1.15 (KHTML, like Gecko) Mobile/15E148 MicroMessenger/7.0.17(0x17001127) NetType/4G Language/zh_CN" "-" 0.022 0.022
49.78.203.193 - - [23/Oct/2020:10:01:45 +0800] "GET /js/jsConfig?url=http%3A%2F%2Fmall.tlpara.cn%2Fagent%2Frecharge%2Flog&timestamp=1603418505&nonceStr=2420defe710f4 HTTP/1.1" 200 231 "http://mall.tlpara.cn/agent/recharge/log" "Mozilla/5.0 (iPhone; CPU iPhone OS 13_6 like Mac OS X) AppleWebKit/605.1.15 (KHTML, like Gecko) Mobile/15E148 MicroMessenger/7.0.17(0x17001127) NetType/4G Language/zh_CN" "-" 0.002 0.001
49.78.203.193 - - [23/Oct/2020:10:01:45 +0800] "GET /assets/dist/js/agent/mml.js?t=0.1.164 HTTP/1.1" 200 543 "http://mall.tlpara.cn/agent/recharge/log" "Mozilla/5.0 (iPhone; CPU iPhone OS 13_6 like Mac OS X) AppleWebKit/605.1.15 (KHTML, like Gecko) Mobile/15E148 MicroMessenger/7.0.17(0x17001127) NetType/4G Language/zh_CN" "-" 0.000 -
125.118.112.194 - - [23/Oct/2020:10:01:46 +0800] "GET /bill/pb/cancel/5587704483315712 HTTP/1.1" 200 69 "http://manage.tlpara.cn/bill/stock" "Mozilla/5.0 (Windows NT 6.1; Win64; x64) AppleWebKit/537.36 (KHTML, like Gecko) Chrome/86.0.4240.75 Safari/537.36" "-" 0.064 0.064
125.118.112.194 - - [23/Oct/2020:10:01:46 +0800] "GET /bill/stock/page?limitSize=10&limitStart=0&search=&billId=5587704483315712&agentSearch=&orderBy=0&type=0&doneNode=-1&sendType=-1&forward=-1&mt=-1&birthGe=&birthLt=&productId=0&consignor=-1&originBill=-1&sendBegin=&sendEnd=&_=1603418494470 HTTP/1.1" 200 1587 "http://manage.tlpara.cn/bill/stock" "Mozilla/5.0 (Windows NT 6.1; Win64; x64) AppleWebKit/537.36 (KHTML, like Gecko) Chrome/86.0.4240.75 Safari/537.36" "-" 0.102 0.103
122.96.44.32 - - [23/Oct/2020:10:01:47 +0800] "GET /agent/purchase/list?type=2 HTTP/1.1" 200 14634 "http://mall.tlpara.cn/agent/center" "Mozilla/5.0 (iPhone; CPU iPhone OS 13_1_3 like Mac OS X) AppleWebKit/605.1.15 (KHTML, like Gecko) Mobile/15E148 MicroMessenger/7.0.17(0x17001127) NetType/4G Language/zh_CN" "-" 0.252 0.252
