122.96.82.240 - - [23/Oct/2020:10:06:18 +0800] "GET /agent/forward/rule?id=5587581196107776 HTTP/1.1" 200 71 "http://mall.tlpara.cn/agent/lowerlevel/purchase?doneNode=1" "Mozilla/5.0 (iPhone; CPU iPhone OS 14_0 like Mac OS X) AppleWebKit/605.1.15 (KHTML, like Gecko) Mobile/15E148 MicroMessenger/7.0.17(0x17001127) NetType/WIFI Language/zh_CN" "-" 0.031 0.030
122.96.82.240 - - [23/Oct/2020:10:06:18 +0800] "GET /agent/lower-level/purchase/forward/5587581196107776 HTTP/1.1" 200 1767 "http://mall.tlpara.cn/agent/lowerlevel/purchase?doneNode=1" "Mozilla/5.0 (iPhone; CPU iPhone OS 14_0 like Mac OS X) AppleWebKit/605.1.15 (KHTML, like Gecko) Mobile/15E148 MicroMessenger/7.0.17(0x17001127) NetType/WIFI Language/zh_CN" "-" 0.015 0.016
122.96.82.240 - - [23/Oct/2020:10:06:18 +0800] "GET /js/jsConfig?url=http%3A%2F%2Fmall.tlpara.cn%2Fagent%2Flower-level%2Fpurchase%2Fforward%2F5587581196107776&timestamp=1603418778&nonceStr=2d5c3c383554d HTTP/1.1" 200 232 "http://mall.tlpara.cn/agent/lower-level/purchase/forward/5587581196107776" "Mozilla/5.0 (iPhone; CPU iPhone OS 14_0 like Mac OS X) AppleWebKit/605.1.15 (KHTML, like Gecko) Mobile/15E148 MicroMessenger/7.0.17(0x17001127) NetType/WIFI Language/zh_CN" "-" 0.002 0.001
122.96.82.240 - - [23/Oct/2020:10:06:18 +0800] "GET /assets/dist/js/agent/llpd.js?t=0.1.164 HTTP/1.1" 200 176 "http://mall.tlpara.cn/agent/lower-level/purchase/forward/5587581196107776" "Mozilla/5.0 (iPhone; CPU iPhone OS 14_0 like Mac OS X) AppleWebKit/605.1.15 (KHTML, like Gecko) Mobile/15E148 MicroMessenger/7.0.17(0x17001127) NetType/WIFI Language/zh_CN" "-" 0.000 -
39.188.16.3 - - [23/Oct/2020:10:06:18 +0800] "GET /agent/examine/detail/5588824283512832 HTTP/1.1" 200 2185 "http://mall.tlpara.cn/agent/examine" "Mozilla/5.0 (Linux; Android 10; ELS-AN00 Build/HUAWEIELS-AN00; wv) AppleWebKit/537.36 (KHTML, like Gecko) Version/4.0 Chrome/78.0.3904.62 XWEB/2691 MMWEBSDK/200901 Mobile Safari/537.36 MMWEBID/837 MicroMessenger/7.0.19.1760(0x27001353) Process/toolsmp WeChat/arm64 NetType/WIFI Language/zh_CN ABI/arm64" "-" 0.012 0.011
39.188.16.3 - - [23/Oct/2020:10:06:18 +0800] "GET /assets/dist/js/agent/ed.js?t=0.1.164 HTTP/1.1" 200 1514 "http://mall.tlpara.cn/agent/examine/detail/5588824283512832" "Mozilla/5.0 (Linux; Android 10; ELS-AN00 Build/HUAWEIELS-AN00; wv) AppleWebKit/537.36 (KHTML, like Gecko) Version/4.0 Chrome/78.0.3904.62 XWEB/2691 MMWEBSDK/200901 Mobile Safari/537.36 MMWEBID/837 MicroMessenger/7.0.19.1760(0x27001353) Process/toolsmp WeChat/arm64 NetType/WIFI Language/zh_CN ABI/arm64" "-" 0.000 -
39.188.16.3 - - [23/Oct/2020:10:06:19 +0800] "GET /js/jsConfig?url=http%3A%2F%2Fmall.tlpara.cn%2Fagent%2Fexamine%2Fdetail%2F5588824283512832&timestamp=1603418780&nonceStr=80fa5e9f966c6 HTTP/1.1" 200 231 "http://mall.tlpara.cn/agent/examine/detail/5588824283512832" "Mozilla/5.0 (Linux; Android 10; ELS-AN00 Build/HUAWEIELS-AN00; wv) AppleWebKit/537.36 (KHTML, like Gecko) Version/4.0 Chrome/78.0.3904.62 XWEB/2691 MMWEBSDK/200901 Mobile Safari/537.36 MMWEBID/837 MicroMessenger/7.0.19.1760(0x27001353) Process/toolsmp WeChat/arm64 NetType/WIFI Language/zh_CN ABI/arm64" "-" 0.001 0.002
60.177.62.208 - - [23/Oct/2020:10:06:19 +0800] "POST /bill/basic/sendgoods HTTP/1.1" 200 63 "http://manage.tlpara.cn/bill/product-send-out/5587994597588992" "Mozilla/5.0 (Windows NT 10.0; Win64; x64) AppleWebKit/537.36 (KHTML, like Gecko) Chrome/75.0.3770.142 Safari/537.36" "-" 0.078 0.077
60.177.62.208 - - [23/Oct/2020:10:06:19 +0800] "GET /bill/product-send-out/5587994597588992 HTTP/1.1" 200 4242 "http://manage.tlpara.cn/bill/product-send-out/5587994597588992" "Mozilla/5.0 (Windows NT 10.0; Win64; x64) AppleWebKit/537.36 (KHTML, like Gecko) Chrome/75.0.3770.142 Safari/537.36" "-" 0.060 0.058
122.96.82.240 - - [23/Oct/2020:10:06:19 +0800] "GET /agent/forward/purchase/confirm/5587581196107776 HTTP/1.1" 200 4400 "http://mall.tlpara.cn/agent/lower-level/purchase/forward/5587581196107776" "Mozilla/5.0 (iPhone; CPU iPhone OS 14_0 like Mac OS X) AppleWebKit/605.1.15 (KHTML, like Gecko) Mobile/15E148 MicroMessenger/7.0.17(0x17001127) NetType/WIFI Language/zh_CN" "-" 0.034 0.033
122.96.82.240 - - [23/Oct/2020:10:06:19 +0800] "GET /js/jsConfig?url=http%3A%2F%2Fmall.tlpara.cn%2Fagent%2Fforward%2Fpurchase%2Fconfirm%2F5587581196107776&timestamp=1603418779&nonceStr=974162d026abc HTTP/1.1" 200 232 "http://mall.tlpara.cn/agent/forward/purchase/confirm/5587581196107776" "Mozilla/5.0 (iPhone; CPU iPhone OS 14_0 like Mac OS X) AppleWebKit/605.1.15 (KHTML, like Gecko) Mobile/15E148 MicroMessenger/7.0.17(0x17001127) NetType/WIFI Language/zh_CN" "-" 0.001 0.001
122.96.82.240 - - [23/Oct/2020:10:06:19 +0800] "GET /assets/dist/img/top-bg.png HTTP/1.1" 200 12853 "http://mall.tlpara.cn/agent/forward/purchase/confirm/5587581196107776" "Mozilla/5.0 (iPhone; CPU iPhone OS 14_0 like Mac OS X) AppleWebKit/605.1.15 (KHTML, like Gecko) Mobile/15E148 MicroMessenger/7.0.17(0x17001127) NetType/WIFI Language/zh_CN" "-" 0.000 -
122.96.82.240 - - [23/Oct/2020:10:06:19 +0800] "GET /assets/dist/js/forward/fpbc.js?t=0.1.164 HTTP/1.1" 200 4872 "http://mall.tlpara.cn/agent/forward/purchase/confirm/5587581196107776" "Mozilla/5.0 (iPhone; CPU iPhone OS 14_0 like Mac OS X) AppleWebKit/605.1.15 (KHTML, like Gecko) Mobile/15E148 MicroMessenger/7.0.17(0x17001127) NetType/WIFI Language/zh_CN" "-" 0.000 -
61.151.178.175 - - [23/Oct/2020:10:06:21 +0800] "GET /assets/dist/js/lp.js?t=0.1.164 HTTP/1.1" 200 1143 "http://mall.tlpara.cn:80/login/phone?rd=%2Fagent%2Fself%2Fpurchase%2Fdetail%2F5585947262304256" "Mozilla/5.0 (Linux; Android 4.4.4; Coolpad Y82-520 Build/KTU84P) AppleWebKit/537.36 (KHTML, like Gecko) Version/4.0 Chrome/33.0.0.0 Mobile Safari/537.36 MicroMessenger/6.5.4.1000 NetType/4G Language/zh_CN" "-" 0.000 -
117.136.46.3 - - [23/Oct/2020:10:06:21 +0800] "POST /agent/submitvoucher HTTP/1.1" 200 32 "http://mall.tlpara.cn/agent/recharge" "Mozilla/5.0 (iPhone; CPU iPhone OS 13_6_1 like Mac OS X) AppleWebKit/605.1.15 (KHTML, like Gecko) Mobile/15E148 MicroMessenger/7.0.17(0x17001127) NetType/4G Language/zh_CN" "-" 0.098 0.088
117.136.46.3 - - [23/Oct/2020:10:06:21 +0800] "GET /agent/recharge/log HTTP/1.1" 200 3323 "http://mall.tlpara.cn/agent/recharge" "Mozilla/5.0 (iPhone; CPU iPhone OS 13_6_1 like Mac OS X) AppleWebKit/605.1.15 (KHTML, like Gecko) Mobile/15E148 MicroMessenger/7.0.17(0x17001127) NetType/4G Language/zh_CN" "-" 0.040 0.040
117.136.46.3 - - [23/Oct/2020:10:06:21 +0800] "GET /js/jsConfig?url=http%3A%2F%2Fmall.tlpara.cn%2Fagent%2Frecharge%2Flog&timestamp=1603418781&nonceStr=6b020d4dd909d8 HTTP/1.1" 200 235 "http://mall.tlpara.cn/agent/recharge/log" "Mozilla/5.0 (iPhone; CPU iPhone OS 13_6_1 like Mac OS X) AppleWebKit/605.1.15 (KHTML, like Gecko) Mobile/15E148 MicroMessenger/7.0.17(0x17001127) NetType/4G Language/zh_CN" "-" 0.001 0.001
117.136.46.3 - - [23/Oct/2020:10:06:21 +0800] "GET /assets/dist/js/agent/mml.js?t=0.1.164 HTTP/1.1" 200 543 "http://mall.tlpara.cn/agent/recharge/log" "Mozilla/5.0 (iPhone; CPU iPhone OS 13_6_1 like Mac OS X) AppleWebKit/605.1.15 (KHTML, like Gecko) Mobile/15E148 MicroMessenger/7.0.17(0x17001127) NetType/4G Language/zh_CN" "-" 0.000 -
223.104.247.42 - - [23/Oct/2020:10:06:23 +0800] "GET /agent/setting/valid-phone HTTP/1.1" 200 1763 "http://mall.tlpara.cn/person/setting/security" "Mozilla/5.0 (iPhone; CPU iPhone OS 13_6 like Mac OS X) AppleWebKit/605.1.15 (KHTML, like Gecko) Mobile/15E148 MicroMessenger/7.0.17(0x17001127) NetType/4G Language/zh_CN" "-" 0.004 0.003
223.104.247.42 - - [23/Oct/2020:10:06:23 +0800] "GET /js/jsConfig?url=http%3A%2F%2Fmall.tlpara.cn%2Fagent%2Fsetting%2Fvalid-phone&timestamp=1603418783&nonceStr=284b780b656e98 HTTP/1.1" 200 233 "http://mall.tlpara.cn/agent/setting/valid-phone" "Mozilla/5.0 (iPhone; CPU iPhone OS 13_6 like Mac OS X) AppleWebKit/605.1.15 (KHTML, like Gecko) Mobile/15E148 MicroMessenger/7.0.17(0x17001127) NetType/4G Language/zh_CN" "-" 0.002 0.000
39.188.16.3 - - [23/Oct/2020:10:06:24 +0800] "POST /agent/examine/success HTTP/1.1" 200 32 "http://mall.tlpara.cn/agent/examine/detail/5588824283512832" "Mozilla/5.0 (Linux; Android 10; ELS-AN00 Build/HUAWEIELS-AN00; wv) AppleWebKit/537.36 (KHTML, like Gecko) Version/4.0 Chrome/78.0.3904.62 XWEB/2691 MMWEBSDK/200901 Mobile Safari/537.36 MMWEBID/837 MicroMessenger/7.0.19.1760(0x27001353) Process/toolsmp WeChat/arm64 NetType/WIFI Language/zh_CN ABI/arm64" "-" 0.088 0.087
39.188.16.3 - - [23/Oct/2020:10:06:24 +0800] "GET /agent/examine/detail/5588824283512832 HTTP/1.1" 200 2112 "http://mall.tlpara.cn/agent/examine/detail/5588824283512832" "Mozilla/5.0 (Linux; Android 10; ELS-AN00 Build/HUAWEIELS-AN00; wv) AppleWebKit/537.36 (KHTML, like Gecko) Version/4.0 Chrome/78.0.3904.62 XWEB/2691 MMWEBSDK/200901 Mobile Safari/537.36 MMWEBID/837 MicroMessenger/7.0.19.1760(0x27001353) Process/toolsmp WeChat/arm64 NetType/WIFI Language/zh_CN ABI/arm64" "-" 0.013 0.012
223.104.247.42 - - [23/Oct/2020:10:06:25 +0800] "GET /login/sendcode/13735200386 HTTP/1.1" 200 63 "http://mall.tlpara.cn/agent/setting/valid-phone" "Mozilla/5.0 (iPhone; CPU iPhone OS 13_6 like Mac OS X) AppleWebKit/605.1.15 (KHTML, like Gecko) Mobile/15E148 MicroMessenger/7.0.17(0x17001127) NetType/4G Language/zh_CN" "-" 0.069 0.068
39.188.16.3 - - [23/Oct/2020:10:06:25 +0800] "GET /js/jsConfig?url=http%3A%2F%2Fmall.tlpara.cn%2Fagent%2Fexamine%2Fdetail%2F5588824283512832&timestamp=1603418786&nonceStr=62336202b66a2 HTTP/1.1" 200 232 "http://mall.tlpara.cn/agent/examine/detail/5588824283512832" "Mozilla/5.0 (Linux; Android 10; ELS-AN00 Build/HUAWEIELS-AN00; wv) AppleWebKit/537.36 (KHTML, like Gecko) Version/4.0 Chrome/78.0.3904.62 XWEB/2691 MMWEBSDK/200901 Mobile Safari/537.36 MMWEBID/837 MicroMessenger/7.0.19.1760(0x27001353) Process/toolsmp WeChat/arm64 NetType/WIFI Language/zh_CN ABI/arm64" "-" 0.001 0.001
39.188.16.3 - - [23/Oct/2020:10:06:26 +0800] "GET /js/jsConfig?url=http%3A%2F%2Fmall.tlpara.cn%2Fagent%2Fexamine&timestamp=1603418787&nonceStr=eb54ec4fbfcdf HTTP/1.1" 200 232 "http://mall.tlpara.cn/agent/examine" "Mozilla/5.0 (Linux; Android 10; ELS-AN00 Build/HUAWEIELS-AN00; wv) AppleWebKit/537.36 (KHTML, like Gecko) Version/4.0 Chrome/78.0.3904.62 XWEB/2691 MMWEBSDK/200901 Mobile Safari/537.36 MMWEBID/837 MicroMessenger/7.0.19.1760(0x27001353) Process/toolsmp WeChat/arm64 NetType/WIFI Language/zh_CN ABI/arm64" "-" 0.002 0.001
61.151.178.197 - - [23/Oct/2020:10:06:30 +0800] "GET /assets/dist/js/util/util.js?t=0.1.164 HTTP/1.1" 200 15780 "http://mall.tlpara.cn:80/login/phone?rd=%2Fagent%2Fcheck%3Fil%3D5317863512588288%26iid%3D5381281090355200" "Mozilla/5.0 (Linux; Android 6.0.1; OPPO R9s Build/MMB29M) AppleWebKit/537.36 (KHTML, like Gecko) Version/4.0 Chrome/37.0.0.0 Mobile MQQBrowser/6.9 TBS/036906 Safari/537.36 MicroMessenger/6.5.4.1000 NetType/4G Language/zh_CN" "-" 0.000 -
101.89.239.216 - - [23/Oct/2020:10:06:31 +0800] "GET /assets/dist/js/init.js?t=0.1.164 HTTP/1.1" 200 602 "http://mall.tlpara.cn:80/login/phone?rd=%2Fagent%2Fself%2Fpurchase%2Fdetail%2F5588812116213760" "Mozilla/5.0 (Linux; Android 4.4.4; HUAWEI ALE-CL00 Build/HuaweiALE-CL00; wv) AppleWebKit/537.36 (KHTML, like Gecko) Version/4.0 Chrome/53.0.2785.49 Mobile MQQBrowser/6.2 TBS/043024 Safari/537.36 MicroMessenger/6.5.4.1000 NetType/4G Language/zh_CN" "-" 0.000 -
101.91.62.65 - - [23/Oct/2020:10:06:31 +0800] "GET /assets/dist/js/lp.js?t=0.1.164 HTTP/1.1" 200 1143 "http://mall.tlpara.cn:80/login/phone?rd=%2Fmc%2Flogistics%2Fsearch%2F5587231127191552%3Ftype%3D0" "Mozilla/5.0 (iPhone; CPU iPhone OS 10_2_1 like Mac OS X) AppleWebKit/602.4.6 (KHTML, like Gecko) Mobile/14D27 MicroMessenger/6.5.5 NetType/WIFI Language/en" "-" 0.000 -
60.177.62.208 - - [23/Oct/2020:10:06:33 +0800] "GET /acc/transfer/getByLong?search=https://f2s.pub/100146530913 HTTP/1.1" 200 63 "http://manage.tlpara.cn/acc/transfer" "Mozilla/5.0 (Windows NT 10.0; Win64; x64) AppleWebKit/537.36 (KHTML, like Gecko) Chrome/75.0.3770.142 Safari/537.36" "-" 0.053 0.052
60.177.62.208 - - [23/Oct/2020:10:06:33 +0800] "GET /acc/transfer HTTP/1.1" 200 4049 "http://manage.tlpara.cn/acc/transfer" "Mozilla/5.0 (Windows NT 10.0; Win64; x64) AppleWebKit/537.36 (KHTML, like Gecko) Chrome/75.0.3770.142 Safari/537.36" "-" 0.005 0.005
60.177.62.208 - - [23/Oct/2020:10:06:33 +0800] "GET /acc/transfer-search/page?limitSize=10&limitStart=0&_=1603418794160 HTTP/1.1" 200 381 "http://manage.tlpara.cn/acc/transfer" "Mozilla/5.0 (Windows NT 10.0; Win64; x64) AppleWebKit/537.36 (KHTML, like Gecko) Chrome/75.0.3770.142 Safari/537.36" "-" 0.009 0.009
115.211.163.202 - - [23/Oct/2020:10:06:35 +0800] "GET /agent/check?il=5317863512588288&iid=5381281090355200 HTTP/1.1" 302 0 "-" "Mozilla/5.0 (iPhone; CPU iPhone OS 14_0_1 like Mac OS X) AppleWebKit/605.1.15 (KHTML, like Gecko) Mobile/15E148 MicroMessenger/7.0.17(0x17001127) NetType/WIFI Language/zh_CN" "-" 0.009 0.009
115.211.163.202 - - [23/Oct/2020:10:06:35 +0800] "GET /agent/voucher HTTP/1.1" 200 1760 "-" "Mozilla/5.0 (iPhone; CPU iPhone OS 14_0_1 like Mac OS X) AppleWebKit/605.1.15 (KHTML, like Gecko) Mobile/15E148 MicroMessenger/7.0.17(0x17001127) NetType/WIFI Language/zh_CN" "-" 0.023 0.023
115.211.163.202 - - [23/Oct/2020:10:06:35 +0800] "GET /assets/dist/js/agent/av.js?t=0.1.164 HTTP/1.1" 200 1363 "http://mall.tlpara.cn/agent/voucher" "Mozilla/5.0 (iPhone; CPU iPhone OS 14_0_1 like Mac OS X) AppleWebKit/605.1.15 (KHTML, like Gecko) Mobile/15E148 MicroMessenger/7.0.17(0x17001127) NetType/WIFI Language/zh_CN" "-" 0.000 -
115.211.163.202 - - [23/Oct/2020:10:06:35 +0800] "GET /js/jsConfig?url=http%3A%2F%2Fmall.tlpara.cn%2Fagent%2Fvoucher&timestamp=1603418795&nonceStr=9505277c65562 HTTP/1.1" 200 231 "http://mall.tlpara.cn/agent/voucher" "Mozilla/5.0 (iPhone; CPU iPhone OS 14_0_1 like Mac OS X) AppleWebKit/605.1.15 (KHTML, like Gecko) Mobile/15E148 MicroMessenger/7.0.17(0x17001127) NetType/WIFI Language/zh_CN" "-" 0.002 0.001
125.118.112.194 - - [23/Oct/2020:10:06:36 +0800] "GET /home/task HTTP/1.1" 200 3920 "http://manage.tlpara.cn/bill/purchase" "Mozilla/5.0 (Windows NT 10.0; WOW64) AppleWebKit/537.36 (KHTML, like Gecko) Chrome/78.0.3904.108 Safari/537.36" "-" 0.006 0.006
223.104.247.42 - - [23/Oct/2020:10:06:36 +0800] "POST /person/setting/validphone HTTP/1.1" 200 63 "http://mall.tlpara.cn/agent/setting/valid-phone" "Mozilla/5.0 (iPhone; CPU iPhone OS 13_6 like Mac OS X) AppleWebKit/605.1.15 (KHTML, like Gecko) Mobile/15E148 MicroMessenger/7.0.17(0x17001127) NetType/4G Language/zh_CN" "-" 0.003 0.003
223.104.247.42 - - [23/Oct/2020:10:06:36 +0800] "GET /agent/setting/pp HTTP/1.1" 200 1865 "http://mall.tlpara.cn/agent/setting/valid-phone" "Mozilla/5.0 (iPhone; CPU iPhone OS 13_6 like Mac OS X) AppleWebKit/605.1.15 (KHTML, like Gecko) Mobile/15E148 MicroMessenger/7.0.17(0x17001127) NetType/4G Language/zh_CN" "-" 0.004 0.004
223.104.247.42 - - [23/Oct/2020:10:06:36 +0800] "GET /js/jsConfig?url=http%3A%2F%2Fmall.tlpara.cn%2Fagent%2Fsetting%2Fpp&timestamp=1603418796&nonceStr=1f8c37192d5858 HTTP/1.1" 200 232 "http://mall.tlpara.cn/agent/setting/pp" "Mozilla/5.0 (iPhone; CPU iPhone OS 13_6 like Mac OS X) AppleWebKit/605.1.15 (KHTML, like Gecko) Mobile/15E148 MicroMessenger/7.0.17(0x17001127) NetType/4G Language/zh_CN" "-" 0.001 0.002
101.91.60.104 - - [23/Oct/2020:10:06:36 +0800] "GET /assets/dist/js/init.js?t=0.1.164 HTTP/1.1" 200 602 "http://mall.tlpara.cn:80/login/phone?rd=%2Fperson%2Fpurchase%2Faddress%2Fselect%2F5365182006476800" "Mozilla/5.0 (Windows NT 6.1; WOW64) AppleWebKit/537.36 (KHTML, like Gecko) Chrome/39.0.2171.95 Safari/537.36 MicroMessenger/6.5.2.501 NetType/WIFI WindowsWechat QBCore/3.43.27.400 QQBrowser/9.0.2524.400" "-" 0.000 -
49.78.203.193 - - [23/Oct/2020:10:06:36 +0800] "POST /person/address/add HTTP/1.1" 200 32 "http://mall.tlpara.cn/person/address/add" "Mozilla/5.0 (iPhone; CPU iPhone OS 13_6 like Mac OS X) AppleWebKit/605.1.15 (KHTML, like Gecko) Mobile/15E148 MicroMessenger/7.0.17(0x17001127) NetType/4G Language/zh_CN" "-" 0.006 0.003
49.78.203.193 - - [23/Oct/2020:10:06:36 +0800] "GET /person/purchase/address/select/0 HTTP/1.1" 200 2443 "http://mall.tlpara.cn/person/address/add" "Mozilla/5.0 (iPhone; CPU iPhone OS 13_6 like Mac OS X) AppleWebKit/605.1.15 (KHTML, like Gecko) Mobile/15E148 MicroMessenger/7.0.17(0x17001127) NetType/4G Language/zh_CN" "-" 0.017 0.017
49.78.203.193 - - [23/Oct/2020:10:06:36 +0800] "GET /js/jsConfig?url=http%3A%2F%2Fmall.tlpara.cn%2Fperson%2Fpurchase%2Faddress%2Fselect%2F0&timestamp=1603418796&nonceStr=fc91a48b0257f HTTP/1.1" 200 231 "http://mall.tlpara.cn/person/purchase/address/select/0" "Mozilla/5.0 (iPhone; CPU iPhone OS 13_6 like Mac OS X) AppleWebKit/605.1.15 (KHTML, like Gecko) Mobile/15E148 MicroMessenger/7.0.17(0x17001127) NetType/4G Language/zh_CN" "-" 0.002 0.001
125.118.112.194 - - [23/Oct/2020:10:06:36 +0800] "GET /home/task/page?limitSize=10&limitStart=0&type=-1&_=1603418797541 HTTP/1.1" 200 702 "http://manage.tlpara.cn/home/task" "Mozilla/5.0 (Windows NT 10.0; WOW64) AppleWebKit/537.36 (KHTML, like Gecko) Chrome/78.0.3904.108 Safari/537.36" "-" 0.012 0.012
60.177.62.208 - - [23/Oct/2020:10:06:38 +0800] "GET /acc/transfer/getByLong?search=https://f2s.pub/100146530298 HTTP/1.1" 200 63 "http://manage.tlpara.cn/acc/transfer" "Mozilla/5.0 (Windows NT 10.0; Win64; x64) AppleWebKit/537.36 (KHTML, like Gecko) Chrome/75.0.3770.142 Safari/537.36" "-" 0.165 0.165
60.177.62.208 - - [23/Oct/2020:10:06:38 +0800] "GET /acc/transfer HTTP/1.1" 200 4049 "http://manage.tlpara.cn/acc/transfer" "Mozilla/5.0 (Windows NT 10.0; Win64; x64) AppleWebKit/537.36 (KHTML, like Gecko) Chrome/75.0.3770.142 Safari/537.36" "-" 0.004 0.005
39.186.53.59 - - [23/Oct/2020:10:06:38 +0800] "GET / HTTP/1.1" 302 0 "-" "Mozilla/5.0 (iPhone; CPU iPhone OS 13_6 like Mac OS X) AppleWebKit/605.1.15 (KHTML, like Gecko) Mobile/15E148 MicroMessenger/7.0.17(0x17001127) NetType/WIFI Language/zh_CN" "-" 0.001 0.000
39.186.53.59 - - [23/Oct/2020:10:06:38 +0800] "GET /home/ HTTP/1.1" 200 4582 "-" "Mozilla/5.0 (iPhone; CPU iPhone OS 13_6 like Mac OS X) AppleWebKit/605.1.15 (KHTML, like Gecko) Mobile/15E148 MicroMessenger/7.0.17(0x17001127) NetType/WIFI Language/zh_CN" "-" 0.000 -
60.177.62.208 - - [23/Oct/2020:10:06:38 +0800] "GET /acc/transfer-search/page?limitSize=10&limitStart=0&_=1603418799536 HTTP/1.1" 200 397 "http://manage.tlpara.cn/acc/transfer" "Mozilla/5.0 (Windows NT 10.0; Win64; x64) AppleWebKit/537.36 (KHTML, like Gecko) Chrome/75.0.3770.142 Safari/537.36" "-" 0.014 0.014
39.186.53.59 - - [23/Oct/2020:10:06:38 +0800] "GET /assets/dist/css/ganroft.min.css?t=0.1.164 HTTP/1.1" 304 0 "http://mall.tlpara.cn/home/" "Mozilla/5.0 (iPhone; CPU iPhone OS 13_6 like Mac OS X) AppleWebKit/605.1.15 (KHTML, like Gecko) Mobile/15E148 MicroMessenger/7.0.17(0x17001127) NetType/WIFI Language/zh_CN" "-" 0.000 -
39.186.53.59 - - [23/Oct/2020:10:06:39 +0800] "GET /js/jsConfig?url=http%3A%2F%2Fmall.tlpara.cn%2Fhome%2F&timestamp=1603418798&nonceStr=708b79f5706c68 HTTP/1.1" 200 233 "http://mall.tlpara.cn/home/" "Mozilla/5.0 (iPhone; CPU iPhone OS 13_6 like Mac OS X) AppleWebKit/605.1.15 (KHTML, like Gecko) Mobile/15E148 MicroMessenger/7.0.17(0x17001127) NetType/WIFI Language/zh_CN" "-" 0.000 0.001
49.78.203.193 - - [23/Oct/2020:10:06:39 +0800] "GET /agent/purchase/confirm HTTP/1.1" 200 1388 "http://mall.tlpara.cn/person/purchase/address/select/0" "Mozilla/5.0 (iPhone; CPU iPhone OS 13_6 like Mac OS X) AppleWebKit/605.1.15 (KHTML, like Gecko) Mobile/15E148 MicroMessenger/7.0.17(0x17001127) NetType/4G Language/zh_CN" "-" 0.003 0.004
49.78.203.193 - - [23/Oct/2020:10:06:39 +0800] "GET /js/jsConfig?url=http%3A%2F%2Fmall.tlpara.cn%2Fagent%2Fpurchase%2Fconfirm&timestamp=1603418799&nonceStr=7df5002ec997c8 HTTP/1.1" 200 234 "http://mall.tlpara.cn/agent/purchase/confirm" "Mozilla/5.0 (iPhone; CPU iPhone OS 13_6 like Mac OS X) AppleWebKit/605.1.15 (KHTML, like Gecko) Mobile/15E148 MicroMessenger/7.0.17(0x17001127) NetType/4G Language/zh_CN" "-" 0.001 0.002
125.118.112.194 - - [23/Oct/2020:10:06:39 +0800] "GET /bill/purchase HTTP/1.1" 200 5211 "http://manage.tlpara.cn/home/task" "Mozilla/5.0 (Windows NT 10.0; WOW64) AppleWebKit/537.36 (KHTML, like Gecko) Chrome/78.0.3904.108 Safari/537.36" "-" 0.006 0.006
49.78.203.193 - - [23/Oct/2020:10:06:39 +0800] "GET /agent/purchase/bill/ajax?type=8&addressId=5588824825184256&productId%5B%5D=5503959373578240&productId%5B%5D=5503959373578240&quantity%5B%5D=1&quantity%5B%5D=1&skuGroupId%5B%5D=5503959569780736&skuGroupId%5B%5D=5503966488282112 HTTP/1.1" 200 2733 "http://mall.tlpara.cn/agent/purchase/confirm" "Mozilla/5.0 (iPhone; CPU iPhone OS 13_6 like Mac OS X) AppleWebKit/605.1.15 (KHTML, like Gecko) Mobile/15E148 MicroMessenger/7.0.17(0x17001127) NetType/4G Language/zh_CN" "-" 0.029 0.028
39.186.53.59 - - [23/Oct/2020:10:06:40 +0800] "GET /agent/ HTTP/1.1" 302 0 "http://mall.tlpara.cn/home/" "Mozilla/5.0 (iPhone; CPU iPhone OS 13_6 like Mac OS X) AppleWebKit/605.1.15 (KHTML, like Gecko) Mobile/15E148 MicroMessenger/7.0.17(0x17001127) NetType/WIFI Language/zh_CN" "-" 0.009 0.008
125.118.112.194 - - [23/Oct/2020:10:06:40 +0800] "GET /bill/all?limitSize=10&limitStart=0&search=&agentSearch=&orderBy=0&type=0&doneNode=22&mt=-1&birthGe=&birthLt=&productId=0&_=1603418801004 HTTP/1.1" 200 5105 "http://manage.tlpara.cn/bill/purchase" "Mozilla/5.0 (Windows NT 10.0; WOW64) AppleWebKit/537.36 (KHTML, like Gecko) Chrome/78.0.3904.108 Safari/537.36" "-" 0.347 0.347
115.211.163.202 - - [23/Oct/2020:10:06:40 +0800] "POST /service/upload HTTP/1.1" 200 131 "http://mall.tlpara.cn/agent/voucher" "Mozilla/5.0 (iPhone; CPU iPhone OS 14_0_1 like Mac OS X) AppleWebKit/605.1.15 (KHTML, like Gecko) Mobile/15E148 MicroMessenger/7.0.17(0x17001127) NetType/WIFI Language/zh_CN" "-" 0.137 0.097
39.186.53.59 - - [23/Oct/2020:10:06:40 +0800] "GET /agent/center HTTP/1.1" 200 3285 "http://mall.tlpara.cn/home/" "Mozilla/5.0 (iPhone; CPU iPhone OS 13_6 like Mac OS X) AppleWebKit/605.1.15 (KHTML, like Gecko) Mobile/15E148 MicroMessenger/7.0.17(0x17001127) NetType/WIFI Language/zh_CN" "-" 0.084 0.083
39.186.53.59 - - [23/Oct/2020:10:06:40 +0800] "GET /js/jsConfig?url=http%3A%2F%2Fmall.tlpara.cn%2Fagent%2Fcenter&timestamp=1603418800&nonceStr=1096e9294c6d58 HTTP/1.1" 200 233 "http://mall.tlpara.cn/agent/center" "Mozilla/5.0 (iPhone; CPU iPhone OS 13_6 like Mac OS X) AppleWebKit/605.1.15 (KHTML, like Gecko) Mobile/15E148 MicroMessenger/7.0.17(0x17001127) NetType/WIFI Language/zh_CN" "-" 0.001 0.001
49.78.204.246 - - [23/Oct/2020:10:06:41 +0800] "GET /s/11480872715089743710 HTTP/1.1" 200 862 "-" "Mozilla/5.0 (iPhone; CPU iPhone OS 13_7 like Mac OS X) AppleWebKit/605.1.15 (KHTML, like Gecko) Mobile/15E148 MicroMessenger/7.0.17(0x17001127) NetType/4G Language/zh_CN" "-" 0.022 0.022
115.211.163.202 - - [23/Oct/2020:10:06:41 +0800] "POST /agent/voucher/push HTTP/1.1" 200 32 "http://mall.tlpara.cn/agent/voucher" "Mozilla/5.0 (iPhone; CPU iPhone OS 14_0_1 like Mac OS X) AppleWebKit/605.1.15 (KHTML, like Gecko) Mobile/15E148 MicroMessenger/7.0.17(0x17001127) NetType/WIFI Language/zh_CN" "-" 0.016 0.016
115.211.163.202 - - [23/Oct/2020:10:06:41 +0800] "GET /agent/voucher HTTP/1.1" 200 1771 "http://mall.tlpara.cn/agent/voucher" "Mozilla/5.0 (iPhone; CPU iPhone OS 14_0_1 like Mac OS X) AppleWebKit/605.1.15 (KHTML, like Gecko) Mobile/15E148 MicroMessenger/7.0.17(0x17001127) NetType/WIFI Language/zh_CN" "-" 0.022 0.023
115.211.163.202 - - [23/Oct/2020:10:06:41 +0800] "GET /assets/dist/js/init.js?t=0.1.164 HTTP/1.1" 304 0 "http://mall.tlpara.cn/agent/voucher" "Mozilla/5.0 (iPhone; CPU iPhone OS 14_0_1 like Mac OS X) AppleWebKit/605.1.15 (KHTML, like Gecko) Mobile/15E148 MicroMessenger/7.0.17(0x17001127) NetType/WIFI Language/zh_CN" "-" 0.000 -
115.211.163.202 - - [23/Oct/2020:10:06:41 +0800] "GET /assets/dist/css/ganroft.min.css?t=0.1.164 HTTP/1.1" 304 0 "http://mall.tlpara.cn/agent/voucher" "Mozilla/5.0 (iPhone; CPU iPhone OS 14_0_1 like Mac OS X) AppleWebKit/605.1.15 (KHTML, like Gecko) Mobile/15E148 MicroMessenger/7.0.17(0x17001127) NetType/WIFI Language/zh_CN" "-" 0.000 -
115.211.163.202 - - [23/Oct/2020:10:06:41 +0800] "GET /assets/dist/js/util/date_picker.js?t=0.1.164 HTTP/1.1" 304 0 "http://mall.tlpara.cn/agent/voucher" "Mozilla/5.0 (iPhone; CPU iPhone OS 14_0_1 like Mac OS X) AppleWebKit/605.1.15 (KHTML, like Gecko) Mobile/15E148 MicroMessenger/7.0.17(0x17001127) NetType/WIFI Language/zh_CN" "-" 0.000 -
115.211.163.202 - - [23/Oct/2020:10:06:41 +0800] "GET /assets/font/iconfont.js?t=0.1.164 HTTP/1.1" 304 0 "http://mall.tlpara.cn/agent/voucher" "Mozilla/5.0 (iPhone; CPU iPhone OS 14_0_1 like Mac OS X) AppleWebKit/605.1.15 (KHTML, like Gecko) Mobile/15E148 MicroMessenger/7.0.17(0x17001127) NetType/WIFI Language/zh_CN" "-" 0.000 -
115.211.163.202 - - [23/Oct/2020:10:06:41 +0800] "GET /assets/font/iconfont.css?t=0.1.164 HTTP/1.1" 304 0 "http://mall.tlpara.cn/agent/voucher" "Mozilla/5.0 (iPhone; CPU iPhone OS 14_0_1 like Mac OS X) AppleWebKit/605.1.15 (KHTML, like Gecko) Mobile/15E148 MicroMessenger/7.0.17(0x17001127) NetType/WIFI Language/zh_CN" "-" 0.000 -
115.211.163.202 - - [23/Oct/2020:10:06:41 +0800] "GET /assets/dist/js/util/util.js?t=0.1.164 HTTP/1.1" 304 0 "http://mall.tlpara.cn/agent/voucher" "Mozilla/5.0 (iPhone; CPU iPhone OS 14_0_1 like Mac OS X) AppleWebKit/605.1.15 (KHTML, like Gecko) Mobile/15E148 MicroMessenger/7.0.17(0x17001127) NetType/WIFI Language/zh_CN" "-" 0.000 -
115.211.163.202 - - [23/Oct/2020:10:06:41 +0800] "GET /assets/dist/js/util/reg.js?t=0.1.164 HTTP/1.1" 304 0 "http://mall.tlpara.cn/agent/voucher" "Mozilla/5.0 (iPhone; CPU iPhone OS 14_0_1 like Mac OS X) AppleWebKit/605.1.15 (KHTML, like Gecko) Mobile/15E148 MicroMessenger/7.0.17(0x17001127) NetType/WIFI Language/zh_CN" "-" 0.000 -
115.211.163.202 - - [23/Oct/2020:10:06:41 +0800] "GET /assets/dist/js/agent/av.js?t=0.1.164 HTTP/1.1" 304 0 "http://mall.tlpara.cn/agent/voucher" "Mozilla/5.0 (iPhone; CPU iPhone OS 14_0_1 like Mac OS X) AppleWebKit/605.1.15 (KHTML, like Gecko) Mobile/15E148 MicroMessenger/7.0.17(0x17001127) NetType/WIFI Language/zh_CN" "-" 0.000 -
115.211.163.202 - - [23/Oct/2020:10:06:41 +0800] "GET /js/jsConfig?url=http%3A%2F%2Fmall.tlpara.cn%2Fagent%2Fvoucher&timestamp=1603418801&nonceStr=5f47593622f798 HTTP/1.1" 200 233 "http://mall.tlpara.cn/agent/voucher" "Mozilla/5.0 (iPhone; CPU iPhone OS 14_0_1 like Mac OS X) AppleWebKit/605.1.15 (KHTML, like Gecko) Mobile/15E148 MicroMessenger/7.0.17(0x17001127) NetType/WIFI Language/zh_CN" "-" 0.002 0.001
39.188.16.3 - - [23/Oct/2020:10:06:42 +0800] "GET / HTTP/1.1" 302 0 "-" "Mozilla/5.0 (Linux; Android 10; ELS-AN00 Build/HUAWEIELS-AN00; wv) AppleWebKit/537.36 (KHTML, like Gecko) Version/4.0 Chrome/78.0.3904.62 XWEB/2691 MMWEBSDK/200901 Mobile Safari/537.36 MMWEBID/837 MicroMessenger/7.0.19.1760(0x27001353) Process/toolsmp WeChat/arm64 NetType/WIFI Language/zh_CN ABI/arm64" "-" 0.002 0.001
39.188.16.3 - - [23/Oct/2020:10:06:42 +0800] "GET /home/ HTTP/1.1" 304 0 "-" "Mozilla/5.0 (Linux; Android 10; ELS-AN00 Build/HUAWEIELS-AN00; wv) AppleWebKit/537.36 (KHTML, like Gecko) Version/4.0 Chrome/78.0.3904.62 XWEB/2691 MMWEBSDK/200901 Mobile Safari/537.36 MMWEBID/837 MicroMessenger/7.0.19.1760(0x27001353) Process/toolsmp WeChat/arm64 NetType/WIFI Language/zh_CN ABI/arm64" "-" 0.000 -
49.78.203.193 - - [23/Oct/2020:10:06:42 +0800] "GET /agent/valid/oCode HTTP/1.1" 200 33 "http://mall.tlpara.cn/agent/purchase/confirm" "Mozilla/5.0 (iPhone; CPU iPhone OS 13_6 like Mac OS X) AppleWebKit/605.1.15 (KHTML, like Gecko) Mobile/15E148 MicroMessenger/7.0.17(0x17001127) NetType/4G Language/zh_CN" "-" 0.006 0.007
39.186.53.59 - - [23/Oct/2020:10:06:42 +0800] "GET /agent/purchase/list?type=2 HTTP/1.1" 200 14615 "http://mall.tlpara.cn/agent/center" "Mozilla/5.0 (iPhone; CPU iPhone OS 13_6 like Mac OS X) AppleWebKit/605.1.15 (KHTML, like Gecko) Mobile/15E148 MicroMessenger/7.0.17(0x17001127) NetType/WIFI Language/zh_CN" "-" 0.208 0.208
49.78.203.193 - - [23/Oct/2020:10:06:42 +0800] "GET /agent/valid/balance/30000 HTTP/1.1" 200 35 "http://mall.tlpara.cn/agent/purchase/confirm" "Mozilla/5.0 (iPhone; CPU iPhone OS 13_6 like Mac OS X) AppleWebKit/605.1.15 (KHTML, like Gecko) Mobile/15E148 MicroMessenger/7.0.17(0x17001127) NetType/4G Language/zh_CN" "-" 0.011 0.012
39.188.16.3 - - [23/Oct/2020:10:06:42 +0800] "GET /js/jsConfig?url=http%3A%2F%2Fmall.tlpara.cn%2Fhome%2F&timestamp=1603418803&nonceStr=04451ae9c95bf HTTP/1.1" 200 232 "http://mall.tlpara.cn/home/" "Mozilla/5.0 (Linux; Android 10; ELS-AN00 Build/HUAWEIELS-AN00; wv) AppleWebKit/537.36 (KHTML, like Gecko) Version/4.0 Chrome/78.0.3904.62 XWEB/2691 MMWEBSDK/200901 Mobile Safari/537.36 MMWEBID/837 MicroMessenger/7.0.19.1760(0x27001353) Process/toolsmp WeChat/arm64 NetType/WIFI Language/zh_CN ABI/arm64" "-" 0.001 0.001
49.78.203.193 - - [23/Oct/2020:10:06:42 +0800] "GET /agent/exists-password HTTP/1.1" 200 35 "http://mall.tlpara.cn/agent/purchase/confirm" "Mozilla/5.0 (iPhone; CPU iPhone OS 13_6 like Mac OS X) AppleWebKit/605.1.15 (KHTML, like Gecko) Mobile/15E148 MicroMessenger/7.0.17(0x17001127) NetType/4G Language/zh_CN" "-" 0.003 0.003
39.186.53.59 - - [23/Oct/2020:10:06:42 +0800] "GET /js/jsConfig?url=http%3A%2F%2Fmall.tlpara.cn%2Fagent%2Fpurchase%2Flist%3Ftype%3D2&timestamp=1603418802&nonceStr=b245a67ab26708 HTTP/1.1" 200 233 "http://mall.tlpara.cn/agent/purchase/list?type=2" "Mozilla/5.0 (iPhone; CPU iPhone OS 13_6 like Mac OS X) AppleWebKit/605.1.15 (KHTML, like Gecko) Mobile/15E148 MicroMessenger/7.0.17(0x17001127) NetType/WIFI Language/zh_CN" "-" 0.002 0.001
61.129.7.235 - - [23/Oct/2020:10:06:43 +0800] "GET /8B513XaUWbX2 HTTP/1.1" 200 2018 "-" "Mozilla/5.0 (iPhone; CPU iPhone OS 10_2_1 like Mac OS X) AppleWebKit/602.4.6 (KHTML, like Gecko) Mobile/14D27 MicroMessenger/6.5.5 NetType/WIFI Language/zh_CN" "-" 0.016 0.016
39.188.16.3 - - [23/Oct/2020:10:06:43 +0800] "GET /agent/ HTTP/1.1" 302 0 "http://mall.tlpara.cn/home/" "Mozilla/5.0 (Linux; Android 10; ELS-AN00 Build/HUAWEIELS-AN00; wv) AppleWebKit/537.36 (KHTML, like Gecko) Version/4.0 Chrome/78.0.3904.62 XWEB/2691 MMWEBSDK/200901 Mobile Safari/537.36 MMWEBID/837 MicroMessenger/7.0.19.1760(0x27001353) Process/toolsmp WeChat/arm64 NetType/WIFI Language/zh_CN ABI/arm64" "-" 0.003 0.003
39.188.16.3 - - [23/Oct/2020:10:06:43 +0800] "GET /agent/center HTTP/1.1" 200 3289 "http://mall.tlpara.cn/home/" "Mozilla/5.0 (Linux; Android 10; ELS-AN00 Build/HUAWEIELS-AN00; wv) AppleWebKit/537.36 (KHTML, like Gecko) Version/4.0 Chrome/78.0.3904.62 XWEB/2691 MMWEBSDK/200901 Mobile Safari/537.36 MMWEBID/837 MicroMessenger/7.0.19.1760(0x27001353) Process/toolsmp WeChat/arm64 NetType/WIFI Language/zh_CN ABI/arm64" "-" 0.091 0.091
39.188.16.3 - - [23/Oct/2020:10:06:43 +0800] "GET /js/jsConfig?url=http%3A%2F%2Fmall.tlpara.cn%2Fagent%2Fcenter&timestamp=1603418804&nonceStr=f5f8761167d4b HTTP/1.1" 200 233 "http://mall.tlpara.cn/agent/center" "Mozilla/5.0 (Linux; Android 10; ELS-AN00 Build/HUAWEIELS-AN00; wv) AppleWebKit/537.36 (KHTML, like Gecko) Version/4.0 Chrome/78.0.3904.62 XWEB/2691 MMWEBSDK/200901 Mobile Safari/537.36 MMWEBID/837 MicroMessenger/7.0.19.1760(0x27001353) Process/toolsmp WeChat/arm64 NetType/WIFI Language/zh_CN ABI/arm64" "-" 0.001 0.002
60.177.62.208 - - [23/Oct/2020:10:06:44 +0800] "GET /agent/search/%E6%9D%8E%E5%80%A9 HTTP/1.1" 200 1432 "http://manage.tlpara.cn/acc/transfer" "Mozilla/5.0 (Windows NT 10.0; Win64; x64) AppleWebKit/537.36 (KHTML, like Gecko) Chrome/75.0.3770.142 Safari/537.36" "-" 0.028 0.028
49.78.203.193 - - [23/Oct/2020:10:06:44 +0800] "GET /login/sendcode/13382528786 HTTP/1.1" 200 63 "http://mall.tlpara.cn/agent/purchase/confirm" "Mozilla/5.0 (iPhone; CPU iPhone OS 13_6 like Mac OS X) AppleWebKit/605.1.15 (KHTML, like Gecko) Mobile/15E148 MicroMessenger/7.0.17(0x17001127) NetType/4G Language/zh_CN" "-" 0.338 0.338
39.188.16.3 - - [23/Oct/2020:10:06:44 +0800] "GET /agent/purchase/list?type=2 HTTP/1.1" 200 14722 "http://mall.tlpara.cn/agent/center" "Mozilla/5.0 (Linux; Android 10; ELS-AN00 Build/HUAWEIELS-AN00; wv) AppleWebKit/537.36 (KHTML, like Gecko) Version/4.0 Chrome/78.0.3904.62 XWEB/2691 MMWEBSDK/200901 Mobile Safari/537.36 MMWEBID/837 MicroMessenger/7.0.19.1760(0x27001353) Process/toolsmp WeChat/arm64 NetType/WIFI Language/zh_CN ABI/arm64" "-" 0.207 0.207
39.188.16.3 - - [23/Oct/2020:10:06:45 +0800] "GET /js/jsConfig?url=http%3A%2F%2Fmall.tlpara.cn%2Fagent%2Fpurchase%2Flist%3Ftype%3D2&timestamp=1603418806&nonceStr=a897304f08f05 HTTP/1.1" 200 232 "http://mall.tlpara.cn/agent/purchase/list?type=2" "Mozilla/5.0 (Linux; Android 10; ELS-AN00 Build/HUAWEIELS-AN00; wv) AppleWebKit/537.36 (KHTML, like Gecko) Version/4.0 Chrome/78.0.3904.62 XWEB/2691 MMWEBSDK/200901 Mobile Safari/537.36 MMWEBID/837 MicroMessenger/7.0.19.1760(0x27001353) Process/toolsmp WeChat/arm64 NetType/WIFI Language/zh_CN ABI/arm64" "-" 0.001 0.002
58.247.212.75 - - [23/Oct/2020:10:06:45 +0800] "GET /home/ HTTP/1.1" 304 0 "-" "Mozilla/5.0 (Linux; Android 10; YAL-AL10 Build/HUAWEIYAL-AL10; wv) AppleWebKit/537.36 (KHTML, like Gecko) Version/4.0 Chrome/77.0.3865.120 MQQBrowser/6.2 TBS/045409 Mobile Safari/537.36 MMWEBID/6476 MicroMessenger/7.0.19.1760(0x27001353) Process/tools WeChat/arm64 NetType/WIFI Language/zh_CN ABI/arm64" "58.216.167.54" 0.000 -
58.216.167.54 - - [23/Oct/2020:10:06:45 +0800] "GET /js/jsConfig?url=http%3A%2F%2Fmall.tlpara.cn%2Fhome%2F&timestamp=1603418804&nonceStr=00bcbb9cd8d73 HTTP/1.1" 200 232 "http://mall.tlpara.cn/home/" "Mozilla/5.0 (Linux; Android 10; YAL-AL10 Build/HUAWEIYAL-AL10; wv) AppleWebKit/537.36 (KHTML, like Gecko) Version/4.0 Chrome/77.0.3865.120 MQQBrowser/6.2 TBS/045409 Mobile Safari/537.36 MMWEBID/6476 MicroMessenger/7.0.19.1760(0x27001353) Process/tools WeChat/arm64 NetType/WIFI Language/zh_CN ABI/arm64" "-" 0.002 0.002
39.188.16.3 - - [23/Oct/2020:10:06:46 +0800] "POST /cart/purchase HTTP/1.1" 200 62 "http://mall.tlpara.cn/agent/purchase/list?type=2" "Mozilla/5.0 (Linux; Android 10; ELS-AN00 Build/HUAWEIELS-AN00; wv) AppleWebKit/537.36 (KHTML, like Gecko) Version/4.0 Chrome/78.0.3904.62 XWEB/2691 MMWEBSDK/200901 Mobile Safari/537.36 MMWEBID/837 MicroMessenger/7.0.19.1760(0x27001353) Process/toolsmp WeChat/arm64 NetType/WIFI Language/zh_CN ABI/arm64" "-" 0.006 0.006
61.151.178.171 - - [23/Oct/2020:10:06:46 +0800] "GET /agent/ HTTP/1.1" 302 0 "http://mall.tlpara.cn/home/" "Mozilla/5.0 (Linux; Android 10; YAL-AL10 Build/HUAWEIYAL-AL10; wv) AppleWebKit/537.36 (KHTML, like Gecko) Version/4.0 Chrome/77.0.3865.120 MQQBrowser/6.2 TBS/045409 Mobile Safari/537.36 MMWEBID/6476 MicroMessenger/7.0.19.1760(0x27001353) Process/tools WeChat/arm64 NetType/WIFI Language/zh_CN ABI/arm64" "58.216.167.54" 0.003 0.004
58.247.212.75 - - [23/Oct/2020:10:06:46 +0800] "GET /agent/center HTTP/1.1" 200 3280 "http://mall.tlpara.cn/home/" "Mozilla/5.0 (Linux; Android 10; YAL-AL10 Build/HUAWEIYAL-AL10; wv) AppleWebKit/537.36 (KHTML, like Gecko) Version/4.0 Chrome/77.0.3865.120 MQQBrowser/6.2 TBS/045409 Mobile Safari/537.36 MMWEBID/6476 MicroMessenger/7.0.19.1760(0x27001353) Process/tools WeChat/arm64 NetType/WIFI Language/zh_CN ABI/arm64" "58.216.167.54" 0.088 0.087
58.216.167.54 - - [23/Oct/2020:10:06:46 +0800] "GET /js/jsConfig?url=http%3A%2F%2Fmall.tlpara.cn%2Fagent%2Fcenter&timestamp=1603418805&nonceStr=433ed9a9124ac HTTP/1.1" 200 233 "http://mall.tlpara.cn/agent/center" "Mozilla/5.0 (Linux; Android 10; YAL-AL10 Build/HUAWEIYAL-AL10; wv) AppleWebKit/537.36 (KHTML, like Gecko) Version/4.0 Chrome/77.0.3865.120 MQQBrowser/6.2 TBS/045409 Mobile Safari/537.36 MMWEBID/6476 MicroMessenger/7.0.19.1760(0x27001353) Process/tools WeChat/arm64 NetType/WIFI Language/zh_CN ABI/arm64" "-" 0.003 0.003
39.188.16.3 - - [23/Oct/2020:10:06:46 +0800] "POST /cart/purchase HTTP/1.1" 200 62 "http://mall.tlpara.cn/agent/purchase/list?type=2" "Mozilla/5.0 (Linux; Android 10; ELS-AN00 Build/HUAWEIELS-AN00; wv) AppleWebKit/537.36 (KHTML, like Gecko) Version/4.0 Chrome/78.0.3904.62 XWEB/2691 MMWEBSDK/200901 Mobile Safari/537.36 MMWEBID/837 MicroMessenger/7.0.19.1760(0x27001353) Process/toolsmp WeChat/arm64 NetType/WIFI Language/zh_CN ABI/arm64" "-" 0.007 0.006
39.188.16.3 - - [23/Oct/2020:10:06:47 +0800] "POST /cart/purchase HTTP/1.1" 200 62 "http://mall.tlpara.cn/agent/purchase/list?type=2" "Mozilla/5.0 (Linux; Android 10; ELS-AN00 Build/HUAWEIELS-AN00; wv) AppleWebKit/537.36 (KHTML, like Gecko) Version/4.0 Chrome/78.0.3904.62 XWEB/2691 MMWEBSDK/200901 Mobile Safari/537.36 MMWEBID/837 MicroMessenger/7.0.19.1760(0x27001353) Process/toolsmp WeChat/arm64 NetType/WIFI Language/zh_CN ABI/arm64" "-" 0.006 0.005
61.151.178.171 - - [23/Oct/2020:10:06:48 +0800] "GET /agent/lowerlevel/purchase?doneNode=-1 HTTP/1.1" 200 5489 "http://mall.tlpara.cn/agent/center" "Mozilla/5.0 (Linux; Android 10; YAL-AL10 Build/HUAWEIYAL-AL10; wv) AppleWebKit/537.36 (KHTML, like Gecko) Version/4.0 Chrome/77.0.3865.120 MQQBrowser/6.2 TBS/045409 Mobile Safari/537.36 MMWEBID/6476 MicroMessenger/7.0.19.1760(0x27001353) Process/tools WeChat/arm64 NetType/WIFI Language/zh_CN ABI/arm64" "58.216.167.54" 0.397 0.396
58.216.167.54 - - [23/Oct/2020:10:06:48 +0800] "GET /js/jsConfig?url=http%3A%2F%2Fmall.tlpara.cn%2Fagent%2Flowerlevel%2Fpurchase%3FdoneNode%3D-1&timestamp=1603418807&nonceStr=8a43c740e3fe6 HTTP/1.1" 200 231 "http://mall.tlpara.cn/agent/lowerlevel/purchase?doneNode=-1" "Mozilla/5.0 (Linux; Android 10; YAL-AL10 Build/HUAWEIYAL-AL10; wv) AppleWebKit/537.36 (KHTML, like Gecko) Version/4.0 Chrome/77.0.3865.120 MQQBrowser/6.2 TBS/045409 Mobile Safari/537.36 MMWEBID/6476 MicroMessenger/7.0.19.1760(0x27001353) Process/tools WeChat/arm64 NetType/WIFI Language/zh_CN ABI/arm64" "-" 0.001 0.002
39.188.16.3 - - [23/Oct/2020:10:06:49 +0800] "POST /cart/purchase HTTP/1.1" 200 62 "http://mall.tlpara.cn/agent/purchase/list?type=2" "Mozilla/5.0 (Linux; Android 10; ELS-AN00 Build/HUAWEIELS-AN00; wv) AppleWebKit/537.36 (KHTML, like Gecko) Version/4.0 Chrome/78.0.3904.62 XWEB/2691 MMWEBSDK/200901 Mobile Safari/537.36 MMWEBID/837 MicroMessenger/7.0.19.1760(0x27001353) Process/toolsmp WeChat/arm64 NetType/WIFI Language/zh_CN ABI/arm64" "-" 0.007 0.006
39.188.16.3 - - [23/Oct/2020:10:06:49 +0800] "POST /cart/purchase HTTP/1.1" 200 62 "http://mall.tlpara.cn/agent/purchase/list?type=2" "Mozilla/5.0 (Linux; Android 10; ELS-AN00 Build/HUAWEIELS-AN00; wv) AppleWebKit/537.36 (KHTML, like Gecko) Version/4.0 Chrome/78.0.3904.62 XWEB/2691 MMWEBSDK/200901 Mobile Safari/537.36 MMWEBID/837 MicroMessenger/7.0.19.1760(0x27001353) Process/toolsmp WeChat/arm64 NetType/WIFI Language/zh_CN ABI/arm64" "-" 0.006 0.005
60.177.62.208 - - [23/Oct/2020:10:06:49 +0800] "POST /acc/list/transfer-batch HTTP/1.1" 200 63 "http://manage.tlpara.cn/acc/transfer" "Mozilla/5.0 (Windows NT 10.0; Win64; x64) AppleWebKit/537.36 (KHTML, like Gecko) Chrome/75.0.3770.142 Safari/537.36" "-" 0.021 0.020
60.177.62.208 - - [23/Oct/2020:10:06:49 +0800] "GET /acc/transfer-search/page?limitSize=10&limitStart=0&_=1603418799537 HTTP/1.1" 200 396 "http://manage.tlpara.cn/acc/transfer" "Mozilla/5.0 (Windows NT 10.0; Win64; x64) AppleWebKit/537.36 (KHTML, like Gecko) Chrome/75.0.3770.142 Safari/537.36" "-" 0.014 0.014
39.188.16.3 - - [23/Oct/2020:10:06:49 +0800] "POST /cart/purchase HTTP/1.1" 200 62 "http://mall.tlpara.cn/agent/purchase/list?type=2" "Mozilla/5.0 (Linux; Android 10; ELS-AN00 Build/HUAWEIELS-AN00; wv) AppleWebKit/537.36 (KHTML, like Gecko) Version/4.0 Chrome/78.0.3904.62 XWEB/2691 MMWEBSDK/200901 Mobile Safari/537.36 MMWEBID/837 MicroMessenger/7.0.19.1760(0x27001353) Process/toolsmp WeChat/arm64 NetType/WIFI Language/zh_CN ABI/arm64" "-" 0.006 0.006
61.151.178.197 - - [23/Oct/2020:10:06:50 +0800] "GET /assets/dist/js/util/reg.js?t=0.1.164 HTTP/1.1" 200 157 "http://mall.tlpara.cn:80/login/phone?rd=%2Fagent%2Fcheck%3Fil%3D5317863512588288%26iid%3D5381281090355200" "Mozilla/5.0 (Linux; Android 4.4.4; Coolpad Y82-520 Build/KTU84P) AppleWebKit/537.36 (KHTML, like Gecko) Version/4.0 Chrome/33.0.0.0 Mobile Safari/537.36 MicroMessenger/6.5.4.1000 NetType/4G Language/zh_CN" "-" 0.000 -
39.188.16.3 - - [23/Oct/2020:10:06:50 +0800] "GET /js/jsConfig?url=http%3A%2F%2Fmall.tlpara.cn%2Fagent%2Fcenter&timestamp=1603418811&nonceStr=aafb2ba57a8d8 HTTP/1.1" 200 233 "http://mall.tlpara.cn/agent/center" "Mozilla/5.0 (Linux; Android 10; ELS-AN00 Build/HUAWEIELS-AN00; wv) AppleWebKit/537.36 (KHTML, like Gecko) Version/4.0 Chrome/78.0.3904.62 XWEB/2691 MMWEBSDK/200901 Mobile Safari/537.36 MMWEBID/837 MicroMessenger/7.0.19.1760(0x27001353) Process/toolsmp WeChat/arm64 NetType/WIFI Language/zh_CN ABI/arm64" "-" 0.002 0.000
39.188.16.3 - - [23/Oct/2020:10:06:51 +0800] "GET /js/jsConfig?url=http%3A%2F%2Fmall.tlpara.cn%2Fhome%2F&timestamp=1603418812&nonceStr=77ee559258d01 HTTP/1.1" 200 231 "http://mall.tlpara.cn/home/" "Mozilla/5.0 (Linux; Android 10; ELS-AN00 Build/HUAWEIELS-AN00; wv) AppleWebKit/537.36 (KHTML, like Gecko) Version/4.0 Chrome/78.0.3904.62 XWEB/2691 MMWEBSDK/200901 Mobile Safari/537.36 MMWEBID/837 MicroMessenger/7.0.19.1760(0x27001353) Process/toolsmp WeChat/arm64 NetType/WIFI Language/zh_CN ABI/arm64" "-" 0.002 0.001
58.216.167.54 - - [23/Oct/2020:10:06:51 +0800] "GET /js/jsConfig?url=http%3A%2F%2Fmall.tlpara.cn%2Fagent%2Fcenter&timestamp=1603418810&nonceStr=0674db6b431b9 HTTP/1.1" 200 231 "http://mall.tlpara.cn/agent/center" "Mozilla/5.0 (Linux; Android 10; YAL-AL10 Build/HUAWEIYAL-AL10; wv) AppleWebKit/537.36 (KHTML, like Gecko) Version/4.0 Chrome/77.0.3865.120 MQQBrowser/6.2 TBS/045409 Mobile Safari/537.36 MMWEBID/6476 MicroMessenger/7.0.19.1760(0x27001353) Process/tools WeChat/arm64 NetType/WIFI Language/zh_CN ABI/arm64" "-" 0.002 0.001
180.103.238.244 - - [23/Oct/2020:10:06:52 +0800] "GET / HTTP/1.1" 302 0 "-" "Mozilla/5.0 (iPhone; CPU iPhone OS 12_0 like Mac OS X) AppleWebKit/605.1.15 (KHTML, like Gecko) Mobile/16A366 MicroMessenger/7.0.14(0x17000e2e) NetType/WIFI Language/zh_CN" "-" 0.001 0.001
180.103.238.244 - - [23/Oct/2020:10:06:52 +0800] "GET /home/ HTTP/1.1" 200 4582 "-" "Mozilla/5.0 (iPhone; CPU iPhone OS 12_0 like Mac OS X) AppleWebKit/605.1.15 (KHTML, like Gecko) Mobile/16A366 MicroMessenger/7.0.14(0x17000e2e) NetType/WIFI Language/zh_CN" "-" 0.000 -
60.177.62.208 - - [23/Oct/2020:10:06:52 +0800] "GET /acc/transfer-search/clear HTTP/1.1" 200 63 "http://manage.tlpara.cn/acc/transfer" "Mozilla/5.0 (Windows NT 10.0; Win64; x64) AppleWebKit/537.36 (KHTML, like Gecko) Chrome/75.0.3770.142 Safari/537.36" "-" 0.005 0.004
60.177.62.208 - - [23/Oct/2020:10:06:52 +0800] "GET /acc/transfer HTTP/1.1" 200 4049 "http://manage.tlpara.cn/acc/transfer" "Mozilla/5.0 (Windows NT 10.0; Win64; x64) AppleWebKit/537.36 (KHTML, like Gecko) Chrome/75.0.3770.142 Safari/537.36" "-" 0.005 0.005
180.103.238.244 - - [23/Oct/2020:10:06:52 +0800] "GET /js/jsConfig?url=http%3A%2F%2Fmall.tlpara.cn%2Fhome%2F&timestamp=1603418812&nonceStr=d9a0561d71e8d8 HTTP/1.1" 200 233 "http://mall.tlpara.cn/home/" "Mozilla/5.0 (iPhone; CPU iPhone OS 12_0 like Mac OS X) AppleWebKit/605.1.15 (KHTML, like Gecko) Mobile/16A366 MicroMessenger/7.0.14(0x17000e2e) NetType/WIFI Language/zh_CN" "-" 0.001 0.001
61.129.8.179 - - [23/Oct/2020:10:06:52 +0800] "GET /agent/invitation/all?type=level&id=5348258803204096 HTTP/1.1" 302 0 "-" "Mozilla/5.0 (iPhone; CPU iPhone OS 10_2_1 like Mac OS X) AppleWebKit/602.4.6 (KHTML, like Gecko) Mobile/14D27 MicroMessenger/6.5.5 NetType/WIFI Language/en" "-" 0.001 0.000
60.177.62.208 - - [23/Oct/2020:10:06:52 +0800] "GET /acc/transfer-search/page?limitSize=10&limitStart=0&_=1603418813455 HTTP/1.1" 200 52 "http://manage.tlpara.cn/acc/transfer" "Mozilla/5.0 (Windows NT 10.0; Win64; x64) AppleWebKit/537.36 (KHTML, like Gecko) Chrome/75.0.3770.142 Safari/537.36" "-" 0.003 0.003
58.216.167.54 - - [23/Oct/2020:10:06:52 +0800] "GET /js/jsConfig?url=http%3A%2F%2Fmall.tlpara.cn%2Fhome%2F&timestamp=1603418811&nonceStr=191beca4311bd HTTP/1.1" 200 231 "http://mall.tlpara.cn/home/" "Mozilla/5.0 (Linux; Android 10; YAL-AL10 Build/HUAWEIYAL-AL10; wv) AppleWebKit/537.36 (KHTML, like Gecko) Version/4.0 Chrome/77.0.3865.120 MQQBrowser/6.2 TBS/045409 Mobile Safari/537.36 MMWEBID/6476 MicroMessenger/7.0.19.1760(0x27001353) Process/tools WeChat/arm64 NetType/WIFI Language/zh_CN ABI/arm64" "-" 0.002 0.001
180.103.238.244 - - [23/Oct/2020:10:06:53 +0800] "GET /agent/ HTTP/1.1" 302 0 "http://mall.tlpara.cn/home/" "Mozilla/5.0 (iPhone; CPU iPhone OS 12_0 like Mac OS X) AppleWebKit/605.1.15 (KHTML, like Gecko) Mobile/16A366 MicroMessenger/7.0.14(0x17000e2e) NetType/WIFI Language/zh_CN" "-" 0.004 0.002
180.103.238.244 - - [23/Oct/2020:10:06:53 +0800] "GET /agent/center HTTP/1.1" 200 3303 "http://mall.tlpara.cn/home/" "Mozilla/5.0 (iPhone; CPU iPhone OS 12_0 like Mac OS X) AppleWebKit/605.1.15 (KHTML, like Gecko) Mobile/16A366 MicroMessenger/7.0.14(0x17000e2e) NetType/WIFI Language/zh_CN" "-" 0.088 0.088
180.103.238.244 - - [23/Oct/2020:10:06:53 +0800] "GET /js/jsConfig?url=http%3A%2F%2Fmall.tlpara.cn%2Fagent%2Fcenter&timestamp=1603418813&nonceStr=ae7772456ed228 HTTP/1.1" 200 233 "http://mall.tlpara.cn/agent/center" "Mozilla/5.0 (iPhone; CPU iPhone OS 12_0 like Mac OS X) AppleWebKit/605.1.15 (KHTML, like Gecko) Mobile/16A366 MicroMessenger/7.0.14(0x17000e2e) NetType/WIFI Language/zh_CN" "-" 0.001 0.002
180.103.238.244 - - [23/Oct/2020:10:06:55 +0800] "GET /agent/self/purchase?doneNode=1 HTTP/1.1" 200 2821 "http://mall.tlpara.cn/agent/center" "Mozilla/5.0 (iPhone; CPU iPhone OS 12_0 like Mac OS X) AppleWebKit/605.1.15 (KHTML, like Gecko) Mobile/16A366 MicroMessenger/7.0.14(0x17000e2e) NetType/WIFI Language/zh_CN" "-" 0.018 0.017
180.103.238.244 - - [23/Oct/2020:10:06:55 +0800] "GET /js/jsConfig?url=http%3A%2F%2Fmall.tlpara.cn%2Fagent%2Fself%2Fpurchase%3FdoneNode%3D1&timestamp=1603418815&nonceStr=7259ea6d4e82f8 HTTP/1.1" 200 231 "http://mall.tlpara.cn/agent/self/purchase?doneNode=1" "Mozilla/5.0 (iPhone; CPU iPhone OS 12_0 like Mac OS X) AppleWebKit/605.1.15 (KHTML, like Gecko) Mobile/16A366 MicroMessenger/7.0.14(0x17000e2e) NetType/WIFI Language/zh_CN" "-" 0.001 0.001
117.136.79.56 - - [23/Oct/2020:10:06:55 +0800] "GET / HTTP/1.1" 302 0 "-" "Mozilla/5.0 (Linux; Android 10; SEA-AL10 Build/HUAWEISEA-AL10; wv) AppleWebKit/537.36 (KHTML, like Gecko) Version/4.0 Chrome/78.0.3904.62 XWEB/2691 MMWEBSDK/200901 Mobile Safari/537.36 MMWEBID/1988 MicroMessenger/7.0.19.1760(0x27001353) Process/toolsmp WeChat/arm64 NetType/4G Language/zh_CN ABI/arm64" "-" 0.001 0.000
61.129.8.179 - - [23/Oct/2020:10:06:55 +0800] "GET /login/phone?rd=%2Fagent%2Finvitation%2Fall%3Ftype%3Dlevel%26id%3D5348258803204096 HTTP/1.1" 200 5403 "http://mall.tlpara.cn/agent/invitation/all?type=level&id=5348258803204096" "Mozilla/5.0 (iPhone; CPU iPhone OS 10_2_1 like Mac OS X) AppleWebKit/602.4.6 (KHTML, like Gecko) Mobile/14D27 MicroMessenger/6.5.5 NetType/WIFI Language/en" "-" 0.002 0.000
117.136.79.56 - - [23/Oct/2020:10:06:55 +0800] "GET /home/ HTTP/1.1" 200 4582 "-" "Mozilla/5.0 (Linux; Android 10; SEA-AL10 Build/HUAWEISEA-AL10; wv) AppleWebKit/537.36 (KHTML, like Gecko) Version/4.0 Chrome/78.0.3904.62 XWEB/2691 MMWEBSDK/200901 Mobile Safari/537.36 MMWEBID/1988 MicroMessenger/7.0.19.1760(0x27001353) Process/toolsmp WeChat/arm64 NetType/4G Language/zh_CN ABI/arm64" "-" 0.000 -
117.136.79.56 - - [23/Oct/2020:10:06:55 +0800] "GET /assets/font/iconfont.js?t=0.1.164 HTTP/1.1" 200 212362 "http://mall.tlpara.cn/home/" "Mozilla/5.0 (Linux; Android 10; SEA-AL10 Build/HUAWEISEA-AL10; wv) AppleWebKit/537.36 (KHTML, like Gecko) Version/4.0 Chrome/78.0.3904.62 XWEB/2691 MMWEBSDK/200901 Mobile Safari/537.36 MMWEBID/1988 MicroMessenger/7.0.19.1760(0x27001353) Process/toolsmp WeChat/arm64 NetType/4G Language/zh_CN ABI/arm64" "-" 0.155 -
117.136.79.56 - - [23/Oct/2020:10:06:56 +0800] "GET /js/jsConfig?url=http%3A%2F%2Fmall.tlpara.cn%2Fhome%2F&timestamp=1603418815&nonceStr=4a205d70713cf HTTP/1.1" 200 231 "http://mall.tlpara.cn/home/" "Mozilla/5.0 (Linux; Android 10; SEA-AL10 Build/HUAWEISEA-AL10; wv) AppleWebKit/537.36 (KHTML, like Gecko) Version/4.0 Chrome/78.0.3904.62 XWEB/2691 MMWEBSDK/200901 Mobile Safari/537.36 MMWEBID/1988 MicroMessenger/7.0.19.1760(0x27001353) Process/toolsmp WeChat/arm64 NetType/4G Language/zh_CN ABI/arm64" "-" 0.000 0.001
180.103.238.244 - - [23/Oct/2020:10:06:57 +0800] "GET /agent/purchase/list?type=2 HTTP/1.1" 200 14615 "http://mall.tlpara.cn/agent/center" "Mozilla/5.0 (iPhone; CPU iPhone OS 12_0 like Mac OS X) AppleWebKit/605.1.15 (KHTML, like Gecko) Mobile/16A366 MicroMessenger/7.0.14(0x17000e2e) NetType/WIFI Language/zh_CN" "-" 0.203 0.203
180.103.238.244 - - [23/Oct/2020:10:06:57 +0800] "GET /js/jsConfig?url=http%3A%2F%2Fmall.tlpara.cn%2Fagent%2Fpurchase%2Flist%3Ftype%3D2&timestamp=1603418817&nonceStr=693150556a5dd8 HTTP/1.1" 200 233 "http://mall.tlpara.cn/agent/purchase/list?type=2" "Mozilla/5.0 (iPhone; CPU iPhone OS 12_0 like Mac OS X) AppleWebKit/605.1.15 (KHTML, like Gecko) Mobile/16A366 MicroMessenger/7.0.14(0x17000e2e) NetType/WIFI Language/zh_CN" "-" 0.001 0.002
223.104.247.209 - - [23/Oct/2020:10:06:57 +0800] "GET /agent/voucher HTTP/1.1" 302 0 "-" "Mozilla/5.0 (Linux; Android 10; ELE-AL00 Build/HUAWEIELE-AL00; wv) AppleWebKit/537.36 (KHTML, like Gecko) Version/4.0 Chrome/78.0.3904.62 XWEB/2691 MMWEBSDK/200901 Mobile Safari/537.36 MMWEBID/3037 MicroMessenger/7.0.19.1760(0x27001353) Process/toolsmp WeChat/arm64 NetType/4G Language/zh_CN ABI/arm64" "-" 0.021 0.020
223.104.247.209 - - [23/Oct/2020:10:06:57 +0800] "GET /agent/center HTTP/1.1" 200 3235 "-" "Mozilla/5.0 (Linux; Android 10; ELE-AL00 Build/HUAWEIELE-AL00; wv) AppleWebKit/537.36 (KHTML, like Gecko) Version/4.0 Chrome/78.0.3904.62 XWEB/2691 MMWEBSDK/200901 Mobile Safari/537.36 MMWEBID/3037 MicroMessenger/7.0.19.1760(0x27001353) Process/toolsmp WeChat/arm64 NetType/4G Language/zh_CN ABI/arm64" "-" 0.090 0.090
223.104.247.42 - - [23/Oct/2020:10:06:58 +0800] "POST /agent/create/password HTTP/1.1" 200 63 "http://mall.tlpara.cn/agent/setting/pp" "Mozilla/5.0 (iPhone; CPU iPhone OS 13_6 like Mac OS X) AppleWebKit/605.1.15 (KHTML, like Gecko) Mobile/15E148 MicroMessenger/7.0.17(0x17001127) NetType/4G Language/zh_CN" "-" 0.005 0.005
