117.136.68.122 - - [23/Oct/2020:10:03:25 +0800] "GET /agent/purchase/list?type=2 HTTP/1.1" 200 14641 "http://mall.tlpara.cn/agent/center" "Mozilla/5.0 (iPhone; CPU iPhone OS 13_6 like Mac OS X) AppleWebKit/605.1.15 (KHTML, like Gecko) Mobile/15E148 MicroMessenger/7.0.17(0x17001127) NetType/4G Language/zh_CN" "-" 0.214 0.213
112.17.247.79 - - [23/Oct/2020:10:03:25 +0800] "GET /js/jsConfig?url=http%3A%2F%2Fmall.tlpara.cn%2Fagent%2Frecharge&timestamp=1603418605&nonceStr=ff26eb78358a38 HTTP/1.1" 200 232 "http://mall.tlpara.cn/agent/recharge" "Mozilla/5.0 (iPhone; CPU iPhone OS 13_3_1 like Mac OS X) AppleWebKit/605.1.15 (KHTML, like Gecko) Mobile/15E148 MicroMessenger/7.0.17(0x17001127) NetType/4G Language/zh_CN" "-" 0.001 0.001
112.17.247.79 - - [23/Oct/2020:10:03:25 +0800] "GET /assets/dist/img/mc-head-back.png HTTP/1.1" 200 35338 "http://mall.tlpara.cn/agent/recharge" "Mozilla/5.0 (iPhone; CPU iPhone OS 13_3_1 like Mac OS X) AppleWebKit/605.1.15 (KHTML, like Gecko) Mobile/15E148 MicroMessenger/7.0.17(0x17001127) NetType/4G Language/zh_CN" "-" 0.000 -
112.17.247.79 - - [23/Oct/2020:10:03:25 +0800] "GET /assets/dist/js/agent/sv.js?t=0.1.164 HTTP/1.1" 200 2456 "http://mall.tlpara.cn/agent/recharge" "Mozilla/5.0 (iPhone; CPU iPhone OS 13_3_1 like Mac OS X) AppleWebKit/605.1.15 (KHTML, like Gecko) Mobile/15E148 MicroMessenger/7.0.17(0x17001127) NetType/4G Language/zh_CN" "-" 0.000 -
117.136.68.122 - - [23/Oct/2020:10:03:25 +0800] "GET /js/jsConfig?url=http%3A%2F%2Fmall.tlpara.cn%2Fagent%2Fpurchase%2Flist%3Ftype%3D2&timestamp=1603418516&nonceStr=6a80ce4f3cedd8 HTTP/1.1" 200 232 "http://mall.tlpara.cn/agent/purchase/list?type=2" "Mozilla/5.0 (iPhone; CPU iPhone OS 13_6 like Mac OS X) AppleWebKit/605.1.15 (KHTML, like Gecko) Mobile/15E148 MicroMessenger/7.0.17(0x17001127) NetType/4G Language/zh_CN" "-" 0.002 0.001
61.151.178.197 - - [23/Oct/2020:10:03:25 +0800] "GET /finance/undertheline/page?limitSize=50&limitStart=0&search=&number=&loanBegin=&loanEnd=&status=0&rechargeType=-1&queryType=1&_=1603417682705 HTTP/1.1" 302 0 "http://manage.tlpara.cn/finance/undertheline" "Mozilla/5.0 (Macintosh; Intel Mac OS X 10_12_4) AppleWebKit/537.36 (KHTML, like Gecko) \x09\x09\x09Chrome/55.0.2883.95 Safari/537.36" "-" 0.002 0.001
61.129.6.151 - - [23/Oct/2020:10:03:25 +0800] "GET /finance/undertheline/page?limitSize=50&limitStart=0&search=&number=&loanBegin=&loanEnd=&status=0&rechargeType=-1&queryType=0&_=1603417607921 HTTP/1.1" 302 0 "http://manage.tlpara.cn/finance/undertheline" "Mozilla/5.0 (Windows NT 6.1; WOW64) AppleWebKit/537.36 (KHTML, like Gecko) Chrome/43.0.2357.124 Safari/537.36" "-" 0.001 0.002
49.92.146.107 - - [23/Oct/2020:10:03:26 +0800] "GET / HTTP/1.1" 302 0 "-" "Mozilla/5.0 (iPhone; CPU iPhone OS 10_2 like Mac OS X) AppleWebKit/602.3.12 (KHTML, like Gecko) Mobile/14C92 MicroMessenger/7.0.17(0x17001127) NetType/4G Language/zh_CN" "-" 0.002 0.001
49.92.146.107 - - [23/Oct/2020:10:03:26 +0800] "GET /home/ HTTP/1.1" 200 4582 "-" "Mozilla/5.0 (iPhone; CPU iPhone OS 10_2 like Mac OS X) AppleWebKit/602.3.12 (KHTML, like Gecko) Mobile/14C92 MicroMessenger/7.0.17(0x17001127) NetType/4G Language/zh_CN" "-" 0.000 -
49.92.146.107 - - [23/Oct/2020:10:03:26 +0800] "GET /js/jsConfig?url=http%3A%2F%2Fmall.tlpara.cn%2Fhome%2F&timestamp=1603418606&nonceStr=877f5370ec17e HTTP/1.1" 200 231 "http://mall.tlpara.cn/home/" "Mozilla/5.0 (iPhone; CPU iPhone OS 10_2 like Mac OS X) AppleWebKit/602.3.12 (KHTML, like Gecko) Mobile/14C92 MicroMessenger/7.0.17(0x17001127) NetType/4G Language/zh_CN" "-" 0.001 0.001
180.116.86.243 - - [23/Oct/2020:10:03:28 +0800] "GET /person/purchase/address/select/0 HTTP/1.1" 200 2459 "http://mall.tlpara.cn/agent/purchase/confirm" "Mozilla/5.0 (iPhone; CPU iPhone OS 12_4_1 like Mac OS X) AppleWebKit/605.1.15 (KHTML, like Gecko) Mobile/15E148 MicroMessenger/7.0.17(0x17001127) NetType/WIFI Language/zh_CN" "-" 0.030 0.029
60.177.62.208 - - [23/Oct/2020:10:03:28 +0800] "GET /acc/transfer/getByLong?search=https://f2s.pub/100146133725 HTTP/1.1" 200 63 "http://manage.tlpara.cn/acc/transfer" "Mozilla/5.0 (Windows NT 10.0; Win64; x64) AppleWebKit/537.36 (KHTML, like Gecko) Chrome/75.0.3770.142 Safari/537.36" "-" 0.039 0.040
180.116.86.243 - - [23/Oct/2020:10:03:28 +0800] "GET /js/jsConfig?url=http%3A%2F%2Fmall.tlpara.cn%2Fperson%2Fpurchase%2Faddress%2Fselect%2F0&timestamp=1603418608&nonceStr=f0961cc27ce78 HTTP/1.1" 200 231 "http://mall.tlpara.cn/person/purchase/address/select/0" "Mozilla/5.0 (iPhone; CPU iPhone OS 12_4_1 like Mac OS X) AppleWebKit/605.1.15 (KHTML, like Gecko) Mobile/15E148 MicroMessenger/7.0.17(0x17001127) NetType/WIFI Language/zh_CN" "-" 0.001 0.001
60.177.62.208 - - [23/Oct/2020:10:03:28 +0800] "GET /acc/transfer HTTP/1.1" 200 4049 "http://manage.tlpara.cn/acc/transfer" "Mozilla/5.0 (Windows NT 10.0; Win64; x64) AppleWebKit/537.36 (KHTML, like Gecko) Chrome/75.0.3770.142 Safari/537.36" "-" 0.009 0.008
49.92.146.107 - - [23/Oct/2020:10:03:28 +0800] "GET /agent/ HTTP/1.1" 302 0 "http://mall.tlpara.cn/home/" "Mozilla/5.0 (iPhone; CPU iPhone OS 10_2 like Mac OS X) AppleWebKit/602.3.12 (KHTML, like Gecko) Mobile/14C92 MicroMessenger/7.0.17(0x17001127) NetType/4G Language/zh_CN" "-" 0.003 0.002
60.177.62.208 - - [23/Oct/2020:10:03:28 +0800] "GET /acc/transfer-search/page?limitSize=10&limitStart=0&_=1603418609125 HTTP/1.1" 200 404 "http://manage.tlpara.cn/acc/transfer" "Mozilla/5.0 (Windows NT 10.0; Win64; x64) AppleWebKit/537.36 (KHTML, like Gecko) Chrome/75.0.3770.142 Safari/537.36" "-" 0.013 0.014
101.91.62.65 - - [23/Oct/2020:10:03:28 +0800] "GET /finance/undertheline/page?limitSize=50&limitStart=0&search=&number=&loanBegin=&loanEnd=&status=-1&rechargeType=-1&queryType=-1&_=1603417607923 HTTP/1.1" 302 0 "http://manage.tlpara.cn/finance/undertheline" "Mozilla/5.0 (Windows NT 6.1; WOW64) AppleWebKit/537.36 (KHTML, like Gecko) Chrome/53.0.2785.104 Safari/537.36 Core/1.53.2141.400 QQBrowser/9.5.10219.400" "-" 0.002 0.001
49.92.146.107 - - [23/Oct/2020:10:03:28 +0800] "GET /agent/center HTTP/1.1" 200 3277 "http://mall.tlpara.cn/home/" "Mozilla/5.0 (iPhone; CPU iPhone OS 10_2 like Mac OS X) AppleWebKit/602.3.12 (KHTML, like Gecko) Mobile/14C92 MicroMessenger/7.0.17(0x17001127) NetType/4G Language/zh_CN" "-" 0.088 0.088
49.92.146.107 - - [23/Oct/2020:10:03:28 +0800] "GET /js/jsConfig?url=http%3A%2F%2Fmall.tlpara.cn%2Fagent%2Fcenter&timestamp=1603418608&nonceStr=8b3a1d677d1ea HTTP/1.1" 200 232 "http://mall.tlpara.cn/agent/center" "Mozilla/5.0 (iPhone; CPU iPhone OS 10_2 like Mac OS X) AppleWebKit/602.3.12 (KHTML, like Gecko) Mobile/14C92 MicroMessenger/7.0.17(0x17001127) NetType/4G Language/zh_CN" "-" 0.001 0.001
180.116.86.243 - - [23/Oct/2020:10:03:28 +0800] "GET /agent/purchase/confirm HTTP/1.1" 200 1382 "http://mall.tlpara.cn/person/purchase/address/select/0" "Mozilla/5.0 (iPhone; CPU iPhone OS 12_4_1 like Mac OS X) AppleWebKit/605.1.15 (KHTML, like Gecko) Mobile/15E148 MicroMessenger/7.0.17(0x17001127) NetType/WIFI Language/zh_CN" "-" 0.004 0.004
180.116.86.243 - - [23/Oct/2020:10:03:29 +0800] "GET /js/jsConfig?url=http%3A%2F%2Fmall.tlpara.cn%2Fagent%2Fpurchase%2Fconfirm&timestamp=1603418609&nonceStr=32221ac375d37 HTTP/1.1" 200 232 "http://mall.tlpara.cn/agent/purchase/confirm" "Mozilla/5.0 (iPhone; CPU iPhone OS 12_4_1 like Mac OS X) AppleWebKit/605.1.15 (KHTML, like Gecko) Mobile/15E148 MicroMessenger/7.0.17(0x17001127) NetType/WIFI Language/zh_CN" "-" 0.002 0.001
180.116.86.243 - - [23/Oct/2020:10:03:29 +0800] "GET /agent/purchase/bill/ajax?type=8&addressId=5586381157269504&productId%5B%5D=5503959373578240&quantity%5B%5D=4&skuGroupId%5B%5D=5503966520230912 HTTP/1.1" 200 2691 "http://mall.tlpara.cn/agent/purchase/confirm" "Mozilla/5.0 (iPhone; CPU iPhone OS 12_4_1 like Mac OS X) AppleWebKit/605.1.15 (KHTML, like Gecko) Mobile/15E148 MicroMessenger/7.0.17(0x17001127) NetType/WIFI Language/zh_CN" "-" 0.023 0.023
49.92.146.107 - - [23/Oct/2020:10:03:29 +0800] "GET /agent/purchase/list?type=2 HTTP/1.1" 200 14797 "http://mall.tlpara.cn/agent/center" "Mozilla/5.0 (iPhone; CPU iPhone OS 10_2 like Mac OS X) AppleWebKit/602.3.12 (KHTML, like Gecko) Mobile/14C92 MicroMessenger/7.0.17(0x17001127) NetType/4G Language/zh_CN" "-" 0.205 0.205
49.92.146.107 - - [23/Oct/2020:10:03:29 +0800] "GET /js/jsConfig?url=http%3A%2F%2Fmall.tlpara.cn%2Fagent%2Fpurchase%2Flist%3Ftype%3D2&timestamp=1603418609&nonceStr=4fbe3f331e75c8 HTTP/1.1" 200 232 "http://mall.tlpara.cn/agent/purchase/list?type=2" "Mozilla/5.0 (iPhone; CPU iPhone OS 10_2 like Mac OS X) AppleWebKit/602.3.12 (KHTML, like Gecko) Mobile/14C92 MicroMessenger/7.0.17(0x17001127) NetType/4G Language/zh_CN" "-" 0.002 0.001
61.151.178.197 - - [23/Oct/2020:10:03:29 +0800] "GET /login HTTP/1.1" 200 3631 "http://manage.tlpara.cn/finance/undertheline/page?limitSize=50&limitStart=0&search=&number=&loanBegin=&loanEnd=&status=0&rechargeType=-1&queryType=1&_=1603417682705" "Mozilla/5.0 (Macintosh; Intel Mac OS X 10_12_4) AppleWebKit/537.36 (KHTML, like Gecko) \x09\x09\x09Chrome/55.0.2883.95 Safari/537.36" "-" 0.001 0.001
61.151.178.165 - - [23/Oct/2020:10:03:29 +0800] "GET /finance/undertheline/page?limitSize=50&limitStart=0&search=&number=&loanBegin=&loanEnd=&status=0&rechargeType=-1&queryType=1&_=1603417607922 HTTP/1.1" 302 0 "http://manage.tlpara.cn/finance/undertheline" "Mozilla/5.0 (Windows NT 6.1; WOW64; rv:50.0) Gecko/20100101 Firefox/50.0" "-" 0.004 0.004
180.116.86.243 - - [23/Oct/2020:10:03:30 +0800] "GET /agent/valid/oCode HTTP/1.1" 200 33 "http://mall.tlpara.cn/agent/purchase/confirm" "Mozilla/5.0 (iPhone; CPU iPhone OS 12_4_1 like Mac OS X) AppleWebKit/605.1.15 (KHTML, like Gecko) Mobile/15E148 MicroMessenger/7.0.17(0x17001127) NetType/WIFI Language/zh_CN" "-" 0.004 0.004
180.116.86.243 - - [23/Oct/2020:10:03:30 +0800] "GET /agent/valid/balance/60000 HTTP/1.1" 200 35 "http://mall.tlpara.cn/agent/purchase/confirm" "Mozilla/5.0 (iPhone; CPU iPhone OS 12_4_1 like Mac OS X) AppleWebKit/605.1.15 (KHTML, like Gecko) Mobile/15E148 MicroMessenger/7.0.17(0x17001127) NetType/WIFI Language/zh_CN" "-" 0.012 0.012
180.116.86.243 - - [23/Oct/2020:10:03:30 +0800] "GET /agent/exists-password HTTP/1.1" 200 36 "http://mall.tlpara.cn/agent/purchase/confirm" "Mozilla/5.0 (iPhone; CPU iPhone OS 12_4_1 like Mac OS X) AppleWebKit/605.1.15 (KHTML, like Gecko) Mobile/15E148 MicroMessenger/7.0.17(0x17001127) NetType/WIFI Language/zh_CN" "-" 0.003 0.003
61.129.6.151 - - [23/Oct/2020:10:03:31 +0800] "GET /login HTTP/1.1" 200 3631 "http://manage.tlpara.cn/finance/undertheline/page?limitSize=50&limitStart=0&search=&number=&loanBegin=&loanEnd=&status=0&rechargeType=-1&queryType=0&_=1603417607921" "Mozilla/5.0 (Windows NT 6.1; WOW64) AppleWebKit/537.36 (KHTML, like Gecko) Chrome/43.0.2357.124 Safari/537.36" "-" 0.002 0.001
60.177.62.208 - - [23/Oct/2020:10:03:33 +0800] "GET /agent/search/%E6%B2%88%E7%A7%80%E4%B8%BD HTTP/1.1" 200 747 "http://manage.tlpara.cn/acc/transfer" "Mozilla/5.0 (Windows NT 10.0; Win64; x64) AppleWebKit/537.36 (KHTML, like Gecko) Chrome/75.0.3770.142 Safari/537.36" "-" 0.023 0.024
101.91.62.65 - - [23/Oct/2020:10:03:34 +0800] "GET /assets/dist/js/util/date_picker.js?t=0.1.164 HTTP/1.1" 200 2223 "http://mall.tlpara.cn/home/product-list?classifyDirectoryIds=5335515037499392,5335514813480960" "Mozilla/5.0 (Windows NT 6.1; WOW64) AppleWebKit/537.36 (KHTML, like Gecko) Chrome/39.0.2171.95 Safari/537.36 MicroMessenger/6.5.2.501 NetType/WIFI WindowsWechat QBCore/3.43.27.400 QQBrowser/9.0.2524.400" "-" 0.000 -
171.223.175.85 - - [23/Oct/2020:10:03:34 +0800] "GET /agent/check?il=5317863950761984&iid=5347401986490368 HTTP/1.1" 302 0 "-" "Mozilla/5.0 (Linux; Android 10; YAL-AL50 Build/HUAWEIYAL-AL50; wv) AppleWebKit/537.36 (KHTML, like Gecko) Version/4.0 Chrome/78.0.3904.62 XWEB/2691 MMWEBSDK/200901 Mobile Safari/537.36 MMWEBID/893 MicroMessenger/7.0.19.1760(0x27001353) Process/toolsmp WeChat/arm64 NetType/WIFI Language/zh_CN ABI/arm64" "-" 0.011 0.011
171.223.175.85 - - [23/Oct/2020:10:03:34 +0800] "GET /agent/voucher HTTP/1.1" 200 1834 "-" "Mozilla/5.0 (Linux; Android 10; YAL-AL50 Build/HUAWEIYAL-AL50; wv) AppleWebKit/537.36 (KHTML, like Gecko) Version/4.0 Chrome/78.0.3904.62 XWEB/2691 MMWEBSDK/200901 Mobile Safari/537.36 MMWEBID/893 MicroMessenger/7.0.19.1760(0x27001353) Process/toolsmp WeChat/arm64 NetType/WIFI Language/zh_CN ABI/arm64" "-" 0.021 0.021
112.17.247.79 - - [23/Oct/2020:10:03:34 +0800] "POST /service/upload HTTP/1.1" 200 133 "http://mall.tlpara.cn/agent/recharge" "Mozilla/5.0 (iPhone; CPU iPhone OS 13_3_1 like Mac OS X) AppleWebKit/605.1.15 (KHTML, like Gecko) Mobile/15E148 MicroMessenger/7.0.17(0x17001127) NetType/4G Language/zh_CN" "-" 0.301 0.047
171.223.175.85 - - [23/Oct/2020:10:03:34 +0800] "GET /js/jsConfig?url=http%3A%2F%2Fmall.tlpara.cn%2Fagent%2Fvoucher&timestamp=1603418614&nonceStr=9dd01f54558ab HTTP/1.1" 200 231 "http://mall.tlpara.cn/agent/voucher" "Mozilla/5.0 (Linux; Android 10; YAL-AL50 Build/HUAWEIYAL-AL50; wv) AppleWebKit/537.36 (KHTML, like Gecko) Version/4.0 Chrome/78.0.3904.62 XWEB/2691 MMWEBSDK/200901 Mobile Safari/537.36 MMWEBID/893 MicroMessenger/7.0.19.1760(0x27001353) Process/toolsmp WeChat/arm64 NetType/WIFI Language/zh_CN ABI/arm64" "-" 0.002 0.001
60.177.62.208 - - [23/Oct/2020:10:03:34 +0800] "POST /acc/list/transfer-batch HTTP/1.1" 200 63 "http://manage.tlpara.cn/acc/transfer" "Mozilla/5.0 (Windows NT 10.0; Win64; x64) AppleWebKit/537.36 (KHTML, like Gecko) Chrome/75.0.3770.142 Safari/537.36" "-" 0.024 0.024
60.177.62.208 - - [23/Oct/2020:10:03:34 +0800] "GET /acc/transfer-search/page?limitSize=10&limitStart=0&_=1603418609126 HTTP/1.1" 200 405 "http://manage.tlpara.cn/acc/transfer" "Mozilla/5.0 (Windows NT 10.0; Win64; x64) AppleWebKit/537.36 (KHTML, like Gecko) Chrome/75.0.3770.142 Safari/537.36" "-" 0.014 0.014
61.151.178.165 - - [23/Oct/2020:10:03:34 +0800] "GET /login HTTP/1.1" 200 3631 "http://manage.tlpara.cn/finance/undertheline/page?limitSize=50&limitStart=0&search=&number=&loanBegin=&loanEnd=&status=0&rechargeType=-1&queryType=1&_=1603417607922" "Mozilla/5.0 (Windows NT 6.1; WOW64; rv:50.0) Gecko/20100101 Firefox/50.0" "-" 0.001 0.001
101.91.62.65 - - [23/Oct/2020:10:03:34 +0800] "GET /login HTTP/1.1" 200 3632 "http://manage.tlpara.cn/finance/undertheline/page?limitSize=50&limitStart=0&search=&number=&loanBegin=&loanEnd=&status=-1&rechargeType=-1&queryType=-1&_=1603417607923" "Mozilla/5.0 (Windows NT 6.1; WOW64) AppleWebKit/537.36 (KHTML, like Gecko) Chrome/53.0.2785.104 Safari/537.36 Core/1.53.2141.400 QQBrowser/9.5.10219.400" "-" 0.001 0.001
101.226.225.85 - - [23/Oct/2020:10:03:35 +0800] "GET /8B515VQS51L8 HTTP/1.1" 200 845 "-" "Mozilla/5.0 (Linux; Android 10; LIO-AN00 Build/HUAWEILIO-AN00; wv) AppleWebKit/537.36 (KHTML, like Gecko) Version/4.0 Chrome/77.0.3865.120 MQQBrowser/6.2 TBS/045409 Mobile Safari/537.36 MMWEBID/4507 MicroMessenger/7.0.19.1760(0x27001353) Process/tools WeChat/arm64 NetType/WIFI Language/zh_CN ABI/arm64" "122.240.51.233" 0.016 0.016
125.118.112.194 - - [23/Oct/2020:10:03:35 +0800] "GET /agent HTTP/1.1" 200 4237 "http://manage.tlpara.cn/agent" "Mozilla/5.0 (Windows NT 6.1; Win64; x64) AppleWebKit/537.36 (KHTML, like Gecko) Chrome/78.0.3904.97 Safari/537.36" "-" 0.008 0.007
122.240.51.233 - - [23/Oct/2020:10:03:35 +0800] "GET /favicon.ico HTTP/1.1" 200 411 "http://s.tlpara.cn/8B515VQS51L8" "Mozilla/5.0 (Linux; Android 10; LIO-AN00 Build/HUAWEILIO-AN00; wv) AppleWebKit/537.36 (KHTML, like Gecko) Version/4.0 Chrome/77.0.3865.120 MQQBrowser/6.2 TBS/045409 Mobile Safari/537.36 MMWEBID/4507 MicroMessenger/7.0.19.1760(0x27001353) Process/tools WeChat/arm64 NetType/WIFI Language/zh_CN ABI/arm64" "-" 0.002 0.002
125.118.112.194 - - [23/Oct/2020:10:03:35 +0800] "GET /agent/page?limitSize=10&limitStart=0&search=&invitationSearch=&purchaseSearch=&lid=0&agentClose=-1&_=1603418531524 HTTP/1.1" 200 3522 "http://manage.tlpara.cn/agent" "Mozilla/5.0 (Windows NT 6.1; Win64; x64) AppleWebKit/537.36 (KHTML, like Gecko) Chrome/78.0.3904.97 Safari/537.36" "-" 0.091 0.091
117.136.68.122 - - [23/Oct/2020:10:03:35 +0800] "POST /cart/purchase HTTP/1.1" 200 41 "http://mall.tlpara.cn/agent/purchase/list?type=2" "Mozilla/5.0 (iPhone; CPU iPhone OS 13_6 like Mac OS X) AppleWebKit/605.1.15 (KHTML, like Gecko) Mobile/15E148 MicroMessenger/7.0.17(0x17001127) NetType/4G Language/zh_CN" "-" 0.011 0.011
117.136.68.122 - - [23/Oct/2020:10:03:36 +0800] "POST /cart/purchase HTTP/1.1" 200 41 "http://mall.tlpara.cn/agent/purchase/list?type=2" "Mozilla/5.0 (iPhone; CPU iPhone OS 13_6 like Mac OS X) AppleWebKit/605.1.15 (KHTML, like Gecko) Mobile/15E148 MicroMessenger/7.0.17(0x17001127) NetType/4G Language/zh_CN" "-" 0.012 0.010
112.17.247.79 - - [23/Oct/2020:10:03:37 +0800] "GET /agent/recharge/valid-repeat?price=100000 HTTP/1.1" 200 63 "http://mall.tlpara.cn/agent/recharge" "Mozilla/5.0 (iPhone; CPU iPhone OS 13_3_1 like Mac OS X) AppleWebKit/605.1.15 (KHTML, like Gecko) Mobile/15E148 MicroMessenger/7.0.17(0x17001127) NetType/4G Language/zh_CN" "-" 0.009 0.008
210.22.133.173 - - [23/Oct/2020:10:03:37 +0800] "GET / HTTP/1.1" 302 0 "-" "Mozilla/5.0 (Windows NT 10.0; WOW64) AppleWebKit/537.36 (KHTML, like Gecko) Chrome/53.0.2785.116 Safari/537.36 QBCore/4.0.1301.400 QQBrowser/9.0.2524.400 Mozilla/5.0 (Windows NT 6.1; WOW64) AppleWebKit/537.36 (KHTML, like Gecko) Chrome/53.0.2875.116 Safari/537.36 NetType/WIFI MicroMessenger/7.0.5 WindowsWechat" "-" 0.000 0.001
60.177.62.208 - - [23/Oct/2020:10:03:37 +0800] "GET /acc/transfer-search/clear HTTP/1.1" 200 63 "http://manage.tlpara.cn/acc/transfer" "Mozilla/5.0 (Windows NT 10.0; Win64; x64) AppleWebKit/537.36 (KHTML, like Gecko) Chrome/75.0.3770.142 Safari/537.36" "-" 0.005 0.004
180.116.86.243 - - [23/Oct/2020:10:03:37 +0800] "POST /agent/valid-password HTTP/1.1" 200 69 "http://mall.tlpara.cn/agent/purchase/confirm" "Mozilla/5.0 (iPhone; CPU iPhone OS 12_4_1 like Mac OS X) AppleWebKit/605.1.15 (KHTML, like Gecko) Mobile/15E148 MicroMessenger/7.0.17(0x17001127) NetType/WIFI Language/zh_CN" "-" 0.004 0.003
60.177.62.208 - - [23/Oct/2020:10:03:37 +0800] "GET /acc/transfer HTTP/1.1" 200 4049 "http://manage.tlpara.cn/acc/transfer" "Mozilla/5.0 (Windows NT 10.0; Win64; x64) AppleWebKit/537.36 (KHTML, like Gecko) Chrome/75.0.3770.142 Safari/537.36" "-" 0.004 0.005
60.177.62.208 - - [23/Oct/2020:10:03:37 +0800] "GET /acc/transfer-search/page?limitSize=10&limitStart=0&_=1603418618895 HTTP/1.1" 200 52 "http://manage.tlpara.cn/acc/transfer" "Mozilla/5.0 (Windows NT 10.0; Win64; x64) AppleWebKit/537.36 (KHTML, like Gecko) Chrome/75.0.3770.142 Safari/537.36" "-" 0.003 0.003
117.136.68.122 - - [23/Oct/2020:10:03:37 +0800] "POST /cart/purchase HTTP/1.1" 200 41 "http://mall.tlpara.cn/agent/purchase/list?type=2" "Mozilla/5.0 (iPhone; CPU iPhone OS 13_6 like Mac OS X) AppleWebKit/605.1.15 (KHTML, like Gecko) Mobile/15E148 MicroMessenger/7.0.17(0x17001127) NetType/4G Language/zh_CN" "-" 0.010 0.011
210.22.133.173 - - [23/Oct/2020:10:03:38 +0800] "GET /home/ HTTP/1.1" 200 4582 "-" "Mozilla/5.0 (Windows NT 10.0; WOW64) AppleWebKit/537.36 (KHTML, like Gecko) Chrome/53.0.2785.116 Safari/537.36 QBCore/4.0.1301.400 QQBrowser/9.0.2524.400 Mozilla/5.0 (Windows NT 6.1; WOW64) AppleWebKit/537.36 (KHTML, like Gecko) Chrome/53.0.2875.116 Safari/537.36 NetType/WIFI MicroMessenger/7.0.5 WindowsWechat" "-" 0.000 -
180.116.86.243 - - [23/Oct/2020:10:03:38 +0800] "POST /trade/loan/pay HTTP/1.1" 200 63 "http://mall.tlpara.cn/agent/purchase/confirm" "Mozilla/5.0 (iPhone; CPU iPhone OS 12_4_1 like Mac OS X) AppleWebKit/605.1.15 (KHTML, like Gecko) Mobile/15E148 MicroMessenger/7.0.17(0x17001127) NetType/WIFI Language/zh_CN" "-" 0.448 0.449
210.22.133.173 - - [23/Oct/2020:10:03:38 +0800] "GET /assets/dist/css/ganroft.min.css?t=0.1.164 HTTP/1.1" 200 41465 "http://mall.tlpara.cn/home/" "Mozilla/5.0 (Windows NT 10.0; WOW64) AppleWebKit/537.36 (KHTML, like Gecko) Chrome/53.0.2785.116 Safari/537.36 QBCore/4.0.1301.400 QQBrowser/9.0.2524.400 Mozilla/5.0 (Windows NT 6.1; WOW64) AppleWebKit/537.36 (KHTML, like Gecko) Chrome/53.0.2875.116 Safari/537.36 NetType/WIFI MicroMessenger/7.0.5 WindowsWechat" "-" 0.000 -
210.22.133.173 - - [23/Oct/2020:10:03:38 +0800] "GET /assets/font/iconfont.css?t=0.1.164 HTTP/1.1" 200 28065 "http://mall.tlpara.cn/home/" "Mozilla/5.0 (Windows NT 10.0; WOW64) AppleWebKit/537.36 (KHTML, like Gecko) Chrome/53.0.2785.116 Safari/537.36 QBCore/4.0.1301.400 QQBrowser/9.0.2524.400 Mozilla/5.0 (Windows NT 6.1; WOW64) AppleWebKit/537.36 (KHTML, like Gecko) Chrome/53.0.2875.116 Safari/537.36 NetType/WIFI MicroMessenger/7.0.5 WindowsWechat" "-" 0.000 -
210.22.133.173 - - [23/Oct/2020:10:03:38 +0800] "GET /assets/dist/js/util/date_picker.js?t=0.1.164 HTTP/1.1" 200 2223 "http://mall.tlpara.cn/home/" "Mozilla/5.0 (Windows NT 10.0; WOW64) AppleWebKit/537.36 (KHTML, like Gecko) Chrome/53.0.2785.116 Safari/537.36 QBCore/4.0.1301.400 QQBrowser/9.0.2524.400 Mozilla/5.0 (Windows NT 6.1; WOW64) AppleWebKit/537.36 (KHTML, like Gecko) Chrome/53.0.2875.116 Safari/537.36 NetType/WIFI MicroMessenger/7.0.5 WindowsWechat" "-" 0.000 -
210.22.133.173 - - [23/Oct/2020:10:03:38 +0800] "GET /assets/dist/js/init.js?t=0.1.164 HTTP/1.1" 200 602 "http://mall.tlpara.cn/home/" "Mozilla/5.0 (Windows NT 10.0; WOW64) AppleWebKit/537.36 (KHTML, like Gecko) Chrome/53.0.2785.116 Safari/537.36 QBCore/4.0.1301.400 QQBrowser/9.0.2524.400 Mozilla/5.0 (Windows NT 6.1; WOW64) AppleWebKit/537.36 (KHTML, like Gecko) Chrome/53.0.2875.116 Safari/537.36 NetType/WIFI MicroMessenger/7.0.5 WindowsWechat" "-" 0.000 -
210.22.133.173 - - [23/Oct/2020:10:03:38 +0800] "GET /assets/dist/js/util/util.js?t=0.1.164 HTTP/1.1" 200 15780 "http://mall.tlpara.cn/home/" "Mozilla/5.0 (Windows NT 10.0; WOW64) AppleWebKit/537.36 (KHTML, like Gecko) Chrome/53.0.2785.116 Safari/537.36 QBCore/4.0.1301.400 QQBrowser/9.0.2524.400 Mozilla/5.0 (Windows NT 6.1; WOW64) AppleWebKit/537.36 (KHTML, like Gecko) Chrome/53.0.2875.116 Safari/537.36 NetType/WIFI MicroMessenger/7.0.5 WindowsWechat" "-" 0.000 -
210.22.133.173 - - [23/Oct/2020:10:03:38 +0800] "GET /assets/font/iconfont.js?t=0.1.164 HTTP/1.1" 200 212362 "http://mall.tlpara.cn/home/" "Mozilla/5.0 (Windows NT 10.0; WOW64) AppleWebKit/537.36 (KHTML, like Gecko) Chrome/53.0.2785.116 Safari/537.36 QBCore/4.0.1301.400 QQBrowser/9.0.2524.400 Mozilla/5.0 (Windows NT 6.1; WOW64) AppleWebKit/537.36 (KHTML, like Gecko) Chrome/53.0.2875.116 Safari/537.36 NetType/WIFI MicroMessenger/7.0.5 WindowsWechat" "-" 0.046 -
112.17.247.79 - - [23/Oct/2020:10:03:38 +0800] "POST /agent/submitvoucher HTTP/1.1" 200 32 "http://mall.tlpara.cn/agent/recharge" "Mozilla/5.0 (iPhone; CPU iPhone OS 13_3_1 like Mac OS X) AppleWebKit/605.1.15 (KHTML, like Gecko) Mobile/15E148 MicroMessenger/7.0.17(0x17001127) NetType/4G Language/zh_CN" "-" 0.104 0.083
180.116.86.243 - - [23/Oct/2020:10:03:38 +0800] "GET /agent/self/purchase HTTP/1.1" 200 2892 "http://mall.tlpara.cn/agent/purchase/confirm" "Mozilla/5.0 (iPhone; CPU iPhone OS 12_4_1 like Mac OS X) AppleWebKit/605.1.15 (KHTML, like Gecko) Mobile/15E148 MicroMessenger/7.0.17(0x17001127) NetType/WIFI Language/zh_CN" "-" 0.119 0.119
210.22.133.173 - - [23/Oct/2020:10:03:38 +0800] "GET /assets/dist/js/util/reg.js?t=0.1.164 HTTP/1.1" 200 157 "http://mall.tlpara.cn/home/" "Mozilla/5.0 (Windows NT 10.0; WOW64) AppleWebKit/537.36 (KHTML, like Gecko) Chrome/53.0.2785.116 Safari/537.36 QBCore/4.0.1301.400 QQBrowser/9.0.2524.400 Mozilla/5.0 (Windows NT 6.1; WOW64) AppleWebKit/537.36 (KHTML, like Gecko) Chrome/53.0.2875.116 Safari/537.36 NetType/WIFI MicroMessenger/7.0.5 WindowsWechat" "-" 0.000 -
180.116.86.243 - - [23/Oct/2020:10:03:38 +0800] "GET /js/jsConfig?url=http%3A%2F%2Fmall.tlpara.cn%2Fagent%2Fself%2Fpurchase&timestamp=1603418618&nonceStr=a434c2f795069 HTTP/1.1" 200 232 "http://mall.tlpara.cn/agent/self/purchase" "Mozilla/5.0 (iPhone; CPU iPhone OS 12_4_1 like Mac OS X) AppleWebKit/605.1.15 (KHTML, like Gecko) Mobile/15E148 MicroMessenger/7.0.17(0x17001127) NetType/WIFI Language/zh_CN" "-" 0.001 0.002
112.17.247.79 - - [23/Oct/2020:10:03:38 +0800] "GET /agent/recharge/log HTTP/1.1" 200 3071 "http://mall.tlpara.cn/agent/recharge" "Mozilla/5.0 (iPhone; CPU iPhone OS 13_3_1 like Mac OS X) AppleWebKit/605.1.15 (KHTML, like Gecko) Mobile/15E148 MicroMessenger/7.0.17(0x17001127) NetType/4G Language/zh_CN" "-" 0.029 0.028
112.17.247.79 - - [23/Oct/2020:10:03:38 +0800] "GET /js/jsConfig?url=http%3A%2F%2Fmall.tlpara.cn%2Fagent%2Frecharge%2Flog&timestamp=1603418618&nonceStr=45503f2c4abd7 HTTP/1.1" 200 232 "http://mall.tlpara.cn/agent/recharge/log" "Mozilla/5.0 (iPhone; CPU iPhone OS 13_3_1 like Mac OS X) AppleWebKit/605.1.15 (KHTML, like Gecko) Mobile/15E148 MicroMessenger/7.0.17(0x17001127) NetType/4G Language/zh_CN" "-" 0.002 0.001
112.17.247.79 - - [23/Oct/2020:10:03:38 +0800] "GET /assets/dist/js/agent/mml.js?t=0.1.164 HTTP/1.1" 200 543 "http://mall.tlpara.cn/agent/recharge/log" "Mozilla/5.0 (iPhone; CPU iPhone OS 13_3_1 like Mac OS X) AppleWebKit/605.1.15 (KHTML, like Gecko) Mobile/15E148 MicroMessenger/7.0.17(0x17001127) NetType/4G Language/zh_CN" "-" 0.000 -
36.152.23.226 - - [23/Oct/2020:10:03:39 +0800] "POST /cart/purchase HTTP/1.1" 200 41 "http://mall.tlpara.cn/agent/purchase/list?type=2" "Mozilla/5.0 (Linux; Android 10; Redmi K30 5G Build/QKQ1.191222.002; wv) AppleWebKit/537.36 (KHTML, like Gecko) Version/4.0 Chrome/77.0.3865.120 MQQBrowser/6.2 TBS/045409 Mobile Safari/537.36 MMWEBID/6501 MicroMessenger/7.0.19.1760(0x27001353) Process/tools WeChat/arm64 NetType/WIFI Language/zh_CN ABI/arm64" "-" 0.010 0.010
210.22.133.173 - - [23/Oct/2020:10:03:39 +0800] "GET /assets/dist/js/components/back-to-top.js?t=0.1.164 HTTP/1.1" 200 255 "http://mall.tlpara.cn/home/" "Mozilla/5.0 (Windows NT 10.0; WOW64) AppleWebKit/537.36 (KHTML, like Gecko) Chrome/53.0.2785.116 Safari/537.36 QBCore/4.0.1301.400 QQBrowser/9.0.2524.400 Mozilla/5.0 (Windows NT 6.1; WOW64) AppleWebKit/537.36 (KHTML, like Gecko) Chrome/53.0.2875.116 Safari/537.36 NetType/WIFI MicroMessenger/7.0.5 WindowsWechat" "-" 0.000 -
210.22.133.173 - - [23/Oct/2020:10:03:39 +0800] "GET /js/jsConfig?url=http%3A%2F%2Fmall.tlpara.cn%2Fhome%2F&timestamp=1603418619&nonceStr=a65c904495714 HTTP/1.1" 200 232 "http://mall.tlpara.cn/home/" "Mozilla/5.0 (Windows NT 10.0; WOW64) AppleWebKit/537.36 (KHTML, like Gecko) Chrome/53.0.2785.116 Safari/537.36 QBCore/4.0.1301.400 QQBrowser/9.0.2524.400 Mozilla/5.0 (Windows NT 6.1; WOW64) AppleWebKit/537.36 (KHTML, like Gecko) Chrome/53.0.2875.116 Safari/537.36 NetType/WIFI MicroMessenger/7.0.5 WindowsWechat" "-" 0.001 0.000
210.22.133.173 - - [23/Oct/2020:10:03:39 +0800] "GET /assets/dist/js/home/home.js?t=0.1.164 HTTP/1.1" 200 1484 "http://mall.tlpara.cn/home/" "Mozilla/5.0 (Windows NT 10.0; WOW64) AppleWebKit/537.36 (KHTML, like Gecko) Chrome/53.0.2785.116 Safari/537.36 QBCore/4.0.1301.400 QQBrowser/9.0.2524.400 Mozilla/5.0 (Windows NT 6.1; WOW64) AppleWebKit/537.36 (KHTML, like Gecko) Chrome/53.0.2875.116 Safari/537.36 NetType/WIFI MicroMessenger/7.0.5 WindowsWechat" "-" 0.000 -
117.136.68.122 - - [23/Oct/2020:10:03:39 +0800] "GET /agent/purchase/bill HTTP/1.1" 200 1975 "http://mall.tlpara.cn/agent/purchase/list?type=2" "Mozilla/5.0 (iPhone; CPU iPhone OS 13_6 like Mac OS X) AppleWebKit/605.1.15 (KHTML, like Gecko) Mobile/15E148 MicroMessenger/7.0.17(0x17001127) NetType/4G Language/zh_CN" "-" 0.021 0.022
117.136.68.122 - - [23/Oct/2020:10:03:40 +0800] "GET /js/jsConfig?url=http%3A%2F%2Fmall.tlpara.cn%2Fagent%2Fpurchase%2Fbill&timestamp=1603418530&nonceStr=e92b2450212908 HTTP/1.1" 200 233 "http://mall.tlpara.cn/agent/purchase/bill" "Mozilla/5.0 (iPhone; CPU iPhone OS 13_6 like Mac OS X) AppleWebKit/605.1.15 (KHTML, like Gecko) Mobile/15E148 MicroMessenger/7.0.17(0x17001127) NetType/4G Language/zh_CN" "-" 0.001 0.001
117.136.68.122 - - [23/Oct/2020:10:03:40 +0800] "GET /assets/dist/js/agent/apb.js?t=0.1.164 HTTP/1.1" 304 0 "http://mall.tlpara.cn/agent/purchase/bill" "Mozilla/5.0 (iPhone; CPU iPhone OS 13_6 like Mac OS X) AppleWebKit/605.1.15 (KHTML, like Gecko) Mobile/15E148 MicroMessenger/7.0.17(0x17001127) NetType/4G Language/zh_CN" "-" 0.000 -
101.226.225.85 - - [23/Oct/2020:10:03:40 +0800] "GET /agent/purchase/bill HTTP/1.1" 200 2048 "http://mall.tlpara.cn/agent/purchase/list?type=2" "Mozilla/5.0 (Linux; Android 10; Redmi K30 5G Build/QKQ1.191222.002; wv) AppleWebKit/537.36 (KHTML, like Gecko) Version/4.0 Chrome/77.0.3865.120 MQQBrowser/6.2 TBS/045409 Mobile Safari/537.36 MMWEBID/6501 MicroMessenger/7.0.19.1760(0x27001353) Process/tools WeChat/arm64 NetType/WIFI Language/zh_CN ABI/arm64" "36.152.23.226" 0.023 0.022
36.152.23.226 - - [23/Oct/2020:10:03:40 +0800] "GET /js/jsConfig?url=http%3A%2F%2Fmall.tlpara.cn%2Fagent%2Fpurchase%2Fbill&timestamp=1603418619&nonceStr=80e5dfd496ac HTTP/1.1" 200 233 "http://mall.tlpara.cn/agent/purchase/bill" "Mozilla/5.0 (Linux; Android 10; Redmi K30 5G Build/QKQ1.191222.002; wv) AppleWebKit/537.36 (KHTML, like Gecko) Version/4.0 Chrome/77.0.3865.120 MQQBrowser/6.2 TBS/045409 Mobile Safari/537.36 MMWEBID/6501 MicroMessenger/7.0.19.1760(0x27001353) Process/tools WeChat/arm64 NetType/WIFI Language/zh_CN ABI/arm64" "-" 0.001 0.001
210.22.133.173 - - [23/Oct/2020:10:03:40 +0800] "GET /agent/ HTTP/1.1" 302 0 "http://mall.tlpara.cn/home/" "Mozilla/5.0 (Windows NT 10.0; WOW64) AppleWebKit/537.36 (KHTML, like Gecko) Chrome/53.0.2785.116 Safari/537.36 QBCore/4.0.1301.400 QQBrowser/9.0.2524.400 Mozilla/5.0 (Windows NT 6.1; WOW64) AppleWebKit/537.36 (KHTML, like Gecko) Chrome/53.0.2875.116 Safari/537.36 NetType/WIFI MicroMessenger/7.0.5 WindowsWechat" "-" 0.000 0.001
210.22.133.173 - - [23/Oct/2020:10:03:41 +0800] "GET /login/phone?rd=%2Fagent%2F HTTP/1.1" 200 1738 "http://mall.tlpara.cn/home/" "Mozilla/5.0 (Windows NT 10.0; WOW64) AppleWebKit/537.36 (KHTML, like Gecko) Chrome/53.0.2785.116 Safari/537.36 QBCore/4.0.1301.400 QQBrowser/9.0.2524.400 Mozilla/5.0 (Windows NT 6.1; WOW64) AppleWebKit/537.36 (KHTML, like Gecko) Chrome/53.0.2875.116 Safari/537.36 NetType/WIFI MicroMessenger/7.0.5 WindowsWechat" "-" 0.002 0.001
139.207.54.34 - - [23/Oct/2020:10:03:41 +0800] "GET / HTTP/1.1" 302 0 "-" "Mozilla/5.0 (iPhone; CPU iPhone OS 12_4_2 like Mac OS X) AppleWebKit/605.1.15 (KHTML, like Gecko) Mobile/15E148 MicroMessenger/7.0.17(0x17001127) NetType/4G Language/zh_CN" "-" 0.001 0.001
139.207.54.34 - - [23/Oct/2020:10:03:41 +0800] "GET /home/ HTTP/1.1" 200 4582 "-" "Mozilla/5.0 (iPhone; CPU iPhone OS 12_4_2 like Mac OS X) AppleWebKit/605.1.15 (KHTML, like Gecko) Mobile/15E148 MicroMessenger/7.0.17(0x17001127) NetType/4G Language/zh_CN" "-" 0.000 -
210.22.133.173 - - [23/Oct/2020:10:03:41 +0800] "GET /assets/img/logo.jpg HTTP/1.1" 200 22411 "http://mall.tlpara.cn/login/phone?rd=%2Fagent%2F" "Mozilla/5.0 (Windows NT 10.0; WOW64) AppleWebKit/537.36 (KHTML, like Gecko) Chrome/53.0.2785.116 Safari/537.36 QBCore/4.0.1301.400 QQBrowser/9.0.2524.400 Mozilla/5.0 (Windows NT 6.1; WOW64) AppleWebKit/537.36 (KHTML, like Gecko) Chrome/53.0.2875.116 Safari/537.36 NetType/WIFI MicroMessenger/7.0.5 WindowsWechat" "-" 0.000 -
210.22.133.173 - - [23/Oct/2020:10:03:41 +0800] "GET /assets/dist/js/lp.js?t=0.1.164 HTTP/1.1" 200 1143 "http://mall.tlpara.cn/login/phone?rd=%2Fagent%2F" "Mozilla/5.0 (Windows NT 10.0; WOW64) AppleWebKit/537.36 (KHTML, like Gecko) Chrome/53.0.2785.116 Safari/537.36 QBCore/4.0.1301.400 QQBrowser/9.0.2524.400 Mozilla/5.0 (Windows NT 6.1; WOW64) AppleWebKit/537.36 (KHTML, like Gecko) Chrome/53.0.2875.116 Safari/537.36 NetType/WIFI MicroMessenger/7.0.5 WindowsWechat" "-" 0.000 -
210.22.133.173 - - [23/Oct/2020:10:03:41 +0800] "GET /js/jsConfig?url=http%3A%2F%2Fmall.tlpara.cn%2Flogin%2Fphone%3Frd%3D%252Fagent%252F&timestamp=1603418621&nonceStr=1311f29ad3629 HTTP/1.1" 200 232 "http://mall.tlpara.cn/login/phone?rd=%2Fagent%2F" "Mozilla/5.0 (Windows NT 10.0; WOW64) AppleWebKit/537.36 (KHTML, like Gecko) Chrome/53.0.2785.116 Safari/537.36 QBCore/4.0.1301.400 QQBrowser/9.0.2524.400 Mozilla/5.0 (Windows NT 6.1; WOW64) AppleWebKit/537.36 (KHTML, like Gecko) Chrome/53.0.2875.116 Safari/537.36 NetType/WIFI MicroMessenger/7.0.5 WindowsWechat" "-" 0.001 0.001
139.207.54.34 - - [23/Oct/2020:10:03:41 +0800] "GET /js/jsConfig?url=http%3A%2F%2Fmall.tlpara.cn%2Fhome%2F&timestamp=1603418621&nonceStr=b4557aa1f25d8 HTTP/1.1" 200 232 "http://mall.tlpara.cn/home/" "Mozilla/5.0 (iPhone; CPU iPhone OS 12_4_2 like Mac OS X) AppleWebKit/605.1.15 (KHTML, like Gecko) Mobile/15E148 MicroMessenger/7.0.17(0x17001127) NetType/4G Language/zh_CN" "-" 0.002 0.001
36.152.23.226 - - [23/Oct/2020:10:03:42 +0800] "POST /cart/purchase HTTP/1.1" 200 41 "http://mall.tlpara.cn/agent/purchase/bill" "Mozilla/5.0 (Linux; Android 10; Redmi K30 5G Build/QKQ1.191222.002; wv) AppleWebKit/537.36 (KHTML, like Gecko) Version/4.0 Chrome/77.0.3865.120 MQQBrowser/6.2 TBS/045409 Mobile Safari/537.36 MMWEBID/6501 MicroMessenger/7.0.19.1760(0x27001353) Process/tools WeChat/arm64 NetType/WIFI Language/zh_CN ABI/arm64" "-" 0.011 0.010
210.22.133.173 - - [23/Oct/2020:10:03:43 +0800] "GET /login/wx-login?rd=/agent/ HTTP/1.1" 200 1724 "http://mall.tlpara.cn/login/phone?rd=%2Fagent%2F" "Mozilla/5.0 (Windows NT 10.0; WOW64) AppleWebKit/537.36 (KHTML, like Gecko) Chrome/53.0.2785.116 Safari/537.36 QBCore/4.0.1301.400 QQBrowser/9.0.2524.400 Mozilla/5.0 (Windows NT 6.1; WOW64) AppleWebKit/537.36 (KHTML, like Gecko) Chrome/53.0.2875.116 Safari/537.36 NetType/WIFI MicroMessenger/7.0.5 WindowsWechat" "-" 0.001 0.002
210.22.133.173 - - [23/Oct/2020:10:03:43 +0800] "GET /js/jsConfig?url=http%3A%2F%2Fmall.tlpara.cn%2Flogin%2Fwx-login%3Frd%3D%2Fagent%2F&timestamp=1603418623&nonceStr=805e8505e58bf HTTP/1.1" 200 234 "http://mall.tlpara.cn/login/wx-login?rd=/agent/" "Mozilla/5.0 (Windows NT 10.0; WOW64) AppleWebKit/537.36 (KHTML, like Gecko) Chrome/53.0.2785.116 Safari/537.36 QBCore/4.0.1301.400 QQBrowser/9.0.2524.400 Mozilla/5.0 (Windows NT 6.1; WOW64) AppleWebKit/537.36 (KHTML, like Gecko) Chrome/53.0.2875.116 Safari/537.36 NetType/WIFI MicroMessenger/7.0.5 WindowsWechat" "-" 0.002 0.001
210.22.133.173 - - [23/Oct/2020:10:03:43 +0800] "GET /assets/dist/js/wx-login.js?td=0.1.164 HTTP/1.1" 200 253 "http://mall.tlpara.cn/login/wx-login?rd=/agent/" "Mozilla/5.0 (Windows NT 10.0; WOW64) AppleWebKit/537.36 (KHTML, like Gecko) Chrome/53.0.2785.116 Safari/537.36 QBCore/4.0.1301.400 QQBrowser/9.0.2524.400 Mozilla/5.0 (Windows NT 6.1; WOW64) AppleWebKit/537.36 (KHTML, like Gecko) Chrome/53.0.2875.116 Safari/537.36 NetType/WIFI MicroMessenger/7.0.5 WindowsWechat" "-" 0.000 -
139.207.54.34 - - [23/Oct/2020:10:03:46 +0800] "GET /agent/ HTTP/1.1" 302 0 "http://mall.tlpara.cn/home/" "Mozilla/5.0 (iPhone; CPU iPhone OS 12_4_2 like Mac OS X) AppleWebKit/605.1.15 (KHTML, like Gecko) Mobile/15E148 MicroMessenger/7.0.17(0x17001127) NetType/4G Language/zh_CN" "-" 0.003 0.003
61.129.6.145 - - [23/Oct/2020:10:03:46 +0800] "GET /agent/self/purchase/detail/5587994321027072 HTTP/1.1" 302 0 "-" "Mozilla/5.0 (Linux; Android 4.4.4; Coolpad Y82-520 Build/KTU84P) AppleWebKit/537.36 (KHTML, like Gecko) Version/4.0 Chrome/33.0.0.0 Mobile Safari/537.36 MicroMessenger/6.5.4.1000 NetType/4G Language/zh_CN" "-" 0.001 0.000
139.207.54.34 - - [23/Oct/2020:10:03:46 +0800] "GET /agent/center HTTP/1.1" 200 3287 "http://mall.tlpara.cn/home/" "Mozilla/5.0 (iPhone; CPU iPhone OS 12_4_2 like Mac OS X) AppleWebKit/605.1.15 (KHTML, like Gecko) Mobile/15E148 MicroMessenger/7.0.17(0x17001127) NetType/4G Language/zh_CN" "-" 0.096 0.097
139.207.54.34 - - [23/Oct/2020:10:03:46 +0800] "GET /js/jsConfig?url=http%3A%2F%2Fmall.tlpara.cn%2Fagent%2Fcenter&timestamp=1603418626&nonceStr=7473b873b9362 HTTP/1.1" 200 234 "http://mall.tlpara.cn/agent/center" "Mozilla/5.0 (iPhone; CPU iPhone OS 12_4_2 like Mac OS X) AppleWebKit/605.1.15 (KHTML, like Gecko) Mobile/15E148 MicroMessenger/7.0.17(0x17001127) NetType/4G Language/zh_CN" "-" 0.001 0.002
117.136.68.122 - - [23/Oct/2020:10:03:47 +0800] "GET /agent/purchase/stock/validate?productId%5B%5D=5503959373578240&quantity%5B%5D=2&skuGroupId%5B%5D=5503966488282112 HTTP/1.1" 200 63 "http://mall.tlpara.cn/agent/purchase/bill" "Mozilla/5.0 (iPhone; CPU iPhone OS 13_6 like Mac OS X) AppleWebKit/605.1.15 (KHTML, like Gecko) Mobile/15E148 MicroMessenger/7.0.17(0x17001127) NetType/4G Language/zh_CN" "-" 0.028 0.027
117.136.68.122 - - [23/Oct/2020:10:03:47 +0800] "GET /agent/purchase/qualified?quantity=2 HTTP/1.1" 200 41 "http://mall.tlpara.cn/agent/purchase/bill" "Mozilla/5.0 (iPhone; CPU iPhone OS 13_6 like Mac OS X) AppleWebKit/605.1.15 (KHTML, like Gecko) Mobile/15E148 MicroMessenger/7.0.17(0x17001127) NetType/4G Language/zh_CN" "-" 0.013 0.012
117.136.68.122 - - [23/Oct/2020:10:03:47 +0800] "GET /agent/purchase/confirm HTTP/1.1" 200 1385 "http://mall.tlpara.cn/agent/purchase/bill" "Mozilla/5.0 (iPhone; CPU iPhone OS 13_6 like Mac OS X) AppleWebKit/605.1.15 (KHTML, like Gecko) Mobile/15E148 MicroMessenger/7.0.17(0x17001127) NetType/4G Language/zh_CN" "-" 0.003 0.003
117.136.68.122 - - [23/Oct/2020:10:03:47 +0800] "GET /js/jsConfig?url=http%3A%2F%2Fmall.tlpara.cn%2Fagent%2Fpurchase%2Fconfirm&timestamp=1603418538&nonceStr=87c1d3220051f8 HTTP/1.1" 200 232 "http://mall.tlpara.cn/agent/purchase/confirm" "Mozilla/5.0 (iPhone; CPU iPhone OS 13_6 like Mac OS X) AppleWebKit/605.1.15 (KHTML, like Gecko) Mobile/15E148 MicroMessenger/7.0.17(0x17001127) NetType/4G Language/zh_CN" "-" 0.001 0.001
60.177.62.208 - - [23/Oct/2020:10:03:47 +0800] "GET /bill/product-code-bind?id=5587994517569536 HTTP/1.1" 200 4231 "http://manage.tlpara.cn/bill/purchase" "Mozilla/5.0 (Windows NT 10.0; Win64; x64) AppleWebKit/537.36 (KHTML, like Gecko) Chrome/75.0.3770.142 Safari/537.36" "-" 0.021 0.020
117.136.68.122 - - [23/Oct/2020:10:03:48 +0800] "GET /assets/dist/js/agent/pbc.js?t=0.1.164 HTTP/1.1" 304 0 "http://mall.tlpara.cn/agent/purchase/confirm" "Mozilla/5.0 (iPhone; CPU iPhone OS 13_6 like Mac OS X) AppleWebKit/605.1.15 (KHTML, like Gecko) Mobile/15E148 MicroMessenger/7.0.17(0x17001127) NetType/4G Language/zh_CN" "-" 0.000 -
210.22.133.173 - - [23/Oct/2020:10:03:48 +0800] "GET /auth?rd=/agent/ HTTP/1.1" 302 0 "http://mall.tlpara.cn/login/wx-login?rd=/agent/" "Mozilla/5.0 (Windows NT 10.0; WOW64) AppleWebKit/537.36 (KHTML, like Gecko) Chrome/53.0.2785.116 Safari/537.36 QBCore/4.0.1301.400 QQBrowser/9.0.2524.400 Mozilla/5.0 (Windows NT 6.1; WOW64) AppleWebKit/537.36 (KHTML, like Gecko) Chrome/53.0.2875.116 Safari/537.36 NetType/WIFI MicroMessenger/7.0.5 WindowsWechat" "-" 0.002 0.001
117.136.68.122 - - [23/Oct/2020:10:03:48 +0800] "GET /agent/purchase/bill/ajax?type=8&addressId=0&productId%5B%5D=5503959373578240&quantity%5B%5D=2&skuGroupId%5B%5D=5503966488282112 HTTP/1.1" 200 2689 "http://mall.tlpara.cn/agent/purchase/confirm" "Mozilla/5.0 (iPhone; CPU iPhone OS 13_6 like Mac OS X) AppleWebKit/605.1.15 (KHTML, like Gecko) Mobile/15E148 MicroMessenger/7.0.17(0x17001127) NetType/4G Language/zh_CN" "-" 0.058 0.059
139.207.54.34 - - [23/Oct/2020:10:03:48 +0800] "GET /agent/invitation HTTP/1.1" 200 1968 "http://mall.tlpara.cn/agent/center" "Mozilla/5.0 (iPhone; CPU iPhone OS 12_4_2 like Mac OS X) AppleWebKit/605.1.15 (KHTML, like Gecko) Mobile/15E148 MicroMessenger/7.0.17(0x17001127) NetType/4G Language/zh_CN" "-" 0.009 0.008
36.152.23.226 - - [23/Oct/2020:10:03:48 +0800] "GET /js/jsConfig?url=http%3A%2F%2Fmall.tlpara.cn%2Fagent%2Fpurchase%2Flist%3Ftype%3D2&timestamp=1603418627&nonceStr=a204acc2325e9 HTTP/1.1" 200 232 "http://mall.tlpara.cn/agent/purchase/list?type=2" "Mozilla/5.0 (Linux; Android 10; Redmi K30 5G Build/QKQ1.191222.002; wv) AppleWebKit/537.36 (KHTML, like Gecko) Version/4.0 Chrome/77.0.3865.120 MQQBrowser/6.2 TBS/045409 Mobile Safari/537.36 MMWEBID/6501 MicroMessenger/7.0.19.1760(0x27001353) Process/tools WeChat/arm64 NetType/WIFI Language/zh_CN ABI/arm64" "-" 0.001 0.002
139.207.54.34 - - [23/Oct/2020:10:03:48 +0800] "GET /js/jsConfig?url=http%3A%2F%2Fmall.tlpara.cn%2Fagent%2Finvitation&timestamp=1603418628&nonceStr=b7f6fb577e56a HTTP/1.1" 200 232 "http://mall.tlpara.cn/agent/invitation" "Mozilla/5.0 (iPhone; CPU iPhone OS 12_4_2 like Mac OS X) AppleWebKit/605.1.15 (KHTML, like Gecko) Mobile/15E148 MicroMessenger/7.0.17(0x17001127) NetType/4G Language/zh_CN" "-" 0.007 0.008
61.151.178.175 - - [23/Oct/2020:10:03:49 +0800] "GET /assets/dist/js/init.js?t=0.1.164 HTTP/1.1" 200 602 "http://mall.tlpara.cn:80/login/phone?rd=%2Fperson%2Fsetting%2Fpersoninfo" "Mozilla/5.0 (Linux; Android 4.4.4; Coolpad Y82-520 Build/KTU84P) AppleWebKit/537.36 (KHTML, like Gecko) Version/4.0 Chrome/33.0.0.0 Mobile Safari/537.36 MicroMessenger/6.5.4.1000 NetType/4G Language/zh_CN" "-" 0.000 -
139.207.54.34 - - [23/Oct/2020:10:03:50 +0800] "GET /agent/examine HTTP/1.1" 200 1987 "http://mall.tlpara.cn/agent/invitation" "Mozilla/5.0 (iPhone; CPU iPhone OS 12_4_2 like Mac OS X) AppleWebKit/605.1.15 (KHTML, like Gecko) Mobile/15E148 MicroMessenger/7.0.17(0x17001127) NetType/4G Language/zh_CN" "-" 0.048 0.047
139.207.54.34 - - [23/Oct/2020:10:03:50 +0800] "GET /js/jsConfig?url=http%3A%2F%2Fmall.tlpara.cn%2Fagent%2Fexamine&timestamp=1603418630&nonceStr=f88f5e09686628 HTTP/1.1" 200 233 "http://mall.tlpara.cn/agent/examine" "Mozilla/5.0 (iPhone; CPU iPhone OS 12_4_2 like Mac OS X) AppleWebKit/605.1.15 (KHTML, like Gecko) Mobile/15E148 MicroMessenger/7.0.17(0x17001127) NetType/4G Language/zh_CN" "-" 0.001 0.001
36.152.23.226 - - [23/Oct/2020:10:03:50 +0800] "GET /js/jsConfig?url=http%3A%2F%2Fmall.tlpara.cn%2Fagent%2Fcenter&timestamp=1603418629&nonceStr=202ef65fb6a01 HTTP/1.1" 200 232 "http://mall.tlpara.cn/agent/center" "Mozilla/5.0 (Linux; Android 10; Redmi K30 5G Build/QKQ1.191222.002; wv) AppleWebKit/537.36 (KHTML, like Gecko) Version/4.0 Chrome/77.0.3865.120 MQQBrowser/6.2 TBS/045409 Mobile Safari/537.36 MMWEBID/6501 MicroMessenger/7.0.19.1760(0x27001353) Process/tools WeChat/arm64 NetType/WIFI Language/zh_CN ABI/arm64" "-" 0.001 0.001
101.91.60.110 - - [23/Oct/2020:10:03:51 +0800] "GET /assets/dist/js/init.js?t=0.1.164 HTTP/1.1" 200 602 "http://mall.tlpara.cn:80/login/phone?rd=%2Fmc%2Flogistics%2Fsearch%2F5586195810205696%3Ftype%3D0" "Mozilla/5.0 (Linux; Android 4.4.4; HUAWEI ALE-CL00 Build/HuaweiALE-CL00; wv) AppleWebKit/537.36 (KHTML, like Gecko) Version/4.0 Chrome/53.0.2785.49 Mobile MQQBrowser/6.2 TBS/043024 Safari/537.36 MicroMessenger/6.5.4.1000 NetType/4G Language/zh_CN" "-" 0.000 -
61.129.6.145 - - [23/Oct/2020:10:03:51 +0800] "GET /login/phone?rd=%2Fagent%2Fself%2Fpurchase%2Fdetail%2F5587994321027072 HTTP/1.1" 200 5379 "http://mall.tlpara.cn/agent/self/purchase/detail/5587994321027072" "Mozilla/5.0 (Linux; Android 4.4.4; Coolpad Y82-520 Build/KTU84P) AppleWebKit/537.36 (KHTML, like Gecko) Version/4.0 Chrome/33.0.0.0 Mobile Safari/537.36 MicroMessenger/6.5.4.1000 NetType/4G Language/zh_CN" "-" 0.002 0.001
117.136.68.122 - - [23/Oct/2020:10:03:51 +0800] "GET /agent/valid/oCode HTTP/1.1" 200 33 "http://mall.tlpara.cn/agent/purchase/confirm" "Mozilla/5.0 (iPhone; CPU iPhone OS 13_6 like Mac OS X) AppleWebKit/605.1.15 (KHTML, like Gecko) Mobile/15E148 MicroMessenger/7.0.17(0x17001127) NetType/4G Language/zh_CN" "-" 0.004 0.003
117.136.68.122 - - [23/Oct/2020:10:03:51 +0800] "GET /agent/valid/balance/26000 HTTP/1.1" 200 35 "http://mall.tlpara.cn/agent/purchase/confirm" "Mozilla/5.0 (iPhone; CPU iPhone OS 13_6 like Mac OS X) AppleWebKit/605.1.15 (KHTML, like Gecko) Mobile/15E148 MicroMessenger/7.0.17(0x17001127) NetType/4G Language/zh_CN" "-" 0.013 0.013
117.136.68.122 - - [23/Oct/2020:10:03:51 +0800] "GET /agent/exists-password HTTP/1.1" 200 36 "http://mall.tlpara.cn/agent/purchase/confirm" "Mozilla/5.0 (iPhone; CPU iPhone OS 13_6 like Mac OS X) AppleWebKit/605.1.15 (KHTML, like Gecko) Mobile/15E148 MicroMessenger/7.0.17(0x17001127) NetType/4G Language/zh_CN" "-" 0.004 0.003
101.91.62.65 - - [23/Oct/2020:10:03:52 +0800] "GET /assets/dist/js/util/util.js?t=0.1.164 HTTP/1.1" 200 15780 "http://mall.tlpara.cn/home/product-list?classifyDirectoryIds=5335515037499392,5335514813480960" "Mozilla/5.0 (iPhone; CPU iPhone OS 10_2_1 like Mac OS X) AppleWebKit/602.4.6 (KHTML, like Gecko) Mobile/14D27 MicroMessenger/6.5.5 NetType/WIFI Language/zh_CN" "-" 0.000 -
125.118.112.194 - - [23/Oct/2020:10:03:53 +0800] "GET /home/task HTTP/1.1" 200 3920 "http://manage.tlpara.cn/agent" "Mozilla/5.0 (Windows NT 10.0; WOW64) AppleWebKit/537.36 (KHTML, like Gecko) Chrome/78.0.3904.108 Safari/537.36" "-" 0.006 0.006
60.177.62.208 - - [23/Oct/2020:10:03:53 +0800] "GET /bill/product-code-search?id=P68866184357745787726 HTTP/1.1" 200 121 "http://manage.tlpara.cn/bill/product-code-bind?id=5587994517569536" "Mozilla/5.0 (Windows NT 10.0; Win64; x64) AppleWebKit/537.36 (KHTML, like Gecko) Chrome/75.0.3770.142 Safari/537.36" "-" 0.005 0.005
210.22.133.173 - - [23/Oct/2020:10:03:54 +0800] "GET /auth/resp?code=091QPJml2FpjR54Bjpnl2DvTKw2QPJmT&state=wxf46e511ef9613b46 HTTP/1.1" 302 0 "-" "Mozilla/5.0 (Windows NT 10.0; WOW64) AppleWebKit/537.36 (KHTML, like Gecko) Chrome/53.0.2785.116 Safari/537.36 QBCore/4.0.1301.400 QQBrowser/9.0.2524.400 Mozilla/5.0 (Windows NT 6.1; WOW64) AppleWebKit/537.36 (KHTML, like Gecko) Chrome/53.0.2875.116 Safari/537.36 NetType/WIFI MicroMessenger/7.0.5 WindowsWechat" "-" 0.191 0.191
210.22.133.173 - - [23/Oct/2020:10:03:54 +0800] "GET /agent/ HTTP/1.1" 302 0 "-" "Mozilla/5.0 (Windows NT 10.0; WOW64) AppleWebKit/537.36 (KHTML, like Gecko) Chrome/53.0.2785.116 Safari/537.36 QBCore/4.0.1301.400 QQBrowser/9.0.2524.400 Mozilla/5.0 (Windows NT 6.1; WOW64) AppleWebKit/537.36 (KHTML, like Gecko) Chrome/53.0.2875.116 Safari/537.36 NetType/WIFI MicroMessenger/7.0.5 WindowsWechat" "-" 0.004 0.004
210.22.133.173 - - [23/Oct/2020:10:03:54 +0800] "GET /agent/center HTTP/1.1" 200 3327 "-" "Mozilla/5.0 (Windows NT 10.0; WOW64) AppleWebKit/537.36 (KHTML, like Gecko) Chrome/53.0.2785.116 Safari/537.36 QBCore/4.0.1301.400 QQBrowser/9.0.2524.400 Mozilla/5.0 (Windows NT 6.1; WOW64) AppleWebKit/537.36 (KHTML, like Gecko) Chrome/53.0.2875.116 Safari/537.36 NetType/WIFI MicroMessenger/7.0.5 WindowsWechat" "-" 0.091 0.092
210.22.133.173 - - [23/Oct/2020:10:03:54 +0800] "GET /assets/dist/img/a_c_bg.png HTTP/1.1" 200 22716 "http://mall.tlpara.cn/agent/center" "Mozilla/5.0 (Windows NT 10.0; WOW64) AppleWebKit/537.36 (KHTML, like Gecko) Chrome/53.0.2785.116 Safari/537.36 QBCore/4.0.1301.400 QQBrowser/9.0.2524.400 Mozilla/5.0 (Windows NT 6.1; WOW64) AppleWebKit/537.36 (KHTML, like Gecko) Chrome/53.0.2875.116 Safari/537.36 NetType/WIFI MicroMessenger/7.0.5 WindowsWechat" "-" 0.000 -
210.22.133.173 - - [23/Oct/2020:10:03:54 +0800] "GET /assets/dist/js/mc/index.js?t=0.1.164 HTTP/1.1" 200 2155 "http://mall.tlpara.cn/agent/center" "Mozilla/5.0 (Windows NT 10.0; WOW64) AppleWebKit/537.36 (KHTML, like Gecko) Chrome/53.0.2785.116 Safari/537.36 QBCore/4.0.1301.400 QQBrowser/9.0.2524.400 Mozilla/5.0 (Windows NT 6.1; WOW64) AppleWebKit/537.36 (KHTML, like Gecko) Chrome/53.0.2875.116 Safari/537.36 NetType/WIFI MicroMessenger/7.0.5 WindowsWechat" "-" 0.000 -
210.22.133.173 - - [23/Oct/2020:10:03:54 +0800] "GET /assets/dist/img/logo.jpg HTTP/1.1" 200 22411 "http://mall.tlpara.cn/agent/center" "Mozilla/5.0 (Windows NT 10.0; WOW64) AppleWebKit/537.36 (KHTML, like Gecko) Chrome/53.0.2785.116 Safari/537.36 QBCore/4.0.1301.400 QQBrowser/9.0.2524.400 Mozilla/5.0 (Windows NT 6.1; WOW64) AppleWebKit/537.36 (KHTML, like Gecko) Chrome/53.0.2875.116 Safari/537.36 NetType/WIFI MicroMessenger/7.0.5 WindowsWechat" "-" 0.000 -
210.22.133.173 - - [23/Oct/2020:10:03:54 +0800] "GET /assets/dist/img/a_c_vbg.png HTTP/1.1" 200 33410 "http://mall.tlpara.cn/assets/dist/css/ganroft.min.css?t=0.1.164" "Mozilla/5.0 (Windows NT 10.0; WOW64) AppleWebKit/537.36 (KHTML, like Gecko) Chrome/53.0.2785.116 Safari/537.36 QBCore/4.0.1301.400 QQBrowser/9.0.2524.400 Mozilla/5.0 (Windows NT 6.1; WOW64) AppleWebKit/537.36 (KHTML, like Gecko) Chrome/53.0.2875.116 Safari/537.36 NetType/WIFI MicroMessenger/7.0.5 WindowsWechat" "-" 0.000 -
210.22.133.173 - - [23/Oct/2020:10:03:54 +0800] "GET /js/jsConfig?url=http%3A%2F%2Fmall.tlpara.cn%2Fagent%2Fcenter&timestamp=1603418634&nonceStr=d2340b74942a1 HTTP/1.1" 200 232 "http://mall.tlpara.cn/agent/center" "Mozilla/5.0 (Windows NT 10.0; WOW64) AppleWebKit/537.36 (KHTML, like Gecko) Chrome/53.0.2785.116 Safari/537.36 QBCore/4.0.1301.400 QQBrowser/9.0.2524.400 Mozilla/5.0 (Windows NT 6.1; WOW64) AppleWebKit/537.36 (KHTML, like Gecko) Chrome/53.0.2875.116 Safari/537.36 NetType/WIFI MicroMessenger/7.0.5 WindowsWechat" "-" 0.002 0.000
125.118.112.194 - - [23/Oct/2020:10:03:54 +0800] "GET /home/task/page?limitSize=10&limitStart=0&type=-1&_=1603418635078 HTTP/1.1" 200 702 "http://manage.tlpara.cn/home/task" "Mozilla/5.0 (Windows NT 10.0; WOW64) AppleWebKit/537.36 (KHTML, like Gecko) Chrome/78.0.3904.108 Safari/537.36" "-" 0.006 0.006
101.226.225.85 - - [23/Oct/2020:10:03:54 +0800] "GET /agent/purchase/list?type=2 HTTP/1.1" 200 14680 "http://mall.tlpara.cn/agent/center" "Mozilla/5.0 (Linux; Android 10; Redmi K30 5G Build/QKQ1.191222.002; wv) AppleWebKit/537.36 (KHTML, like Gecko) Version/4.0 Chrome/77.0.3865.120 MQQBrowser/6.2 TBS/045409 Mobile Safari/537.36 MMWEBID/6501 MicroMessenger/7.0.19.1760(0x27001353) Process/tools WeChat/arm64 NetType/WIFI Language/zh_CN ABI/arm64" "36.152.23.226" 0.203 0.203
139.207.54.34 - - [23/Oct/2020:10:03:54 +0800] "GET /agent/examine/detail/5588800489766912 HTTP/1.1" 200 2106 "http://mall.tlpara.cn/agent/examine" "Mozilla/5.0 (iPhone; CPU iPhone OS 12_4_2 like Mac OS X) AppleWebKit/605.1.15 (KHTML, like Gecko) Mobile/15E148 MicroMessenger/7.0.17(0x17001127) NetType/4G Language/zh_CN" "-" 0.010 0.010
